Archive member included because of file (symbol)

c:/program files (x86)/atollic/truestudio for arm 5.4.0/armtools/bin/../lib/gcc/arm-atollic-eabi/4.8.3/../../../../arm-atollic-eabi/lib/armv7e-m/fpu\libc_s.a(lib_a-aeabi_atexit.o)
                              src\main.o (__aeabi_atexit)
c:/program files (x86)/atollic/truestudio for arm 5.4.0/armtools/bin/../lib/gcc/arm-atollic-eabi/4.8.3/../../../../arm-atollic-eabi/lib/armv7e-m/fpu\libc_s.a(lib_a-cxa_atexit.o)
                              c:/program files (x86)/atollic/truestudio for arm 5.4.0/armtools/bin/../lib/gcc/arm-atollic-eabi/4.8.3/../../../../arm-atollic-eabi/lib/armv7e-m/fpu\libc_s.a(lib_a-aeabi_atexit.o) (__cxa_atexit)
c:/program files (x86)/atollic/truestudio for arm 5.4.0/armtools/bin/../lib/gcc/arm-atollic-eabi/4.8.3/../../../../arm-atollic-eabi/lib/armv7e-m/fpu\libc_s.a(lib_a-errno.o)
                              src\syscalls.o (__errno)
c:/program files (x86)/atollic/truestudio for arm 5.4.0/armtools/bin/../lib/gcc/arm-atollic-eabi/4.8.3/../../../../arm-atollic-eabi/lib/armv7e-m/fpu\libc_s.a(lib_a-impure.o)
                              c:/program files (x86)/atollic/truestudio for arm 5.4.0/armtools/bin/../lib/gcc/arm-atollic-eabi/4.8.3/../../../../arm-atollic-eabi/lib/armv7e-m/fpu\libc_s.a(lib_a-errno.o) (_impure_ptr)
c:/program files (x86)/atollic/truestudio for arm 5.4.0/armtools/bin/../lib/gcc/arm-atollic-eabi/4.8.3/../../../../arm-atollic-eabi/lib/armv7e-m/fpu\libc_s.a(lib_a-init.o)
                              src\startup_stm32f411xe.o (__libc_init_array)
c:/program files (x86)/atollic/truestudio for arm 5.4.0/armtools/bin/../lib/gcc/arm-atollic-eabi/4.8.3/../../../../arm-atollic-eabi/lib/armv7e-m/fpu\libc_s.a(lib_a-memset.o)
                              Drivers\STM32F4xx_HAL_Driver\Src\stm32f4xx_hal_sd.o (memset)
c:/program files (x86)/atollic/truestudio for arm 5.4.0/armtools/bin/../lib/gcc/arm-atollic-eabi/4.8.3/../../../../arm-atollic-eabi/lib/armv7e-m/fpu\libc_s.a(lib_a-strlen.o)
                              src\tiny_printf.o (strlen)
c:/program files (x86)/atollic/truestudio for arm 5.4.0/armtools/bin/../lib/gcc/arm-atollic-eabi/4.8.3/../../../../arm-atollic-eabi/lib/armv7e-m/fpu\libstdc++_s.a(del_op.o)
                              src\eeprom.o (operator delete(void*))
c:/program files (x86)/atollic/truestudio for arm 5.4.0/armtools/bin/../lib/gcc/arm-atollic-eabi/4.8.3/../../../../arm-atollic-eabi/lib/armv7e-m/fpu\libc_s.a(lib_a-malloc.o)
                              c:/program files (x86)/atollic/truestudio for arm 5.4.0/armtools/bin/../lib/gcc/arm-atollic-eabi/4.8.3/../../../../arm-atollic-eabi/lib/armv7e-m/fpu\libstdc++_s.a(del_op.o) (free)
c:/program files (x86)/atollic/truestudio for arm 5.4.0/armtools/bin/../lib/gcc/arm-atollic-eabi/4.8.3/../../../../arm-atollic-eabi/lib/armv7e-m/fpu\libc_s.a(lib_a-nano-freer.o)
                              c:/program files (x86)/atollic/truestudio for arm 5.4.0/armtools/bin/../lib/gcc/arm-atollic-eabi/4.8.3/../../../../arm-atollic-eabi/lib/armv7e-m/fpu\libc_s.a(lib_a-malloc.o) (_free_r)
c:/program files (x86)/atollic/truestudio for arm 5.4.0/armtools/bin/../lib/gcc/arm-atollic-eabi/4.8.3/../../../../arm-atollic-eabi/lib/armv7e-m/fpu\libc_s.a(lib_a-nano-mallocr.o)
                              c:/program files (x86)/atollic/truestudio for arm 5.4.0/armtools/bin/../lib/gcc/arm-atollic-eabi/4.8.3/../../../../arm-atollic-eabi/lib/armv7e-m/fpu\libc_s.a(lib_a-malloc.o) (_malloc_r)
c:/program files (x86)/atollic/truestudio for arm 5.4.0/armtools/bin/../lib/gcc/arm-atollic-eabi/4.8.3/../../../../arm-atollic-eabi/lib/armv7e-m/fpu\libc_s.a(lib_a-sbrkr.o)
                              c:/program files (x86)/atollic/truestudio for arm 5.4.0/armtools/bin/../lib/gcc/arm-atollic-eabi/4.8.3/../../../../arm-atollic-eabi/lib/armv7e-m/fpu\libc_s.a(lib_a-nano-mallocr.o) (_sbrk_r)
c:/program files (x86)/atollic/truestudio for arm 5.4.0/armtools/bin/../lib/gcc/arm-atollic-eabi/4.8.3/../../../../arm-atollic-eabi/lib/armv7e-m/fpu\libc_s.a(lib_a-reent.o)
                              c:/program files (x86)/atollic/truestudio for arm 5.4.0/armtools/bin/../lib/gcc/arm-atollic-eabi/4.8.3/../../../../arm-atollic-eabi/lib/armv7e-m/fpu\libc_s.a(lib_a-sbrkr.o) (errno)

Allocating common symbols
Common symbol       size              file

errno               0x4               c:/program files (x86)/atollic/truestudio for arm 5.4.0/armtools/bin/../lib/gcc/arm-atollic-eabi/4.8.3/../../../../arm-atollic-eabi/lib/armv7e-m/fpu\libc_s.a(lib_a-reent.o)
uwTick              0x4               Drivers\STM32F4xx_HAL_Driver\Src\stm32f4xx_hal.o
pFlash              0x20              Drivers\STM32F4xx_HAL_Driver\Src\stm32f4xx_hal_flash.o

Discarded input sections

 .text          0x00000000        0x0 c:/program files (x86)/atollic/truestudio for arm 5.4.0/armtools/bin/../lib/gcc/arm-atollic-eabi/4.8.3/armv7e-m/fpu/crti.o
[...]
Memory Configuration

Name             Origin             Length             Attributes
FLASH            0x08000000         0x00080000         xr
RAM              0x20000000         0x00020000         xrw
MEMORY_B1        0x60000000         0x00000000         xr
CCMRAM           0x10000000         0x00010000         rw
*default*        0x00000000         0xffffffff

Linker script and memory map

LOAD c:/program files (x86)/atollic/truestudio for arm 5.4.0/armtools/bin/../lib/gcc/arm-atollic-eabi/4.8.3/armv7e-m/fpu/crti.o
LOAD c:/program files (x86)/atollic/truestudio for arm 5.4.0/armtools/bin/../lib/gcc/arm-atollic-eabi/4.8.3/armv7e-m/fpu/crtbegin.o
LOAD src\tiny_printf.o
LOAD src\system_stm32f4xx.o
LOAD src\syscalls.o
LOAD src\stm32f4xx_it.o
LOAD src\stm32f4xx_hal_msp.o
LOAD src\startup_stm32f411xe.o
LOAD src\main.o
LOAD src\eeprom.o
LOAD Drivers\STM32F4xx_HAL_Driver\Src\stm32f4xx_ll_usb.o
LOAD Drivers\STM32F4xx_HAL_Driver\Src\stm32f4xx_ll_sdmmc.o
LOAD Drivers\STM32F4xx_HAL_Driver\Src\stm32f4xx_ll_fsmc.o
LOAD Drivers\STM32F4xx_HAL_Driver\Src\stm32f4xx_ll_fmc.o
LOAD Drivers\STM32F4xx_HAL_Driver\Src\stm32f4xx_hal_wwdg.o
LOAD Drivers\STM32F4xx_HAL_Driver\Src\stm32f4xx_hal_usart.o
LOAD Drivers\STM32F4xx_HAL_Driver\Src\stm32f4xx_hal_uart.o
LOAD Drivers\STM32F4xx_HAL_Driver\Src\stm32f4xx_hal_tim_ex.o
LOAD Drivers\STM32F4xx_HAL_Driver\Src\stm32f4xx_hal_tim.o
LOAD Drivers\STM32F4xx_HAL_Driver\Src\stm32f4xx_hal_sram.o
LOAD Drivers\STM32F4xx_HAL_Driver\Src\stm32f4xx_hal_spi.o
LOAD Drivers\STM32F4xx_HAL_Driver\Src\stm32f4xx_hal_spdifrx.o
LOAD Drivers\STM32F4xx_HAL_Driver\Src\stm32f4xx_hal_smartcard.o
LOAD Drivers\STM32F4xx_HAL_Driver\Src\stm32f4xx_hal_sdram.o
LOAD Drivers\STM32F4xx_HAL_Driver\Src\stm32f4xx_hal_sd.o
LOAD Drivers\STM32F4xx_HAL_Driver\Src\stm32f4xx_hal_sai_ex.o
LOAD Drivers\STM32F4xx_HAL_Driver\Src\stm32f4xx_hal_sai.o
LOAD Drivers\STM32F4xx_HAL_Driver\Src\stm32f4xx_hal_rtc_ex.o
LOAD Drivers\STM32F4xx_HAL_Driver\Src\stm32f4xx_hal_rtc.o
LOAD Drivers\STM32F4xx_HAL_Driver\Src\stm32f4xx_hal_rng.o
LOAD Drivers\STM32F4xx_HAL_Driver\Src\stm32f4xx_hal_rcc_ex.o
LOAD Drivers\STM32F4xx_HAL_Driver\Src\stm32f4xx_hal_rcc.o
LOAD Drivers\STM32F4xx_HAL_Driver\Src\stm32f4xx_hal_qspi.o
LOAD Drivers\STM32F4xx_HAL_Driver\Src\stm32f4xx_hal_pwr_ex.o
LOAD Drivers\STM32F4xx_HAL_Driver\Src\stm32f4xx_hal_pwr.o
LOAD Drivers\STM32F4xx_HAL_Driver\Src\stm32f4xx_hal_pcd_ex.o
LOAD Drivers\STM32F4xx_HAL_Driver\Src\stm32f4xx_hal_pcd.o
LOAD Drivers\STM32F4xx_HAL_Driver\Src\stm32f4xx_hal_pccard.o
LOAD Drivers\STM32F4xx_HAL_Driver\Src\stm32f4xx_hal_nor.o
LOAD Drivers\STM32F4xx_HAL_Driver\Src\stm32f4xx_hal_nand.o
LOAD Drivers\STM32F4xx_HAL_Driver\Src\stm32f4xx_hal_msp_template.o
LOAD Drivers\STM32F4xx_HAL_Driver\Src\stm32f4xx_hal_ltdc_ex.o
LOAD Drivers\STM32F4xx_HAL_Driver\Src\stm32f4xx_hal_ltdc.o
LOAD Drivers\STM32F4xx_HAL_Driver\Src\stm32f4xx_hal_lptim.o
LOAD Drivers\STM32F4xx_HAL_Driver\Src\stm32f4xx_hal_iwdg.o
LOAD Drivers\STM32F4xx_HAL_Driver\Src\stm32f4xx_hal_irda.o
LOAD Drivers\STM32F4xx_HAL_Driver\Src\stm32f4xx_hal_i2s_ex.o
LOAD Drivers\STM32F4xx_HAL_Driver\Src\stm32f4xx_hal_i2s.o
LOAD Drivers\STM32F4xx_HAL_Driver\Src\stm32f4xx_hal_i2c_ex.o
LOAD Drivers\STM32F4xx_HAL_Driver\Src\stm32f4xx_hal_i2c.o
LOAD Drivers\STM32F4xx_HAL_Driver\Src\stm32f4xx_hal_hcd.o
LOAD Drivers\STM32F4xx_HAL_Driver\Src\stm32f4xx_hal_hash_ex.o
LOAD Drivers\STM32F4xx_HAL_Driver\Src\stm32f4xx_hal_hash.o
LOAD Drivers\STM32F4xx_HAL_Driver\Src\stm32f4xx_hal_gpio.o
LOAD Drivers\STM32F4xx_HAL_Driver\Src\stm32f4xx_hal_fmpi2c_ex.o
LOAD Drivers\STM32F4xx_HAL_Driver\Src\stm32f4xx_hal_fmpi2c.o
LOAD Drivers\STM32F4xx_HAL_Driver\Src\stm32f4xx_hal_flash_ramfunc.o
LOAD Drivers\STM32F4xx_HAL_Driver\Src\stm32f4xx_hal_flash_ex.o
LOAD Drivers\STM32F4xx_HAL_Driver\Src\stm32f4xx_hal_flash.o
LOAD Drivers\STM32F4xx_HAL_Driver\Src\stm32f4xx_hal_eth.o
LOAD Drivers\STM32F4xx_HAL_Driver\Src\stm32f4xx_hal_dsi.o
LOAD Drivers\STM32F4xx_HAL_Driver\Src\stm32f4xx_hal_dma_ex.o
LOAD Drivers\STM32F4xx_HAL_Driver\Src\stm32f4xx_hal_dma2d.o
LOAD Drivers\STM32F4xx_HAL_Driver\Src\stm32f4xx_hal_dma.o
LOAD Drivers\STM32F4xx_HAL_Driver\Src\stm32f4xx_hal_dcmi_ex.o
LOAD Drivers\STM32F4xx_HAL_Driver\Src\stm32f4xx_hal_dcmi.o
LOAD Drivers\STM32F4xx_HAL_Driver\Src\stm32f4xx_hal_dac_ex.o
LOAD Drivers\STM32F4xx_HAL_Driver\Src\stm32f4xx_hal_dac.o
LOAD Drivers\STM32F4xx_HAL_Driver\Src\stm32f4xx_hal_cryp_ex.o
LOAD Drivers\STM32F4xx_HAL_Driver\Src\stm32f4xx_hal_cryp.o
LOAD Drivers\STM32F4xx_HAL_Driver\Src\stm32f4xx_hal_crc.o
LOAD Drivers\STM32F4xx_HAL_Driver\Src\stm32f4xx_hal_cortex.o
LOAD Drivers\STM32F4xx_HAL_Driver\Src\stm32f4xx_hal_cec.o
LOAD Drivers\STM32F4xx_HAL_Driver\Src\stm32f4xx_hal_can.o
LOAD Drivers\STM32F4xx_HAL_Driver\Src\stm32f4xx_hal_adc_ex.o
LOAD Drivers\STM32F4xx_HAL_Driver\Src\stm32f4xx_hal_adc.o
LOAD Drivers\STM32F4xx_HAL_Driver\Src\stm32f4xx_hal.o
START GROUP
LOAD c:/program files (x86)/atollic/truestudio for arm 5.4.0/armtools/bin/../lib/gcc/arm-atollic-eabi/4.8.3/../../../../arm-atollic-eabi/lib/armv7e-m/fpu\libc_s.a
LOAD c:/program files (x86)/atollic/truestudio for arm 5.4.0/armtools/bin/../lib/gcc/arm-atollic-eabi/4.8.3/../../../../arm-atollic-eabi/lib/armv7e-m/fpu\libstdc++_s.a
LOAD c:/program files (x86)/atollic/truestudio for arm 5.4.0/armtools/bin/../lib/gcc/arm-atollic-eabi/4.8.3/../../../../arm-atollic-eabi/lib/armv7e-m/fpu\libsupc++_s.a
END GROUP
                0x00001000                malloc_getpagesize_P = 0x1000
LOAD c:/program files (x86)/atollic/truestudio for arm 5.4.0/armtools/bin/../lib/gcc/arm-atollic-eabi/4.8.3/../../../../arm-atollic-eabi/lib/armv7e-m/fpu\libstdc++.a
LOAD c:/program files (x86)/atollic/truestudio for arm 5.4.0/armtools/bin/../lib/gcc/arm-atollic-eabi/4.8.3/../../../../arm-atollic-eabi/lib/armv7e-m/fpu\libm.a
START GROUP
LOAD c:/program files (x86)/atollic/truestudio for arm 5.4.0/armtools/bin/../lib/gcc/arm-atollic-eabi/4.8.3/armv7e-m/fpu\libgcc.a
LOAD c:/program files (x86)/atollic/truestudio for arm 5.4.0/armtools/bin/../lib/gcc/arm-atollic-eabi/4.8.3/../../../../arm-atollic-eabi/lib/armv7e-m/fpu\libc.a
END GROUP
LOAD c:/program files (x86)/atollic/truestudio for arm 5.4.0/armtools/bin/../lib/gcc/arm-atollic-eabi/4.8.3/armv7e-m/fpu/crtend.o
LOAD c:/program files (x86)/atollic/truestudio for arm 5.4.0/armtools/bin/../lib/gcc/arm-atollic-eabi/4.8.3/armv7e-m/fpu/crtn.o
                0x20020000                _estack = 0x20020000
                0x00000000                _Min_Heap_Size = 0x0
                0x00000400                _Min_Stack_Size = 0x400

.isr_vector     0x08000000      0x198
                0x08000000                . = ALIGN (0x4)
 *(.isr_vector)
 .isr_vector    0x08000000      0x198 src\startup_stm32f411xe.o
                0x08000000                g_pfnVectors
                0x08000198                . = ALIGN (0x4)

.text           0x08000198     0x2234
                0x08000198                . = ALIGN (0x4)
 *(.text)
 .text          0x08000198       0x40 c:/program files (x86)/atollic/truestudio for arm 5.4.0/armtools/bin/../lib/gcc/arm-atollic-eabi/4.8.3/armv7e-m/fpu/crtbegin.o
 *(.text*)
 .text.SystemInit
                0x080001d8       0x6c src\system_stm32f4xx.o
                0x080001d8                SystemInit
 .text.NMI_Handler
                0x08000244        0xc src\stm32f4xx_it.o
                0x08000244                NMI_Handler
 .text.HardFault_Handler
                0x08000250        0x8 src\stm32f4xx_it.o
                0x08000250                HardFault_Handler
 .text.MemManage_Handler
                0x08000258        0x8 src\stm32f4xx_it.o
                0x08000258                MemManage_Handler
 .text.BusFault_Handler
                0x08000260        0x8 src\stm32f4xx_it.o
                0x08000260                BusFault_Handler
 .text.UsageFault_Handler
                0x08000268        0x8 src\stm32f4xx_it.o
                0x08000268                UsageFault_Handler
 .text.SVC_Handler
                0x08000270        0xc src\stm32f4xx_it.o
                0x08000270                SVC_Handler
 .text.DebugMon_Handler
                0x0800027c        0xc src\stm32f4xx_it.o
                0x0800027c                DebugMon_Handler
 .text.PendSV_Handler
                0x08000288        0xc src\stm32f4xx_it.o
                0x08000288                PendSV_Handler
 .text.SysTick_Handler
                0x08000294       0x10 src\stm32f4xx_it.o
                0x08000294                SysTick_Handler
 .text.HAL_MspInit
                0x080002a4       0x60 src\stm32f4xx_hal_msp.o
                0x080002a4                HAL_MspInit
 .text.HAL_I2C_MspInit
                0x08000304       0x64 src\stm32f4xx_hal_msp.o
                0x08000304                HAL_I2C_MspInit
 .text.Reset_Handler
                0x08000368       0x58 src\startup_stm32f411xe.o
                0x08000368                Reset_Handler
 .text.Default_Handler
                0x080003c0        0x4 src\startup_stm32f411xe.o
                0x080003c0                RTC_Alarm_IRQHandler
                0x080003c0                EXTI2_IRQHandler
                0x080003c0                SPI4_IRQHandler
                0x080003c0                TIM1_CC_IRQHandler
                0x080003c0                DMA2_Stream5_IRQHandler
                0x080003c0                DMA1_Stream5_IRQHandler
                0x080003c0                PVD_IRQHandler
                0x080003c0                SDIO_IRQHandler
                0x080003c0                TAMP_STAMP_IRQHandler
                0x080003c0                EXTI3_IRQHandler
                0x080003c0                TIM1_UP_TIM10_IRQHandler
                0x080003c0                I2C3_ER_IRQHandler
                0x080003c0                EXTI0_IRQHandler
                0x080003c0                I2C2_EV_IRQHandler
                0x080003c0                DMA1_Stream2_IRQHandler
                0x080003c0                FPU_IRQHandler
                0x080003c0                DMA2_Stream2_IRQHandler
                0x080003c0                SPI1_IRQHandler
                0x080003c0                TIM1_BRK_TIM9_IRQHandler
                0x080003c0                DMA2_Stream3_IRQHandler
                0x080003c0                USART6_IRQHandler
                0x080003c0                DMA2_Stream0_IRQHandler
                0x080003c0                TIM4_IRQHandler
                0x080003c0                I2C1_EV_IRQHandler
                0x080003c0                DMA1_Stream6_IRQHandler
                0x080003c0                DMA1_Stream1_IRQHandler
                0x080003c0                TIM3_IRQHandler
                0x080003c0                RCC_IRQHandler
                0x080003c0                Default_Handler
                0x080003c0                EXTI15_10_IRQHandler
                0x080003c0                ADC_IRQHandler
                0x080003c0                DMA1_Stream7_IRQHandler
                0x080003c0                SPI5_IRQHandler
                0x080003c0                TIM5_IRQHandler
                0x080003c0                DMA2_Stream7_IRQHandler
                0x080003c0                I2C3_EV_IRQHandler
                0x080003c0                EXTI9_5_IRQHandler
                0x080003c0                RTC_WKUP_IRQHandler
                0x080003c0                SPI2_IRQHandler
                0x080003c0                DMA1_Stream0_IRQHandler
                0x080003c0                EXTI4_IRQHandler
                0x080003c0                WWDG_IRQHandler
                0x080003c0                TIM2_IRQHandler
                0x080003c0                OTG_FS_WKUP_IRQHandler
                0x080003c0                TIM1_TRG_COM_TIM11_IRQHandler
                0x080003c0                EXTI1_IRQHandler
                0x080003c0                USART2_IRQHandler
                0x080003c0                I2C2_ER_IRQHandler
                0x080003c0                DMA2_Stream1_IRQHandler
                0x080003c0                FLASH_IRQHandler
                0x080003c0                DMA2_Stream4_IRQHandler
                0x080003c0                USART1_IRQHandler
                0x080003c0                OTG_FS_IRQHandler
                0x080003c0                SPI3_IRQHandler
                0x080003c0                DMA1_Stream4_IRQHandler
                0x080003c0                I2C1_ER_IRQHandler
                0x080003c0                DMA2_Stream6_IRQHandler
                0x080003c0                DMA1_Stream3_IRQHandler
 .text.main     0x080003c4       0x70 src\main.o
                0x080003c4                main
 .text._Z18SystemClock_Configv
                0x08000434       0xd8 src\main.o
                0x08000434                SystemClock_Config()
 .text._ZL12MX_I2C1_Initv
                0x0800050c       0x64 src\main.o
 .text._ZL12MX_GPIO_Initv
                0x08000570       0x74 src\main.o
 .text._Z13Error_Handlerv
                0x080005e4        0x8 src\main.o
                0x080005e4                Error_Handler()
 .text._Z41__static_initialization_and_destruction_0ii
                0x080005ec       0x3c src\main.o
 .text._GLOBAL__sub_I_hi2c1
                0x08000628       0x10 src\main.o
 .text._ZN6EepromC2Ev
                0x08000638       0x20 src\eeprom.o
                0x08000638                Eeprom::Eeprom()
                0x08000638                Eeprom::Eeprom()
 .text._ZN6EepromD2Ev
                0x08000658       0x28 src\eeprom.o
                0x08000658                Eeprom::~Eeprom()
                0x08000658                Eeprom::~Eeprom()
 .text._ZN6EepromD0Ev
                0x08000680       0x20 src\eeprom.o
                0x08000680                Eeprom::~Eeprom()
 .text._ZN6Eeprom5beginEP17I2C_HandleTypeDef
                0x080006a0       0x1c src\eeprom.o
                0x080006a0                Eeprom::begin(I2C_HandleTypeDef*)
 .text._ZN6Eeprom10readEEPROMEtPht
                0x080006bc       0xb0 src\eeprom.o
                0x080006bc                Eeprom::readEEPROM(unsigned short, unsigned char*, unsigned short)
 .text._ZN6Eeprom11writeEEPROMEtPht
                0x0800076c       0xb0 src\eeprom.o
                0x0800076c                Eeprom::writeEEPROM(unsigned short, unsigned char*, unsigned short)
 .text.HAL_RCC_OscConfig
                0x0800081c      0x424 Drivers\STM32F4xx_HAL_Driver\Src\stm32f4xx_hal_rcc.o
                0x0800081c                HAL_RCC_OscConfig
 .text.HAL_RCC_ClockConfig
                0x08000c40      0x1e8 Drivers\STM32F4xx_HAL_Driver\Src\stm32f4xx_hal_rcc.o
                0x08000c40                HAL_RCC_ClockConfig
 .text.HAL_RCC_GetSysClockFreq
                0x08000e28       0xfc Drivers\STM32F4xx_HAL_Driver\Src\stm32f4xx_hal_rcc.o
                0x08000e28                HAL_RCC_GetSysClockFreq
 .text.HAL_RCC_GetHCLKFreq
                0x08000f24       0x4c Drivers\STM32F4xx_HAL_Driver\Src\stm32f4xx_hal_rcc.o
                0x08000f24                HAL_RCC_GetHCLKFreq
 .text.HAL_RCC_GetPCLK1Freq
                0x08000f70       0x44 Drivers\STM32F4xx_HAL_Driver\Src\stm32f4xx_hal_rcc.o
                0x08000f70                HAL_RCC_GetPCLK1Freq
 .text.HAL_I2C_Init
                0x08000fb4      0x1c0 Drivers\STM32F4xx_HAL_Driver\Src\stm32f4xx_hal_i2c.o
                0x08000fb4                HAL_I2C_Init
 .text.HAL_I2C_Mem_Write
                0x08001174      0x18c Drivers\STM32F4xx_HAL_Driver\Src\stm32f4xx_hal_i2c.o
                0x08001174                HAL_I2C_Mem_Write
 .text.HAL_I2C_Mem_Read
                0x08001300      0x330 Drivers\STM32F4xx_HAL_Driver\Src\stm32f4xx_hal_i2c.o
                0x08001300                HAL_I2C_Mem_Read
 .text.I2C_RequestMemoryWrite
                0x08001630      0x110 Drivers\STM32F4xx_HAL_Driver\Src\stm32f4xx_hal_i2c.o
 .text.I2C_RequestMemoryRead
                0x08001740      0x1a4 Drivers\STM32F4xx_HAL_Driver\Src\stm32f4xx_hal_i2c.o
 .text.I2C_WaitOnFlagUntilTimeout
                0x080018e4      0x120 Drivers\STM32F4xx_HAL_Driver\Src\stm32f4xx_hal_i2c.o
 .text.I2C_WaitOnMasterAddressFlagUntilTimeout
                0x08001a04       0xe4 Drivers\STM32F4xx_HAL_Driver\Src\stm32f4xx_hal_i2c.o
 .text.I2C_WaitOnTXEFlagUntilTimeout
                0x08001ae8       0x80 Drivers\STM32F4xx_HAL_Driver\Src\stm32f4xx_hal_i2c.o
 .text.I2C_WaitOnRXNEFlagUntilTimeout
                0x08001b68       0x9c Drivers\STM32F4xx_HAL_Driver\Src\stm32f4xx_hal_i2c.o
 .text.I2C_IsAcknowledgeFailed
                0x08001c04       0x50 Drivers\STM32F4xx_HAL_Driver\Src\stm32f4xx_hal_i2c.o
 .text.HAL_GPIO_Init
                0x08001c54      0x304 Drivers\STM32F4xx_HAL_Driver\Src\stm32f4xx_hal_gpio.o
                0x08001c54                HAL_GPIO_Init
 .text.HAL_GPIO_WritePin
                0x08001f58       0x30 Drivers\STM32F4xx_HAL_Driver\Src\stm32f4xx_hal_gpio.o
                0x08001f58                HAL_GPIO_WritePin
 .text.HAL_GPIO_TogglePin
                0x08001f88       0x24 Drivers\STM32F4xx_HAL_Driver\Src\stm32f4xx_hal_gpio.o
                0x08001f88                HAL_GPIO_TogglePin
 .text.NVIC_SetPriorityGrouping
                0x08001fac       0x48 Drivers\STM32F4xx_HAL_Driver\Src\stm32f4xx_hal_cortex.o
 .text.NVIC_GetPriorityGrouping
                0x08001ff4       0x1c Drivers\STM32F4xx_HAL_Driver\Src\stm32f4xx_hal_cortex.o
 .text.NVIC_SetPriority
                0x08002010       0x54 Drivers\STM32F4xx_HAL_Driver\Src\stm32f4xx_hal_cortex.o
 .text.NVIC_EncodePriority
                0x08002064       0x64 Drivers\STM32F4xx_HAL_Driver\Src\stm32f4xx_hal_cortex.o
 .text.SysTick_Config
                0x080020c8       0x44 Drivers\STM32F4xx_HAL_Driver\Src\stm32f4xx_hal_cortex.o
 .text.HAL_NVIC_SetPriorityGrouping
                0x0800210c       0x14 Drivers\STM32F4xx_HAL_Driver\Src\stm32f4xx_hal_cortex.o
                0x0800210c                HAL_NVIC_SetPriorityGrouping
 .text.HAL_NVIC_SetPriority
                0x08002120       0x38 Drivers\STM32F4xx_HAL_Driver\Src\stm32f4xx_hal_cortex.o
                0x08002120                HAL_NVIC_SetPriority
 .text.HAL_SYSTICK_Config
                0x08002158       0x18 Drivers\STM32F4xx_HAL_Driver\Src\stm32f4xx_hal_cortex.o
                0x08002158                HAL_SYSTICK_Config
 .text.HAL_SYSTICK_CLKSourceConfig
                0x08002170       0x38 Drivers\STM32F4xx_HAL_Driver\Src\stm32f4xx_hal_cortex.o
                0x08002170                HAL_SYSTICK_CLKSourceConfig
 .text.HAL_SYSTICK_IRQHandler
                0x080021a8        0xc Drivers\STM32F4xx_HAL_Driver\Src\stm32f4xx_hal_cortex.o
                0x080021a8                HAL_SYSTICK_IRQHandler
 .text.HAL_SYSTICK_Callback
                0x080021b4        0xc Drivers\STM32F4xx_HAL_Driver\Src\stm32f4xx_hal_cortex.o
                0x080021b4                HAL_SYSTICK_Callback
 .text.HAL_Init
                0x080021c0       0x44 Drivers\STM32F4xx_HAL_Driver\Src\stm32f4xx_hal.o
                0x080021c0                HAL_Init
 .text.HAL_InitTick
                0x08002204       0x38 Drivers\STM32F4xx_HAL_Driver\Src\stm32f4xx_hal.o
                0x08002204                HAL_InitTick
 .text.HAL_IncTick
                0x0800223c       0x1c Drivers\STM32F4xx_HAL_Driver\Src\stm32f4xx_hal.o
                0x0800223c                HAL_IncTick
 .text.HAL_GetTick
                0x08002258       0x18 Drivers\STM32F4xx_HAL_Driver\Src\stm32f4xx_hal.o
                0x08002258                HAL_GetTick
 .text.HAL_Delay
                0x08002270       0x2c Drivers\STM32F4xx_HAL_Driver\Src\stm32f4xx_hal.o
                0x08002270                HAL_Delay
 .text.__aeabi_atexit
                0x0800229c        0xa c:/program files (x86)/atollic/truestudio for arm 5.4.0/armtools/bin/../lib/gcc/arm-atollic-eabi/4.8.3/../../../../arm-atollic-eabi/lib/armv7e-m/fpu\libc_s.a(lib_a-aeabi_atexit.o)
                0x0800229c                __aeabi_atexit
 *fill*         0x080022a6        0x2 
 .text.__cxa_atexit
                0x080022a8       0x20 c:/program files (x86)/atollic/truestudio for arm 5.4.0/armtools/bin/../lib/gcc/arm-atollic-eabi/4.8.3/../../../../arm-atollic-eabi/lib/armv7e-m/fpu\libc_s.a(lib_a-cxa_atexit.o)
                0x080022a8                __cxa_atexit
 .text.__libc_init_array
                0x080022c8       0x4c c:/program files (x86)/atollic/truestudio for arm 5.4.0/armtools/bin/../lib/gcc/arm-atollic-eabi/4.8.3/../../../../arm-atollic-eabi/lib/armv7e-m/fpu\libc_s.a(lib_a-init.o)
                0x080022c8                __libc_init_array
 .text._ZdlPv   0x08002314        0x8 c:/program files (x86)/atollic/truestudio for arm 5.4.0/armtools/bin/../lib/gcc/arm-atollic-eabi/4.8.3/../../../../arm-atollic-eabi/lib/armv7e-m/fpu\libstdc++_s.a(del_op.o)
                0x08002314                operator delete(void*)
 .text.free     0x0800231c       0x10 c:/program files (x86)/atollic/truestudio for arm 5.4.0/armtools/bin/../lib/gcc/arm-atollic-eabi/4.8.3/../../../../arm-atollic-eabi/lib/armv7e-m/fpu\libc_s.a(lib_a-malloc.o)
                0x0800231c                free
 .text._free_r  0x0800232c       0x88 c:/program files (x86)/atollic/truestudio for arm 5.4.0/armtools/bin/../lib/gcc/arm-atollic-eabi/4.8.3/../../../../arm-atollic-eabi/lib/armv7e-m/fpu\libc_s.a(lib_a-nano-freer.o)
                0x0800232c                _free_r
 *(.glue_7)
 .glue_7        0x00000000        0x0 linker stubs
 *(.glue_7t)
 .glue_7t       0x00000000        0x0 linker stubs
 *(.eh_frame)
 .eh_frame      0x080023b4        0x0 c:/program files (x86)/atollic/truestudio for arm 5.4.0/armtools/bin/../lib/gcc/arm-atollic-eabi/4.8.3/armv7e-m/fpu/crtbegin.o
 *(.init)
 .init          0x080023b4        0x4 c:/program files (x86)/atollic/truestudio for arm 5.4.0/armtools/bin/../lib/gcc/arm-atollic-eabi/4.8.3/armv7e-m/fpu/crti.o
                0x080023b4                _init
 .init          0x080023b8        0x8 c:/program files (x86)/atollic/truestudio for arm 5.4.0/armtools/bin/../lib/gcc/arm-atollic-eabi/4.8.3/armv7e-m/fpu/crtn.o
 *(.fini)
 .fini          0x080023c0        0x4 c:/program files (x86)/atollic/truestudio for arm 5.4.0/armtools/bin/../lib/gcc/arm-atollic-eabi/4.8.3/armv7e-m/fpu/crti.o
                0x080023c0                _fini
 .fini          0x080023c4        0x8 c:/program files (x86)/atollic/truestudio for arm 5.4.0/armtools/bin/../lib/gcc/arm-atollic-eabi/4.8.3/armv7e-m/fpu/crtn.o
                0x080023cc                . = ALIGN (0x4)
                0x080023cc                _etext = .

.vfp11_veneer   0x080023cc        0x0
 .vfp11_veneer  0x00000000        0x0 linker stubs

.v4_bx          0x080023cc        0x0
 .v4_bx         0x00000000        0x0 linker stubs

.iplt           0x080023cc        0x0
 .iplt          0x00000000        0x0 c:/program files (x86)/atollic/truestudio for arm 5.4.0/armtools/bin/../lib/gcc/arm-atollic-eabi/4.8.3/armv7e-m/fpu/crtbegin.o

.rodata         0x080023d0       0x24
                0x080023d0                . = ALIGN (0x4)
 *(.rodata)
 *(.rodata*)
 .rodata._ZTV6Eeprom
                0x080023d0       0x10 src\eeprom.o
                0x080023d0                vtable for Eeprom
 .rodata.APBAHBPrescTable
                0x080023e0       0x10 Drivers\STM32F4xx_HAL_Driver\Src\stm32f4xx_hal_rcc.o
                0x080023e0                APBAHBPrescTable
 .rodata.str1.1
                0x080023f0        0x2 c:/program files (x86)/atollic/truestudio for arm 5.4.0/armtools/bin/../lib/gcc/arm-atollic-eabi/4.8.3/../../../../arm-atollic-eabi/lib/armv7e-m/fpu\libc_s.a(lib_a-impure.o)
                0x080023f4                . = ALIGN (0x4)
 *fill*         0x080023f2        0x2 

.rel.dyn        0x080023f4        0x0
 .rel.iplt      0x00000000        0x0 c:/program files (x86)/atollic/truestudio for arm 5.4.0/armtools/bin/../lib/gcc/arm-atollic-eabi/4.8.3/armv7e-m/fpu/crtbegin.o

.ARM.extab
 *(.ARM.extab* .gnu.linkonce.armextab.*)

.ARM            0x080023f4        0x0
                0x080023f4                __exidx_start = .
 *(.ARM.exidx*)
                0x080023f4                __exidx_end = .

.preinit_array  0x080023f4        0x0
                0x080023f4                PROVIDE (__preinit_array_start, .)
 *(.preinit_array*)
                0x080023f4                PROVIDE (__preinit_array_end, .)

.init_array     0x080023f4        0x8
                0x080023f4                PROVIDE (__init_array_start, .)
 *(SORT(.init_array.*))
 *(.init_array*)
 .init_array    0x080023f4        0x4 c:/program files (x86)/atollic/truestudio for arm 5.4.0/armtools/bin/../lib/gcc/arm-atollic-eabi/4.8.3/armv7e-m/fpu/crtbegin.o
 .init_array    0x080023f8        0x4 src\main.o
                0x080023fc                PROVIDE (__init_array_end, .)

.fini_array     0x080023fc        0x4
                0x080023fc                PROVIDE (__fini_array_start, .)
 *(SORT(.fini_array.*))
 *(.fini_array*)
 .fini_array    0x080023fc        0x4 c:/program files (x86)/atollic/truestudio for arm 5.4.0/armtools/bin/../lib/gcc/arm-atollic-eabi/4.8.3/armv7e-m/fpu/crtbegin.o
                0x08002400                PROVIDE (__fini_array_end, .)
                0x08002400                _sidata = LOADADDR (.data)

.data           0x20000000       0x6c load address 0x08002400
                0x20000000                . = ALIGN (0x4)
                0x20000000                _sdata = .
 *(.data)
 .data          0x20000000        0x4 c:/program files (x86)/atollic/truestudio for arm 5.4.0/armtools/bin/../lib/gcc/arm-atollic-eabi/4.8.3/armv7e-m/fpu/crtbegin.o
                0x20000000                __dso_handle
 *(.data*)
 .data.SystemCoreClock
                0x20000004        0x4 src\system_stm32f4xx.o
                0x20000004                SystemCoreClock
 .data.impure_data
                0x20000008       0x60 c:/program files (x86)/atollic/truestudio for arm 5.4.0/armtools/bin/../lib/gcc/arm-atollic-eabi/4.8.3/../../../../arm-atollic-eabi/lib/armv7e-m/fpu\libc_s.a(lib_a-impure.o)
 .data._impure_ptr
                0x20000068        0x4 c:/program files (x86)/atollic/truestudio for arm 5.4.0/armtools/bin/../lib/gcc/arm-atollic-eabi/4.8.3/../../../../arm-atollic-eabi/lib/armv7e-m/fpu\libc_s.a(lib_a-impure.o)
                0x20000068                _impure_ptr
                0x2000006c                . = ALIGN (0x4)
                0x2000006c                _edata = .
                0x0800246c                _siccmram = LOADADDR (.ccmram)

.igot.plt       0x2000006c        0x0 load address 0x0800246c
 .igot.plt      0x00000000        0x0 c:/program files (x86)/atollic/truestudio for arm 5.4.0/armtools/bin/../lib/gcc/arm-atollic-eabi/4.8.3/armv7e-m/fpu/crtbegin.o

.ccmram         0x10000000        0x0 load address 0x0800246c
                0x10000000                . = ALIGN (0x4)
                0x10000000                _sccmram = .
 *(.ccmram)
 *(.ccmram*)
                0x10000000                . = ALIGN (0x4)
                0x10000000                _eccmram = .
                0x10000000                . = ALIGN (0x4)

.bss            0x2000006c       0x70
                0x2000006c                _sbss = .
                0x2000006c                __bss_start__ = _sbss
 *(.bss)
 .bss           0x2000006c       0x1c c:/program files (x86)/atollic/truestudio for arm 5.4.0/armtools/bin/../lib/gcc/arm-atollic-eabi/4.8.3/armv7e-m/fpu/crtbegin.o
 *(.bss*)
 .bss.hi2c1     0x20000088       0x44 src\main.o
                0x20000088                hi2c1
 .bss.eeprom    0x200000cc        0x8 src\main.o
                0x200000cc                eeprom
 .bss.__malloc_free_list
                0x200000d4        0x4 c:/program files (x86)/atollic/truestudio for arm 5.4.0/armtools/bin/../lib/gcc/arm-atollic-eabi/4.8.3/../../../../arm-atollic-eabi/lib/armv7e-m/fpu\libc_s.a(lib_a-nano-mallocr.o)
                0x200000d4                __malloc_free_list
 *(COMMON)
 COMMON         0x200000d8        0x4 Drivers\STM32F4xx_HAL_Driver\Src\stm32f4xx_hal.o
                0x200000d8                uwTick
                0x200000dc                . = ALIGN (0x4)
                0x200000dc                _ebss = .
                0x200000dc                __bss_end__ = _ebss

._user_heap_stack
                0x200000dc      0x400
                0x200000dc                . = ALIGN (0x4)
                0x200000dc                PROVIDE (end, .)
                0x200000dc                PROVIDE (_end, .)
                0x200000dc                . = (. + _Min_Heap_Size)
                0x200004dc                . = (. + _Min_Stack_Size)
 *fill*         0x200000dc      0x400 
                0x200004dc                . = ALIGN (0x4)

.memory_b1_text
 *(.mb1text)
 *(.mb1text*)
 *(.mb1rodata)
 *(.mb1rodata*)

/DISCARD/
 libc.a(*)
 libm.a(*)
 libgcc.a(*)

.ARM.attributes
                0x00000000       0x30
 *(.ARM.attributes)
 .ARM.attributes
                0x00000000       0x22 c:/program files (x86)/atollic/truestudio for arm 5.4.0/armtools/bin/../lib/gcc/arm-atollic-eabi/4.8.3/armv7e-m/fpu/crti.o
 .ARM.attributes
                0x00000022       0x34 c:/program files (x86)/atollic/truestudio for arm 5.4.0/armtools/bin/../lib/gcc/arm-atollic-eabi/4.8.3/armv7e-m/fpu/crtbegin.o
 .ARM.attributes
                0x00000056       0x39 src\system_stm32f4xx.o
 .ARM.attributes
                0x0000008f       0x39 src\stm32f4xx_it.o
 .ARM.attributes
                0x000000c8       0x39 src\stm32f4xx_hal_msp.o
 .ARM.attributes
                0x00000101       0x21 src\startup_stm32f411xe.o
 .ARM.attributes
                0x00000122       0x39 src\main.o
 .ARM.attributes
                0x0000015b       0x39 src\eeprom.o
 .ARM.attributes
                0x00000194       0x39 Drivers\STM32F4xx_HAL_Driver\Src\stm32f4xx_hal_rcc.o
 .ARM.attributes
                0x000001cd       0x39 Drivers\STM32F4xx_HAL_Driver\Src\stm32f4xx_hal_i2c.o
 .ARM.attributes
                0x00000206       0x39 Drivers\STM32F4xx_HAL_Driver\Src\stm32f4xx_hal_gpio.o
 .ARM.attributes
                0x0000023f       0x39 Drivers\STM32F4xx_HAL_Driver\Src\stm32f4xx_hal_cortex.o
 .ARM.attributes
                0x00000278       0x39 Drivers\STM32F4xx_HAL_Driver\Src\stm32f4xx_hal.o
 .ARM.attributes
                0x000002b1       0x34 c:/program files (x86)/atollic/truestudio for arm 5.4.0/armtools/bin/../lib/gcc/arm-atollic-eabi/4.8.3/../../../../arm-atollic-eabi/lib/armv7e-m/fpu\libc_s.a(lib_a-aeabi_atexit.o)
 .ARM.attributes
                0x000002e5       0x34 c:/program files (x86)/atollic/truestudio for arm 5.4.0/armtools/bin/../lib/gcc/arm-atollic-eabi/4.8.3/../../../../arm-atollic-eabi/lib/armv7e-m/fpu\libc_s.a(lib_a-cxa_atexit.o)
 .ARM.attributes
                0x00000319       0x34 c:/program files (x86)/atollic/truestudio for arm 5.4.0/armtools/bin/../lib/gcc/arm-atollic-eabi/4.8.3/../../../../arm-atollic-eabi/lib/armv7e-m/fpu\libc_s.a(lib_a-impure.o)
 .ARM.attributes
                0x0000034d       0x34 c:/program files (x86)/atollic/truestudio for arm 5.4.0/armtools/bin/../lib/gcc/arm-atollic-eabi/4.8.3/../../../../arm-atollic-eabi/lib/armv7e-m/fpu\libc_s.a(lib_a-init.o)
 .ARM.attributes
                0x00000381       0x34 c:/program files (x86)/atollic/truestudio for arm 5.4.0/armtools/bin/../lib/gcc/arm-atollic-eabi/4.8.3/../../../../arm-atollic-eabi/lib/armv7e-m/fpu\libstdc++_s.a(del_op.o)
 .ARM.attributes
                0x000003b5       0x34 c:/program files (x86)/atollic/truestudio for arm 5.4.0/armtools/bin/../lib/gcc/arm-atollic-eabi/4.8.3/../../../../arm-atollic-eabi/lib/armv7e-m/fpu\libc_s.a(lib_a-malloc.o)
 .ARM.attributes
                0x000003e9       0x34 c:/program files (x86)/atollic/truestudio for arm 5.4.0/armtools/bin/../lib/gcc/arm-atollic-eabi/4.8.3/../../../../arm-atollic-eabi/lib/armv7e-m/fpu\libc_s.a(lib_a-nano-freer.o)
 .ARM.attributes
                0x0000041d       0x34 c:/program files (x86)/atollic/truestudio for arm 5.4.0/armtools/bin/../lib/gcc/arm-atollic-eabi/4.8.3/../../../../arm-atollic-eabi/lib/armv7e-m/fpu\libc_s.a(lib_a-nano-mallocr.o)
 .ARM.attributes
                0x00000451       0x22 c:/program files (x86)/atollic/truestudio for arm 5.4.0/armtools/bin/../lib/gcc/arm-atollic-eabi/4.8.3/armv7e-m/fpu/crtn.o
OUTPUT(dmx-controller-board.elf elf32-littlearm)

.debug_info     0x00000000     0x6c5b
 .debug_info    0x00000000      0x4bf src\system_stm32f4xx.o
 .debug_info    0x000004bf      0x13a src\stm32f4xx_it.o
 .debug_info    0x000005f9      0xa2e src\stm32f4xx_hal_msp.o
 .debug_info    0x00001027       0xa4 src\startup_stm32f411xe.o
 .debug_info    0x000010cb      0xda7 src\main.o
 .debug_info    0x00001e72      0x8fd src\eeprom.o
 .debug_info    0x0000276f      0xb11 Drivers\STM32F4xx_HAL_Driver\Src\stm32f4xx_hal_rcc.o
 .debug_info    0x00003280     0x1ecb Drivers\STM32F4xx_HAL_Driver\Src\stm32f4xx_hal_i2c.o
 .debug_info    0x0000514b      0x6f8 Drivers\STM32F4xx_HAL_Driver\Src\stm32f4xx_hal_gpio.o
 .debug_info    0x00005843      0xc72 Drivers\STM32F4xx_HAL_Driver\Src\stm32f4xx_hal_cortex.o
 .debug_info    0x000064b5      0x7a6 Drivers\STM32F4xx_HAL_Driver\Src\stm32f4xx_hal.o

.debug_abbrev   0x00000000     0x128d
 .debug_abbrev  0x00000000      0x101 src\system_stm32f4xx.o
 .debug_abbrev  0x00000101       0x7f src\stm32f4xx_it.o
 .debug_abbrev  0x00000180      0x162 src\stm32f4xx_hal_msp.o
 .debug_abbrev  0x000002e2       0x12 src\startup_stm32f411xe.o
 .debug_abbrev  0x000002f4      0x20d src\main.o
 .debug_abbrev  0x00000501      0x27c src\eeprom.o
 .debug_abbrev  0x0000077d      0x294 Drivers\STM32F4xx_HAL_Driver\Src\stm32f4xx_hal_rcc.o
 .debug_abbrev  0x00000a11      0x1f9 Drivers\STM32F4xx_HAL_Driver\Src\stm32f4xx_hal_i2c.o
 .debug_abbrev  0x00000c0a      0x1aa Drivers\STM32F4xx_HAL_Driver\Src\stm32f4xx_hal_gpio.o
 .debug_abbrev  0x00000db4      0x2be Drivers\STM32F4xx_HAL_Driver\Src\stm32f4xx_hal_cortex.o
 .debug_abbrev  0x00001072      0x21b Drivers\STM32F4xx_HAL_Driver\Src\stm32f4xx_hal.o

.debug_aranges  0x00000000      0x680
 .debug_aranges
                0x00000000       0x28 src\system_stm32f4xx.o
 .debug_aranges
                0x00000028       0x60 src\stm32f4xx_it.o
 .debug_aranges
                0x00000088       0x30 src\stm32f4xx_hal_msp.o
 .debug_aranges
                0x000000b8       0x28 src\startup_stm32f411xe.o
 .debug_aranges
                0x000000e0       0x50 src\main.o
 .debug_aranges
                0x00000130       0x48 src\eeprom.o
 .debug_aranges
                0x00000178       0x88 Drivers\STM32F4xx_HAL_Driver\Src\stm32f4xx_hal_rcc.o
 .debug_aranges
                0x00000200      0x260 Drivers\STM32F4xx_HAL_Driver\Src\stm32f4xx_hal_i2c.o
 .debug_aranges
                0x00000460       0x58 Drivers\STM32F4xx_HAL_Driver\Src\stm32f4xx_hal_gpio.o
 .debug_aranges
                0x000004b8      0x108 Drivers\STM32F4xx_HAL_Driver\Src\stm32f4xx_hal_cortex.o
 .debug_aranges
                0x000005c0       0xc0 Drivers\STM32F4xx_HAL_Driver\Src\stm32f4xx_hal.o

.debug_ranges   0x00000000      0x5d8
 .debug_ranges  0x00000000       0x18 src\system_stm32f4xx.o
 .debug_ranges  0x00000018       0x50 src\stm32f4xx_it.o
 .debug_ranges  0x00000068       0x20 src\stm32f4xx_hal_msp.o
 .debug_ranges  0x00000088       0x20 src\startup_stm32f411xe.o
 .debug_ranges  0x000000a8       0x40 src\main.o
 .debug_ranges  0x000000e8       0x38 src\eeprom.o
 .debug_ranges  0x00000120       0x78 Drivers\STM32F4xx_HAL_Driver\Src\stm32f4xx_hal_rcc.o
 .debug_ranges  0x00000198      0x250 Drivers\STM32F4xx_HAL_Driver\Src\stm32f4xx_hal_i2c.o
 .debug_ranges  0x000003e8       0x48 Drivers\STM32F4xx_HAL_Driver\Src\stm32f4xx_hal_gpio.o
 .debug_ranges  0x00000430       0xf8 Drivers\STM32F4xx_HAL_Driver\Src\stm32f4xx_hal_cortex.o
 .debug_ranges  0x00000528       0xb0 Drivers\STM32F4xx_HAL_Driver\Src\stm32f4xx_hal.o

.debug_line     0x00000000     0x3162
 .debug_line    0x00000000      0x1ba src\system_stm32f4xx.o
 .debug_line    0x000001ba      0x1e3 src\stm32f4xx_it.o
 .debug_line    0x0000039d      0x244 src\stm32f4xx_hal_msp.o
 .debug_line    0x000005e1       0x7b src\startup_stm32f411xe.o
 .debug_line    0x0000065c      0x2f2 src\main.o
 .debug_line    0x0000094e      0x290 src\eeprom.o
 .debug_line    0x00000bde      0x5a9 Drivers\STM32F4xx_HAL_Driver\Src\stm32f4xx_hal_rcc.o
 .debug_line    0x00001187     0x13d5 Drivers\STM32F4xx_HAL_Driver\Src\stm32f4xx_hal_i2c.o
 .debug_line    0x0000255c      0x39c Drivers\STM32F4xx_HAL_Driver\Src\stm32f4xx_hal_gpio.o
 .debug_line    0x000028f8      0x4cd Drivers\STM32F4xx_HAL_Driver\Src\stm32f4xx_hal_cortex.o
 .debug_line    0x00002dc5      0x39d Drivers\STM32F4xx_HAL_Driver\Src\stm32f4xx_hal.o

.debug_str      0x00000000     0x2217
 .debug_str     0x00000000      0x355 src\system_stm32f4xx.o
                                0x3c1 (size before relaxing)
 .debug_str     0x00000355       0xa6 src\stm32f4xx_it.o
                                0x274 (size before relaxing)
 .debug_str     0x000003fb      0x857 src\stm32f4xx_hal_msp.o
                                0xc48 (size before relaxing)
 .debug_str     0x00000c52      0x488 src\main.o
                               0x108b (size before relaxing)
 .debug_str     0x000010da      0x126 src\eeprom.o
                                0x95e (size before relaxing)
 .debug_str     0x00001200      0x1cf Drivers\STM32F4xx_HAL_Driver\Src\stm32f4xx_hal_rcc.o
                                0x6ea (size before relaxing)
 .debug_str     0x000013cf      0x771 Drivers\STM32F4xx_HAL_Driver\Src\stm32f4xx_hal_i2c.o
                                0xf06 (size before relaxing)
 .debug_str     0x00001b40      0x14a Drivers\STM32F4xx_HAL_Driver\Src\stm32f4xx_hal_gpio.o
                                0x536 (size before relaxing)
 .debug_str     0x00001c8a      0x395 Drivers\STM32F4xx_HAL_Driver\Src\stm32f4xx_hal_cortex.o
                                0xad1 (size before relaxing)
 .debug_str     0x0000201f      0x1f8 Drivers\STM32F4xx_HAL_Driver\Src\stm32f4xx_hal.o
                                0x928 (size before relaxing)

.comment        0x00000000       0x82
 .comment       0x00000000       0x82 src\system_stm32f4xx.o
                                 0x83 (size before relaxing)
 .comment       0x00000000       0x83 src\stm32f4xx_it.o
 .comment       0x00000000       0x83 src\stm32f4xx_hal_msp.o
 .comment       0x00000000       0x83 src\main.o
 .comment       0x00000000       0x83 src\eeprom.o
 .comment       0x00000000       0x83 Drivers\STM32F4xx_HAL_Driver\Src\stm32f4xx_hal_rcc.o
 .comment       0x00000000       0x83 Drivers\STM32F4xx_HAL_Driver\Src\stm32f4xx_hal_i2c.o
 .comment       0x00000000       0x83 Drivers\STM32F4xx_HAL_Driver\Src\stm32f4xx_hal_gpio.o
 .comment       0x00000000       0x83 Drivers\STM32F4xx_HAL_Driver\Src\stm32f4xx_hal_cortex.o
 .comment       0x00000000       0x83 Drivers\STM32F4xx_HAL_Driver\Src\stm32f4xx_hal.o

.debug_frame    0x00000000     0x156c
 .debug_frame   0x00000000       0x44 src\system_stm32f4xx.o
 .debug_frame   0x00000044       0xec src\stm32f4xx_it.o
 .debug_frame   0x00000130       0x6c src\stm32f4xx_hal_msp.o
 .debug_frame   0x0000019c       0xe0 src\main.o
 .debug_frame   0x0000027c       0xc8 src\eeprom.o
 .debug_frame   0x00000344      0x1a0 Drivers\STM32F4xx_HAL_Driver\Src\stm32f4xx_hal_rcc.o
 .debug_frame   0x000004e4      0x8d4 Drivers\STM32F4xx_HAL_Driver\Src\stm32f4xx_hal_i2c.o
 .debug_frame   0x00000db8       0xf4 Drivers\STM32F4xx_HAL_Driver\Src\stm32f4xx_hal_gpio.o
 .debug_frame   0x00000eac      0x378 Drivers\STM32F4xx_HAL_Driver\Src\stm32f4xx_hal_cortex.o
 .debug_frame   0x00001224      0x228 Drivers\STM32F4xx_HAL_Driver\Src\stm32f4xx_hal.o
 .debug_frame   0x0000144c       0x20 c:/program files (x86)/atollic/truestudio for arm 5.4.0/armtools/bin/../lib/gcc/arm-atollic-eabi/4.8.3/../../../../arm-atollic-eabi/lib/armv7e-m/fpu\libc_s.a(lib_a-aeabi_atexit.o)
 .debug_frame   0x0000146c       0x2c c:/program files (x86)/atollic/truestudio for arm 5.4.0/armtools/bin/../lib/gcc/arm-atollic-eabi/4.8.3/../../../../arm-atollic-eabi/lib/armv7e-m/fpu\libc_s.a(lib_a-cxa_atexit.o)
 .debug_frame   0x00001498       0x2c c:/program files (x86)/atollic/truestudio for arm 5.4.0/armtools/bin/../lib/gcc/arm-atollic-eabi/4.8.3/../../../../arm-atollic-eabi/lib/armv7e-m/fpu\libc_s.a(lib_a-init.o)
 .debug_frame   0x000014c4       0x20 c:/program files (x86)/atollic/truestudio for arm 5.4.0/armtools/bin/../lib/gcc/arm-atollic-eabi/4.8.3/../../../../arm-atollic-eabi/lib/armv7e-m/fpu\libstdc++_s.a(del_op.o)
 .debug_frame   0x000014e4       0x30 c:/program files (x86)/atollic/truestudio for arm 5.4.0/armtools/bin/../lib/gcc/arm-atollic-eabi/4.8.3/../../../../arm-atollic-eabi/lib/armv7e-m/fpu\libc_s.a(lib_a-malloc.o)
 .debug_frame   0x00001514       0x2c c:/program files (x86)/atollic/truestudio for arm 5.4.0/armtools/bin/../lib/gcc/arm-atollic-eabi/4.8.3/../../../../arm-atollic-eabi/lib/armv7e-m/fpu\libc_s.a(lib_a-nano-freer.o)
 .debug_frame   0x00001540       0x2c c:/program files (x86)/atollic/truestudio for arm 5.4.0/armtools/bin/../lib/gcc/arm-atollic-eabi/4.8.3/../../../../arm-atollic-eabi/lib/armv7e-m/fpu\libc_s.a(lib_a-nano-mallocr.o)

Cross Reference Table

Symbol                                            File
ADC_IRQHandler                                    src\startup_stm32f411xe.o
AHBPrescTable                                     src\system_stm32f4xx.o
APBAHBPrescTable                                  Drivers\STM32F4xx_HAL_Driver\Src\stm32f4xx_hal_rcc.o
APBPrescTable                                     src\system_stm32f4xx.o
BusFault_Handler                                  src\stm32f4xx_it.o
DMA1_Stream0_IRQHandler                           src\startup_stm32f411xe.o
DMA1_Stream1_IRQHandler                           src\startup_stm32f411xe.o
DMA1_Stream2_IRQHandler                           src\startup_stm32f411xe.o
DMA1_Stream3_IRQHandler                           src\startup_stm32f411xe.o
DMA1_Stream4_IRQHandler                           src\startup_stm32f411xe.o
DMA1_Stream5_IRQHandler                           src\startup_stm32f411xe.o
DMA1_Stream6_IRQHandler                           src\startup_stm32f411xe.o
DMA1_Stream7_IRQHandler                           src\startup_stm32f411xe.o
DMA2_Stream0_IRQHandler                           src\startup_stm32f411xe.o
DMA2_Stream1_IRQHandler                           src\startup_stm32f411xe.o
DMA2_Stream2_IRQHandler                           src\startup_stm32f411xe.o
DMA2_Stream3_IRQHandler                           src\startup_stm32f411xe.o
DMA2_Stream4_IRQHandler                           src\startup_stm32f411xe.o
DMA2_Stream5_IRQHandler                           src\startup_stm32f411xe.o
DMA2_Stream6_IRQHandler                           src\startup_stm32f411xe.o
DMA2_Stream7_IRQHandler                           src\startup_stm32f411xe.o
DebugMon_Handler                                  src\stm32f4xx_it.o
Default_Handler                                   src\startup_stm32f411xe.o
EXTI0_IRQHandler                                  src\startup_stm32f411xe.o
EXTI15_10_IRQHandler                              src\startup_stm32f411xe.o
EXTI1_IRQHandler                                  src\startup_stm32f411xe.o
EXTI2_IRQHandler                                  src\startup_stm32f411xe.o
EXTI3_IRQHandler                                  src\startup_stm32f411xe.o
EXTI4_IRQHandler                                  src\startup_stm32f411xe.o
EXTI9_5_IRQHandler                                src\startup_stm32f411xe.o
Eeprom::Eeprom()                                  src\eeprom.o
Eeprom::Eeprom()                                  src\eeprom.o
                                                  src\main.o
Eeprom::begin(I2C_HandleTypeDef*)                 src\eeprom.o
                                                  src\main.o
Eeprom::readEEPROM(unsigned short, unsigned char*, unsigned short) src\eeprom.o
                                                  src\main.o
Eeprom::writeEEPROM(unsigned short, unsigned char*, unsigned short) src\eeprom.o
                                                  src\main.o
Eeprom::~Eeprom()                                 src\eeprom.o
Eeprom::~Eeprom()                                 src\eeprom.o
                                                  src\main.o
Eeprom::~Eeprom()                                 src\eeprom.o
Error_Handler()                                   src\main.o
FLASH_Erase_Sector                                Drivers\STM32F4xx_HAL_Driver\Src\stm32f4xx_hal_flash_ex.o
                                                  Drivers\STM32F4xx_HAL_Driver\Src\stm32f4xx_hal_flash.o
FLASH_FlushCaches                                 Drivers\STM32F4xx_HAL_Driver\Src\stm32f4xx_hal_flash_ex.o
                                                  Drivers\STM32F4xx_HAL_Driver\Src\stm32f4xx_hal_flash.o
FLASH_IRQHandler                                  src\startup_stm32f411xe.o
FLASH_WaitForLastOperation                        Drivers\STM32F4xx_HAL_Driver\Src\stm32f4xx_hal_flash.o
                                                  Drivers\STM32F4xx_HAL_Driver\Src\stm32f4xx_hal_flash_ex.o
FPU_IRQHandler                                    src\startup_stm32f411xe.o
HAL_ADCEx_InjectedConfigChannel                   Drivers\STM32F4xx_HAL_Driver\Src\stm32f4xx_hal_adc_ex.o
HAL_ADCEx_InjectedConvCpltCallback                Drivers\STM32F4xx_HAL_Driver\Src\stm32f4xx_hal_adc_ex.o
                                                  Drivers\STM32F4xx_HAL_Driver\Src\stm32f4xx_hal_adc.o
HAL_ADCEx_InjectedGetValue                        Drivers\STM32F4xx_HAL_Driver\Src\stm32f4xx_hal_adc_ex.o
HAL_ADCEx_InjectedPollForConversion               Drivers\STM32F4xx_HAL_Driver\Src\stm32f4xx_hal_adc_ex.o
HAL_ADCEx_InjectedStart                           Drivers\STM32F4xx_HAL_Driver\Src\stm32f4xx_hal_adc_ex.o
HAL_ADCEx_InjectedStart_IT                        Drivers\STM32F4xx_HAL_Driver\Src\stm32f4xx_hal_adc_ex.o
HAL_ADCEx_InjectedStop                            Drivers\STM32F4xx_HAL_Driver\Src\stm32f4xx_hal_adc_ex.o
HAL_ADCEx_InjectedStop_IT                         Drivers\STM32F4xx_HAL_Driver\Src\stm32f4xx_hal_adc_ex.o
HAL_ADCEx_MultiModeConfigChannel                  Drivers\STM32F4xx_HAL_Driver\Src\stm32f4xx_hal_adc_ex.o
HAL_ADCEx_MultiModeGetValue                       Drivers\STM32F4xx_HAL_Driver\Src\stm32f4xx_hal_adc_ex.o
HAL_ADCEx_MultiModeStart_DMA                      Drivers\STM32F4xx_HAL_Driver\Src\stm32f4xx_hal_adc_ex.o
HAL_ADCEx_MultiModeStop_DMA                       Drivers\STM32F4xx_HAL_Driver\Src\stm32f4xx_hal_adc_ex.o
HAL_ADC_AnalogWDGConfig                           Drivers\STM32F4xx_HAL_Driver\Src\stm32f4xx_hal_adc.o
HAL_ADC_ConfigChannel                             Drivers\STM32F4xx_HAL_Driver\Src\stm32f4xx_hal_adc.o
HAL_ADC_ConvCpltCallback                          Drivers\STM32F4xx_HAL_Driver\Src\stm32f4xx_hal_adc.o
                                                  Drivers\STM32F4xx_HAL_Driver\Src\stm32f4xx_hal_adc_ex.o
HAL_ADC_ConvHalfCpltCallback                      Drivers\STM32F4xx_HAL_Driver\Src\stm32f4xx_hal_adc.o
                                                  Drivers\STM32F4xx_HAL_Driver\Src\stm32f4xx_hal_adc_ex.o
HAL_ADC_DeInit                                    Drivers\STM32F4xx_HAL_Driver\Src\stm32f4xx_hal_adc.o
HAL_ADC_ErrorCallback                             Drivers\STM32F4xx_HAL_Driver\Src\stm32f4xx_hal_adc.o
                                                  Drivers\STM32F4xx_HAL_Driver\Src\stm32f4xx_hal_adc_ex.o
HAL_ADC_GetError                                  Drivers\STM32F4xx_HAL_Driver\Src\stm32f4xx_hal_adc.o
HAL_ADC_GetState                                  Drivers\STM32F4xx_HAL_Driver\Src\stm32f4xx_hal_adc.o
HAL_ADC_GetValue                                  Drivers\STM32F4xx_HAL_Driver\Src\stm32f4xx_hal_adc.o
HAL_ADC_IRQHandler                                Drivers\STM32F4xx_HAL_Driver\Src\stm32f4xx_hal_adc.o
HAL_ADC_Init                                      Drivers\STM32F4xx_HAL_Driver\Src\stm32f4xx_hal_adc.o
HAL_ADC_LevelOutOfWindowCallback                  Drivers\STM32F4xx_HAL_Driver\Src\stm32f4xx_hal_adc.o
HAL_ADC_MspDeInit                                 Drivers\STM32F4xx_HAL_Driver\Src\stm32f4xx_hal_adc.o
HAL_ADC_MspInit                                   Drivers\STM32F4xx_HAL_Driver\Src\stm32f4xx_hal_adc.o
HAL_ADC_PollForConversion                         Drivers\STM32F4xx_HAL_Driver\Src\stm32f4xx_hal_adc.o
HAL_ADC_PollForEvent                              Drivers\STM32F4xx_HAL_Driver\Src\stm32f4xx_hal_adc.o
HAL_ADC_Start                                     Drivers\STM32F4xx_HAL_Driver\Src\stm32f4xx_hal_adc.o
HAL_ADC_Start_DMA                                 Drivers\STM32F4xx_HAL_Driver\Src\stm32f4xx_hal_adc.o
HAL_ADC_Start_IT                                  Drivers\STM32F4xx_HAL_Driver\Src\stm32f4xx_hal_adc.o
HAL_ADC_Stop                                      Drivers\STM32F4xx_HAL_Driver\Src\stm32f4xx_hal_adc.o
HAL_ADC_Stop_DMA                                  Drivers\STM32F4xx_HAL_Driver\Src\stm32f4xx_hal_adc.o
HAL_ADC_Stop_IT                                   Drivers\STM32F4xx_HAL_Driver\Src\stm32f4xx_hal_adc.o
HAL_CRC_Accumulate                                Drivers\STM32F4xx_HAL_Driver\Src\stm32f4xx_hal_crc.o
HAL_CRC_Calculate                                 Drivers\STM32F4xx_HAL_Driver\Src\stm32f4xx_hal_crc.o
HAL_CRC_DeInit                                    Drivers\STM32F4xx_HAL_Driver\Src\stm32f4xx_hal_crc.o
HAL_CRC_GetState                                  Drivers\STM32F4xx_HAL_Driver\Src\stm32f4xx_hal_crc.o
HAL_CRC_Init                                      Drivers\STM32F4xx_HAL_Driver\Src\stm32f4xx_hal_crc.o
HAL_CRC_MspDeInit                                 Drivers\STM32F4xx_HAL_Driver\Src\stm32f4xx_hal_crc.o
HAL_CRC_MspInit                                   Drivers\STM32F4xx_HAL_Driver\Src\stm32f4xx_hal_crc.o
HAL_DBGMCU_DisableDBGSleepMode                    Drivers\STM32F4xx_HAL_Driver\Src\stm32f4xx_hal.o
HAL_DBGMCU_DisableDBGStandbyMode                  Drivers\STM32F4xx_HAL_Driver\Src\stm32f4xx_hal.o
HAL_DBGMCU_DisableDBGStopMode                     Drivers\STM32F4xx_HAL_Driver\Src\stm32f4xx_hal.o
HAL_DBGMCU_EnableDBGSleepMode                     Drivers\STM32F4xx_HAL_Driver\Src\stm32f4xx_hal.o
HAL_DBGMCU_EnableDBGStandbyMode                   Drivers\STM32F4xx_HAL_Driver\Src\stm32f4xx_hal.o
HAL_DBGMCU_EnableDBGStopMode                      Drivers\STM32F4xx_HAL_Driver\Src\stm32f4xx_hal.o
HAL_DMAEx_ChangeMemory                            Drivers\STM32F4xx_HAL_Driver\Src\stm32f4xx_hal_dma_ex.o
HAL_DMAEx_MultiBufferStart                        Drivers\STM32F4xx_HAL_Driver\Src\stm32f4xx_hal_dma_ex.o
HAL_DMAEx_MultiBufferStart_IT                     Drivers\STM32F4xx_HAL_Driver\Src\stm32f4xx_hal_dma_ex.o
HAL_DMA_Abort                                     Drivers\STM32F4xx_HAL_Driver\Src\stm32f4xx_hal_dma.o
                                                  Drivers\STM32F4xx_HAL_Driver\Src\stm32f4xx_hal_adc.o
                                                  Drivers\STM32F4xx_HAL_Driver\Src\stm32f4xx_hal_adc_ex.o
                                                  Drivers\STM32F4xx_HAL_Driver\Src\stm32f4xx_hal_i2s.o
                                                  Drivers\STM32F4xx_HAL_Driver\Src\stm32f4xx_hal_i2s_ex.o
                                                  Drivers\STM32F4xx_HAL_Driver\Src\stm32f4xx_hal_irda.o
                                                  Drivers\STM32F4xx_HAL_Driver\Src\stm32f4xx_hal_sd.o
                                                  Drivers\STM32F4xx_HAL_Driver\Src\stm32f4xx_hal_spi.o
                                                  Drivers\STM32F4xx_HAL_Driver\Src\stm32f4xx_hal_tim.o
                                                  Drivers\STM32F4xx_HAL_Driver\Src\stm32f4xx_hal_uart.o
                                                  Drivers\STM32F4xx_HAL_Driver\Src\stm32f4xx_hal_usart.o
HAL_DMA_DeInit                                    Drivers\STM32F4xx_HAL_Driver\Src\stm32f4xx_hal_dma.o
HAL_DMA_GetError                                  Drivers\STM32F4xx_HAL_Driver\Src\stm32f4xx_hal_dma.o
HAL_DMA_GetState                                  Drivers\STM32F4xx_HAL_Driver\Src\stm32f4xx_hal_dma.o
HAL_DMA_IRQHandler                                Drivers\STM32F4xx_HAL_Driver\Src\stm32f4xx_hal_dma.o
HAL_DMA_Init                                      Drivers\STM32F4xx_HAL_Driver\Src\stm32f4xx_hal_dma.o
HAL_DMA_PollForTransfer                           Drivers\STM32F4xx_HAL_Driver\Src\stm32f4xx_hal_dma.o
HAL_DMA_Start                                     Drivers\STM32F4xx_HAL_Driver\Src\stm32f4xx_hal_dma.o
HAL_DMA_Start_IT                                  Drivers\STM32F4xx_HAL_Driver\Src\stm32f4xx_hal_dma.o
                                                  Drivers\STM32F4xx_HAL_Driver\Src\stm32f4xx_hal_adc.o
                                                  Drivers\STM32F4xx_HAL_Driver\Src\stm32f4xx_hal_adc_ex.o
                                                  Drivers\STM32F4xx_HAL_Driver\Src\stm32f4xx_hal_i2c.o
                                                  Drivers\STM32F4xx_HAL_Driver\Src\stm32f4xx_hal_i2s.o
                                                  Drivers\STM32F4xx_HAL_Driver\Src\stm32f4xx_hal_i2s_ex.o
                                                  Drivers\STM32F4xx_HAL_Driver\Src\stm32f4xx_hal_irda.o
                                                  Drivers\STM32F4xx_HAL_Driver\Src\stm32f4xx_hal_sd.o
                                                  Drivers\STM32F4xx_HAL_Driver\Src\stm32f4xx_hal_smartcard.o
                                                  Drivers\STM32F4xx_HAL_Driver\Src\stm32f4xx_hal_spi.o
                                                  Drivers\STM32F4xx_HAL_Driver\Src\stm32f4xx_hal_tim.o
                                                  Drivers\STM32F4xx_HAL_Driver\Src\stm32f4xx_hal_tim_ex.o
                                                  Drivers\STM32F4xx_HAL_Driver\Src\stm32f4xx_hal_uart.o
                                                  Drivers\STM32F4xx_HAL_Driver\Src\stm32f4xx_hal_usart.o
HAL_DeInit                                        Drivers\STM32F4xx_HAL_Driver\Src\stm32f4xx_hal.o
HAL_Delay                                         Drivers\STM32F4xx_HAL_Driver\Src\stm32f4xx_hal.o
                                                  Drivers\STM32F4xx_HAL_Driver\Src\stm32f4xx_hal_sd.o
                                                  Drivers\STM32F4xx_HAL_Driver\Src\stm32f4xx_ll_usb.o
                                                  src\eeprom.o
                                                  src\main.o
HAL_DisableCompensationCell                       Drivers\STM32F4xx_HAL_Driver\Src\stm32f4xx_hal.o
HAL_EnableCompensationCell                        Drivers\STM32F4xx_HAL_Driver\Src\stm32f4xx_hal.o
HAL_FLASHEx_AdvOBGetConfig                        Drivers\STM32F4xx_HAL_Driver\Src\stm32f4xx_hal_flash_ex.o
HAL_FLASHEx_AdvOBProgram                          Drivers\STM32F4xx_HAL_Driver\Src\stm32f4xx_hal_flash_ex.o
HAL_FLASHEx_DisableFlashSleepMode                 Drivers\STM32F4xx_HAL_Driver\Src\stm32f4xx_hal_flash_ramfunc.o
HAL_FLASHEx_EnableFlashSleepMode                  Drivers\STM32F4xx_HAL_Driver\Src\stm32f4xx_hal_flash_ramfunc.o
HAL_FLASHEx_Erase                                 Drivers\STM32F4xx_HAL_Driver\Src\stm32f4xx_hal_flash_ex.o
HAL_FLASHEx_Erase_IT                              Drivers\STM32F4xx_HAL_Driver\Src\stm32f4xx_hal_flash_ex.o
HAL_FLASHEx_OBGetConfig                           Drivers\STM32F4xx_HAL_Driver\Src\stm32f4xx_hal_flash_ex.o
HAL_FLASHEx_OBProgram                             Drivers\STM32F4xx_HAL_Driver\Src\stm32f4xx_hal_flash_ex.o
HAL_FLASHEx_OB_DeSelectPCROP                      Drivers\STM32F4xx_HAL_Driver\Src\stm32f4xx_hal_flash_ex.o
HAL_FLASHEx_OB_SelectPCROP                        Drivers\STM32F4xx_HAL_Driver\Src\stm32f4xx_hal_flash_ex.o
HAL_FLASHEx_StartFlashInterfaceClk                Drivers\STM32F4xx_HAL_Driver\Src\stm32f4xx_hal_flash_ramfunc.o
HAL_FLASHEx_StopFlashInterfaceClk                 Drivers\STM32F4xx_HAL_Driver\Src\stm32f4xx_hal_flash_ramfunc.o
HAL_FLASH_EndOfOperationCallback                  Drivers\STM32F4xx_HAL_Driver\Src\stm32f4xx_hal_flash.o
HAL_FLASH_GetError                                Drivers\STM32F4xx_HAL_Driver\Src\stm32f4xx_hal_flash.o
HAL_FLASH_IRQHandler                              Drivers\STM32F4xx_HAL_Driver\Src\stm32f4xx_hal_flash.o
HAL_FLASH_Lock                                    Drivers\STM32F4xx_HAL_Driver\Src\stm32f4xx_hal_flash.o
HAL_FLASH_OB_Launch                               Drivers\STM32F4xx_HAL_Driver\Src\stm32f4xx_hal_flash.o
HAL_FLASH_OB_Lock                                 Drivers\STM32F4xx_HAL_Driver\Src\stm32f4xx_hal_flash.o
HAL_FLASH_OB_Unlock                               Drivers\STM32F4xx_HAL_Driver\Src\stm32f4xx_hal_flash.o
HAL_FLASH_OperationErrorCallback                  Drivers\STM32F4xx_HAL_Driver\Src\stm32f4xx_hal_flash.o
HAL_FLASH_Program                                 Drivers\STM32F4xx_HAL_Driver\Src\stm32f4xx_hal_flash.o
HAL_FLASH_Program_IT                              Drivers\STM32F4xx_HAL_Driver\Src\stm32f4xx_hal_flash.o
HAL_FLASH_Unlock                                  Drivers\STM32F4xx_HAL_Driver\Src\stm32f4xx_hal_flash.o
HAL_GPIO_DeInit                                   Drivers\STM32F4xx_HAL_Driver\Src\stm32f4xx_hal_gpio.o
                                                  src\stm32f4xx_hal_msp.o
HAL_GPIO_EXTI_Callback                            Drivers\STM32F4xx_HAL_Driver\Src\stm32f4xx_hal_gpio.o
HAL_GPIO_EXTI_IRQHandler                          Drivers\STM32F4xx_HAL_Driver\Src\stm32f4xx_hal_gpio.o
HAL_GPIO_Init                                     Drivers\STM32F4xx_HAL_Driver\Src\stm32f4xx_hal_gpio.o
                                                  Drivers\STM32F4xx_HAL_Driver\Src\stm32f4xx_hal_rcc.o
                                                  src\main.o
                                                  src\stm32f4xx_hal_msp.o
HAL_GPIO_LockPin                                  Drivers\STM32F4xx_HAL_Driver\Src\stm32f4xx_hal_gpio.o
HAL_GPIO_ReadPin                                  Drivers\STM32F4xx_HAL_Driver\Src\stm32f4xx_hal_gpio.o
HAL_GPIO_TogglePin                                Drivers\STM32F4xx_HAL_Driver\Src\stm32f4xx_hal_gpio.o
                                                  src\main.o
HAL_GPIO_WritePin                                 Drivers\STM32F4xx_HAL_Driver\Src\stm32f4xx_hal_gpio.o
                                                  src\main.o
HAL_GetDEVID                                      Drivers\STM32F4xx_HAL_Driver\Src\stm32f4xx_hal.o
HAL_GetHalVersion                                 Drivers\STM32F4xx_HAL_Driver\Src\stm32f4xx_hal.o
HAL_GetREVID                                      Drivers\STM32F4xx_HAL_Driver\Src\stm32f4xx_hal.o
HAL_GetTick                                       Drivers\STM32F4xx_HAL_Driver\Src\stm32f4xx_hal.o
                                                  Drivers\STM32F4xx_HAL_Driver\Src\stm32f4xx_hal_adc.o
                                                  Drivers\STM32F4xx_HAL_Driver\Src\stm32f4xx_hal_adc_ex.o
                                                  Drivers\STM32F4xx_HAL_Driver\Src\stm32f4xx_hal_dma.o
                                                  Drivers\STM32F4xx_HAL_Driver\Src\stm32f4xx_hal_flash.o
                                                  Drivers\STM32F4xx_HAL_Driver\Src\stm32f4xx_hal_i2c.o
                                                  Drivers\STM32F4xx_HAL_Driver\Src\stm32f4xx_hal_i2s.o
                                                  Drivers\STM32F4xx_HAL_Driver\Src\stm32f4xx_hal_i2s_ex.o
                                                  Drivers\STM32F4xx_HAL_Driver\Src\stm32f4xx_hal_irda.o
                                                  Drivers\STM32F4xx_HAL_Driver\Src\stm32f4xx_hal_iwdg.o
                                                  Drivers\STM32F4xx_HAL_Driver\Src\stm32f4xx_hal_pwr_ex.o
                                                  Drivers\STM32F4xx_HAL_Driver\Src\stm32f4xx_hal_rcc.o
                                                  Drivers\STM32F4xx_HAL_Driver\Src\stm32f4xx_hal_rcc_ex.o
                                                  Drivers\STM32F4xx_HAL_Driver\Src\stm32f4xx_hal_rtc.o
                                                  Drivers\STM32F4xx_HAL_Driver\Src\stm32f4xx_hal_rtc_ex.o
                                                  Drivers\STM32F4xx_HAL_Driver\Src\stm32f4xx_hal_smartcard.o
                                                  Drivers\STM32F4xx_HAL_Driver\Src\stm32f4xx_hal_spi.o
                                                  Drivers\STM32F4xx_HAL_Driver\Src\stm32f4xx_hal_uart.o
                                                  Drivers\STM32F4xx_HAL_Driver\Src\stm32f4xx_hal_usart.o
HAL_HCD_Connect_Callback                          Drivers\STM32F4xx_HAL_Driver\Src\stm32f4xx_hal_hcd.o
HAL_HCD_DeInit                                    Drivers\STM32F4xx_HAL_Driver\Src\stm32f4xx_hal_hcd.o
HAL_HCD_Disconnect_Callback                       Drivers\STM32F4xx_HAL_Driver\Src\stm32f4xx_hal_hcd.o
HAL_HCD_GetCurrentFrame                           Drivers\STM32F4xx_HAL_Driver\Src\stm32f4xx_hal_hcd.o
HAL_HCD_GetCurrentSpeed                           Drivers\STM32F4xx_HAL_Driver\Src\stm32f4xx_hal_hcd.o
HAL_HCD_GetState                                  Drivers\STM32F4xx_HAL_Driver\Src\stm32f4xx_hal_hcd.o
HAL_HCD_HC_GetState                               Drivers\STM32F4xx_HAL_Driver\Src\stm32f4xx_hal_hcd.o
HAL_HCD_HC_GetURBState                            Drivers\STM32F4xx_HAL_Driver\Src\stm32f4xx_hal_hcd.o
HAL_HCD_HC_GetXferCount                           Drivers\STM32F4xx_HAL_Driver\Src\stm32f4xx_hal_hcd.o
HAL_HCD_HC_Halt                                   Drivers\STM32F4xx_HAL_Driver\Src\stm32f4xx_hal_hcd.o
HAL_HCD_HC_Init                                   Drivers\STM32F4xx_HAL_Driver\Src\stm32f4xx_hal_hcd.o
HAL_HCD_HC_NotifyURBChange_Callback               Drivers\STM32F4xx_HAL_Driver\Src\stm32f4xx_hal_hcd.o
HAL_HCD_HC_SubmitRequest                          Drivers\STM32F4xx_HAL_Driver\Src\stm32f4xx_hal_hcd.o
HAL_HCD_IRQHandler                                Drivers\STM32F4xx_HAL_Driver\Src\stm32f4xx_hal_hcd.o
HAL_HCD_Init                                      Drivers\STM32F4xx_HAL_Driver\Src\stm32f4xx_hal_hcd.o
HAL_HCD_MspDeInit                                 Drivers\STM32F4xx_HAL_Driver\Src\stm32f4xx_hal_hcd.o
HAL_HCD_MspInit                                   Drivers\STM32F4xx_HAL_Driver\Src\stm32f4xx_hal_hcd.o
HAL_HCD_ResetPort                                 Drivers\STM32F4xx_HAL_Driver\Src\stm32f4xx_hal_hcd.o
HAL_HCD_SOF_Callback                              Drivers\STM32F4xx_HAL_Driver\Src\stm32f4xx_hal_hcd.o
HAL_HCD_Start                                     Drivers\STM32F4xx_HAL_Driver\Src\stm32f4xx_hal_hcd.o
HAL_HCD_Stop                                      Drivers\STM32F4xx_HAL_Driver\Src\stm32f4xx_hal_hcd.o
HAL_HalfDuplex_EnableReceiver                     Drivers\STM32F4xx_HAL_Driver\Src\stm32f4xx_hal_uart.o
HAL_HalfDuplex_EnableTransmitter                  Drivers\STM32F4xx_HAL_Driver\Src\stm32f4xx_hal_uart.o
HAL_HalfDuplex_Init                               Drivers\STM32F4xx_HAL_Driver\Src\stm32f4xx_hal_uart.o
HAL_I2CEx_ConfigAnalogFilter                      Drivers\STM32F4xx_HAL_Driver\Src\stm32f4xx_hal_i2c_ex.o
HAL_I2CEx_ConfigDigitalFilter                     Drivers\STM32F4xx_HAL_Driver\Src\stm32f4xx_hal_i2c_ex.o
HAL_I2C_AddrCallback                              Drivers\STM32F4xx_HAL_Driver\Src\stm32f4xx_hal_i2c.o
HAL_I2C_DeInit                                    Drivers\STM32F4xx_HAL_Driver\Src\stm32f4xx_hal_i2c.o
HAL_I2C_DisableListen_IT                          Drivers\STM32F4xx_HAL_Driver\Src\stm32f4xx_hal_i2c.o
HAL_I2C_ER_IRQHandler                             Drivers\STM32F4xx_HAL_Driver\Src\stm32f4xx_hal_i2c.o
HAL_I2C_EV_IRQHandler                             Drivers\STM32F4xx_HAL_Driver\Src\stm32f4xx_hal_i2c.o
HAL_I2C_EnableListen_IT                           Drivers\STM32F4xx_HAL_Driver\Src\stm32f4xx_hal_i2c.o
HAL_I2C_ErrorCallback                             Drivers\STM32F4xx_HAL_Driver\Src\stm32f4xx_hal_i2c.o
HAL_I2C_GetError                                  Drivers\STM32F4xx_HAL_Driver\Src\stm32f4xx_hal_i2c.o
HAL_I2C_GetMode                                   Drivers\STM32F4xx_HAL_Driver\Src\stm32f4xx_hal_i2c.o
HAL_I2C_GetState                                  Drivers\STM32F4xx_HAL_Driver\Src\stm32f4xx_hal_i2c.o
HAL_I2C_Init                                      Drivers\STM32F4xx_HAL_Driver\Src\stm32f4xx_hal_i2c.o
                                                  src\main.o
HAL_I2C_IsDeviceReady                             Drivers\STM32F4xx_HAL_Driver\Src\stm32f4xx_hal_i2c.o
HAL_I2C_ListenCpltCallback                        Drivers\STM32F4xx_HAL_Driver\Src\stm32f4xx_hal_i2c.o
HAL_I2C_MasterRxCpltCallback                      Drivers\STM32F4xx_HAL_Driver\Src\stm32f4xx_hal_i2c.o
HAL_I2C_MasterTxCpltCallback                      Drivers\STM32F4xx_HAL_Driver\Src\stm32f4xx_hal_i2c.o
HAL_I2C_Master_Abort_IT                           Drivers\STM32F4xx_HAL_Driver\Src\stm32f4xx_hal_i2c.o
HAL_I2C_Master_Receive                            Drivers\STM32F4xx_HAL_Driver\Src\stm32f4xx_hal_i2c.o
HAL_I2C_Master_Receive_DMA                        Drivers\STM32F4xx_HAL_Driver\Src\stm32f4xx_hal_i2c.o
HAL_I2C_Master_Receive_IT                         Drivers\STM32F4xx_HAL_Driver\Src\stm32f4xx_hal_i2c.o
HAL_I2C_Master_Sequential_Receive_IT              Drivers\STM32F4xx_HAL_Driver\Src\stm32f4xx_hal_i2c.o
HAL_I2C_Master_Sequential_Transmit_IT             Drivers\STM32F4xx_HAL_Driver\Src\stm32f4xx_hal_i2c.o
HAL_I2C_Master_Transmit                           Drivers\STM32F4xx_HAL_Driver\Src\stm32f4xx_hal_i2c.o
HAL_I2C_Master_Transmit_DMA                       Drivers\STM32F4xx_HAL_Driver\Src\stm32f4xx_hal_i2c.o
HAL_I2C_Master_Transmit_IT                        Drivers\STM32F4xx_HAL_Driver\Src\stm32f4xx_hal_i2c.o
HAL_I2C_MemRxCpltCallback                         Drivers\STM32F4xx_HAL_Driver\Src\stm32f4xx_hal_i2c.o
HAL_I2C_MemTxCpltCallback                         Drivers\STM32F4xx_HAL_Driver\Src\stm32f4xx_hal_i2c.o
HAL_I2C_Mem_Read                                  Drivers\STM32F4xx_HAL_Driver\Src\stm32f4xx_hal_i2c.o
                                                  src\eeprom.o
HAL_I2C_Mem_Read_DMA                              Drivers\STM32F4xx_HAL_Driver\Src\stm32f4xx_hal_i2c.o
HAL_I2C_Mem_Read_IT                               Drivers\STM32F4xx_HAL_Driver\Src\stm32f4xx_hal_i2c.o
HAL_I2C_Mem_Write                                 Drivers\STM32F4xx_HAL_Driver\Src\stm32f4xx_hal_i2c.o
                                                  src\eeprom.o
HAL_I2C_Mem_Write_DMA                             Drivers\STM32F4xx_HAL_Driver\Src\stm32f4xx_hal_i2c.o
HAL_I2C_Mem_Write_IT                              Drivers\STM32F4xx_HAL_Driver\Src\stm32f4xx_hal_i2c.o
HAL_I2C_MspDeInit                                 src\stm32f4xx_hal_msp.o
HAL_I2C_MspInit                                   src\stm32f4xx_hal_msp.o
HAL_I2C_SlaveRxCpltCallback                       Drivers\STM32F4xx_HAL_Driver\Src\stm32f4xx_hal_i2c.o
HAL_I2C_SlaveTxCpltCallback                       Drivers\STM32F4xx_HAL_Driver\Src\stm32f4xx_hal_i2c.o
HAL_I2C_Slave_Receive                             Drivers\STM32F4xx_HAL_Driver\Src\stm32f4xx_hal_i2c.o
HAL_I2C_Slave_Receive_DMA                         Drivers\STM32F4xx_HAL_Driver\Src\stm32f4xx_hal_i2c.o
HAL_I2C_Slave_Receive_IT                          Drivers\STM32F4xx_HAL_Driver\Src\stm32f4xx_hal_i2c.o
HAL_I2C_Slave_Sequential_Receive_IT               Drivers\STM32F4xx_HAL_Driver\Src\stm32f4xx_hal_i2c.o
HAL_I2C_Slave_Sequential_Transmit_IT              Drivers\STM32F4xx_HAL_Driver\Src\stm32f4xx_hal_i2c.o
HAL_I2C_Slave_Transmit                            Drivers\STM32F4xx_HAL_Driver\Src\stm32f4xx_hal_i2c.o
HAL_I2C_Slave_Transmit_DMA                        Drivers\STM32F4xx_HAL_Driver\Src\stm32f4xx_hal_i2c.o
HAL_I2C_Slave_Transmit_IT                         Drivers\STM32F4xx_HAL_Driver\Src\stm32f4xx_hal_i2c.o
HAL_I2SEx_TransmitReceive                         Drivers\STM32F4xx_HAL_Driver\Src\stm32f4xx_hal_i2s_ex.o
HAL_I2SEx_TransmitReceive_DMA                     Drivers\STM32F4xx_HAL_Driver\Src\stm32f4xx_hal_i2s_ex.o
HAL_I2SEx_TransmitReceive_IT                      Drivers\STM32F4xx_HAL_Driver\Src\stm32f4xx_hal_i2s_ex.o
HAL_I2S_DMAPause                                  Drivers\STM32F4xx_HAL_Driver\Src\stm32f4xx_hal_i2s_ex.o
HAL_I2S_DMAResume                                 Drivers\STM32F4xx_HAL_Driver\Src\stm32f4xx_hal_i2s_ex.o
HAL_I2S_DMAStop                                   Drivers\STM32F4xx_HAL_Driver\Src\stm32f4xx_hal_i2s_ex.o
HAL_I2S_DeInit                                    Drivers\STM32F4xx_HAL_Driver\Src\stm32f4xx_hal_i2s.o
HAL_I2S_ErrorCallback                             Drivers\STM32F4xx_HAL_Driver\Src\stm32f4xx_hal_i2s.o
                                                  Drivers\STM32F4xx_HAL_Driver\Src\stm32f4xx_hal_i2s_ex.o
HAL_I2S_GetError                                  Drivers\STM32F4xx_HAL_Driver\Src\stm32f4xx_hal_i2s.o
HAL_I2S_GetState                                  Drivers\STM32F4xx_HAL_Driver\Src\stm32f4xx_hal_i2s.o
HAL_I2S_IRQHandler                                Drivers\STM32F4xx_HAL_Driver\Src\stm32f4xx_hal_i2s_ex.o
HAL_I2S_Init                                      Drivers\STM32F4xx_HAL_Driver\Src\stm32f4xx_hal_i2s_ex.o
HAL_I2S_MspDeInit                                 Drivers\STM32F4xx_HAL_Driver\Src\stm32f4xx_hal_i2s.o
HAL_I2S_MspInit                                   Drivers\STM32F4xx_HAL_Driver\Src\stm32f4xx_hal_i2s.o
                                                  Drivers\STM32F4xx_HAL_Driver\Src\stm32f4xx_hal_i2s_ex.o
HAL_I2S_Receive                                   Drivers\STM32F4xx_HAL_Driver\Src\stm32f4xx_hal_i2s.o
HAL_I2S_Receive_DMA                               Drivers\STM32F4xx_HAL_Driver\Src\stm32f4xx_hal_i2s.o
HAL_I2S_Receive_IT                                Drivers\STM32F4xx_HAL_Driver\Src\stm32f4xx_hal_i2s.o
HAL_I2S_RxCpltCallback                            Drivers\STM32F4xx_HAL_Driver\Src\stm32f4xx_hal_i2s.o
                                                  Drivers\STM32F4xx_HAL_Driver\Src\stm32f4xx_hal_i2s_ex.o
HAL_I2S_RxHalfCpltCallback                        Drivers\STM32F4xx_HAL_Driver\Src\stm32f4xx_hal_i2s.o
HAL_I2S_Transmit                                  Drivers\STM32F4xx_HAL_Driver\Src\stm32f4xx_hal_i2s.o
HAL_I2S_Transmit_DMA                              Drivers\STM32F4xx_HAL_Driver\Src\stm32f4xx_hal_i2s.o
HAL_I2S_Transmit_IT                               Drivers\STM32F4xx_HAL_Driver\Src\stm32f4xx_hal_i2s.o
HAL_I2S_TxCpltCallback                            Drivers\STM32F4xx_HAL_Driver\Src\stm32f4xx_hal_i2s.o
                                                  Drivers\STM32F4xx_HAL_Driver\Src\stm32f4xx_hal_i2s_ex.o
HAL_I2S_TxHalfCpltCallback                        Drivers\STM32F4xx_HAL_Driver\Src\stm32f4xx_hal_i2s.o
HAL_IRDA_DMAPause                                 Drivers\STM32F4xx_HAL_Driver\Src\stm32f4xx_hal_irda.o
HAL_IRDA_DMAResume                                Drivers\STM32F4xx_HAL_Driver\Src\stm32f4xx_hal_irda.o
HAL_IRDA_DMAStop                                  Drivers\STM32F4xx_HAL_Driver\Src\stm32f4xx_hal_irda.o
HAL_IRDA_DeInit                                   Drivers\STM32F4xx_HAL_Driver\Src\stm32f4xx_hal_irda.o
HAL_IRDA_ErrorCallback                            Drivers\STM32F4xx_HAL_Driver\Src\stm32f4xx_hal_irda.o
HAL_IRDA_GetError                                 Drivers\STM32F4xx_HAL_Driver\Src\stm32f4xx_hal_irda.o
HAL_IRDA_GetState                                 Drivers\STM32F4xx_HAL_Driver\Src\stm32f4xx_hal_irda.o
HAL_IRDA_IRQHandler                               Drivers\STM32F4xx_HAL_Driver\Src\stm32f4xx_hal_irda.o
HAL_IRDA_Init                                     Drivers\STM32F4xx_HAL_Driver\Src\stm32f4xx_hal_irda.o
HAL_IRDA_MspDeInit                                Drivers\STM32F4xx_HAL_Driver\Src\stm32f4xx_hal_irda.o
HAL_IRDA_MspInit                                  Drivers\STM32F4xx_HAL_Driver\Src\stm32f4xx_hal_irda.o
HAL_IRDA_Receive                                  Drivers\STM32F4xx_HAL_Driver\Src\stm32f4xx_hal_irda.o
HAL_IRDA_Receive_DMA                              Drivers\STM32F4xx_HAL_Driver\Src\stm32f4xx_hal_irda.o
HAL_IRDA_Receive_IT                               Drivers\STM32F4xx_HAL_Driver\Src\stm32f4xx_hal_irda.o
HAL_IRDA_RxCpltCallback                           Drivers\STM32F4xx_HAL_Driver\Src\stm32f4xx_hal_irda.o
HAL_IRDA_RxHalfCpltCallback                       Drivers\STM32F4xx_HAL_Driver\Src\stm32f4xx_hal_irda.o
HAL_IRDA_Transmit                                 Drivers\STM32F4xx_HAL_Driver\Src\stm32f4xx_hal_irda.o
HAL_IRDA_Transmit_DMA                             Drivers\STM32F4xx_HAL_Driver\Src\stm32f4xx_hal_irda.o
HAL_IRDA_Transmit_IT                              Drivers\STM32F4xx_HAL_Driver\Src\stm32f4xx_hal_irda.o
HAL_IRDA_TxCpltCallback                           Drivers\STM32F4xx_HAL_Driver\Src\stm32f4xx_hal_irda.o
HAL_IRDA_TxHalfCpltCallback                       Drivers\STM32F4xx_HAL_Driver\Src\stm32f4xx_hal_irda.o
HAL_IWDG_GetState                                 Drivers\STM32F4xx_HAL_Driver\Src\stm32f4xx_hal_iwdg.o
HAL_IWDG_Init                                     Drivers\STM32F4xx_HAL_Driver\Src\stm32f4xx_hal_iwdg.o
HAL_IWDG_MspInit                                  Drivers\STM32F4xx_HAL_Driver\Src\stm32f4xx_hal_iwdg.o
HAL_IWDG_Refresh                                  Drivers\STM32F4xx_HAL_Driver\Src\stm32f4xx_hal_iwdg.o
HAL_IWDG_Start                                    Drivers\STM32F4xx_HAL_Driver\Src\stm32f4xx_hal_iwdg.o
HAL_IncTick                                       Drivers\STM32F4xx_HAL_Driver\Src\stm32f4xx_hal.o
                                                  src\stm32f4xx_it.o
HAL_Init                                          Drivers\STM32F4xx_HAL_Driver\Src\stm32f4xx_hal.o
                                                  src\main.o
HAL_InitTick                                      Drivers\STM32F4xx_HAL_Driver\Src\stm32f4xx_hal.o
                                                  Drivers\STM32F4xx_HAL_Driver\Src\stm32f4xx_hal_rcc.o
HAL_LIN_Init                                      Drivers\STM32F4xx_HAL_Driver\Src\stm32f4xx_hal_uart.o
HAL_LIN_SendBreak                                 Drivers\STM32F4xx_HAL_Driver\Src\stm32f4xx_hal_uart.o
HAL_MPU_ConfigRegion                              Drivers\STM32F4xx_HAL_Driver\Src\stm32f4xx_hal_cortex.o
HAL_MspDeInit                                     Drivers\STM32F4xx_HAL_Driver\Src\stm32f4xx_hal.o
HAL_MspInit                                       src\stm32f4xx_hal_msp.o
HAL_MultiProcessor_EnterMuteMode                  Drivers\STM32F4xx_HAL_Driver\Src\stm32f4xx_hal_uart.o
HAL_MultiProcessor_ExitMuteMode                   Drivers\STM32F4xx_HAL_Driver\Src\stm32f4xx_hal_uart.o
HAL_MultiProcessor_Init                           Drivers\STM32F4xx_HAL_Driver\Src\stm32f4xx_hal_uart.o
HAL_NVIC_ClearPendingIRQ                          Drivers\STM32F4xx_HAL_Driver\Src\stm32f4xx_hal_cortex.o
HAL_NVIC_DisableIRQ                               Drivers\STM32F4xx_HAL_Driver\Src\stm32f4xx_hal_cortex.o
HAL_NVIC_EnableIRQ                                Drivers\STM32F4xx_HAL_Driver\Src\stm32f4xx_hal_cortex.o
HAL_NVIC_GetActive                                Drivers\STM32F4xx_HAL_Driver\Src\stm32f4xx_hal_cortex.o
HAL_NVIC_GetPendingIRQ                            Drivers\STM32F4xx_HAL_Driver\Src\stm32f4xx_hal_cortex.o
HAL_NVIC_GetPriority                              Drivers\STM32F4xx_HAL_Driver\Src\stm32f4xx_hal_cortex.o
HAL_NVIC_GetPriorityGrouping                      Drivers\STM32F4xx_HAL_Driver\Src\stm32f4xx_hal_cortex.o
HAL_NVIC_SetPendingIRQ                            Drivers\STM32F4xx_HAL_Driver\Src\stm32f4xx_hal_cortex.o
HAL_NVIC_SetPriority                              Drivers\STM32F4xx_HAL_Driver\Src\stm32f4xx_hal_cortex.o
                                                  Drivers\STM32F4xx_HAL_Driver\Src\stm32f4xx_hal.o
                                                  src\main.o
                                                  src\stm32f4xx_hal_msp.o
HAL_NVIC_SetPriorityGrouping                      Drivers\STM32F4xx_HAL_Driver\Src\stm32f4xx_hal_cortex.o
                                                  Drivers\STM32F4xx_HAL_Driver\Src\stm32f4xx_hal.o
                                                  src\stm32f4xx_hal_msp.o
HAL_NVIC_SystemReset                              Drivers\STM32F4xx_HAL_Driver\Src\stm32f4xx_hal_cortex.o
HAL_PCDEx_SetRxFiFo                               Drivers\STM32F4xx_HAL_Driver\Src\stm32f4xx_hal_pcd_ex.o
HAL_PCDEx_SetTxFiFo                               Drivers\STM32F4xx_HAL_Driver\Src\stm32f4xx_hal_pcd_ex.o
HAL_PCD_ActivateRemoteWakeup                      Drivers\STM32F4xx_HAL_Driver\Src\stm32f4xx_hal_pcd.o
HAL_PCD_ConnectCallback                           Drivers\STM32F4xx_HAL_Driver\Src\stm32f4xx_hal_pcd.o
HAL_PCD_DataInStageCallback                       Drivers\STM32F4xx_HAL_Driver\Src\stm32f4xx_hal_pcd.o
HAL_PCD_DataOutStageCallback                      Drivers\STM32F4xx_HAL_Driver\Src\stm32f4xx_hal_pcd.o
HAL_PCD_DeActivateRemoteWakeup                    Drivers\STM32F4xx_HAL_Driver\Src\stm32f4xx_hal_pcd.o
HAL_PCD_DeInit                                    Drivers\STM32F4xx_HAL_Driver\Src\stm32f4xx_hal_pcd.o
HAL_PCD_DevConnect                                Drivers\STM32F4xx_HAL_Driver\Src\stm32f4xx_hal_pcd.o
HAL_PCD_DevDisconnect                             Drivers\STM32F4xx_HAL_Driver\Src\stm32f4xx_hal_pcd.o
HAL_PCD_DisconnectCallback                        Drivers\STM32F4xx_HAL_Driver\Src\stm32f4xx_hal_pcd.o
HAL_PCD_EP_Close                                  Drivers\STM32F4xx_HAL_Driver\Src\stm32f4xx_hal_pcd.o
HAL_PCD_EP_ClrStall                               Drivers\STM32F4xx_HAL_Driver\Src\stm32f4xx_hal_pcd.o
HAL_PCD_EP_Flush                                  Drivers\STM32F4xx_HAL_Driver\Src\stm32f4xx_hal_pcd.o
HAL_PCD_EP_GetRxCount                             Drivers\STM32F4xx_HAL_Driver\Src\stm32f4xx_hal_pcd.o
HAL_PCD_EP_Open                                   Drivers\STM32F4xx_HAL_Driver\Src\stm32f4xx_hal_pcd.o
HAL_PCD_EP_Receive                                Drivers\STM32F4xx_HAL_Driver\Src\stm32f4xx_hal_pcd.o
HAL_PCD_EP_SetStall                               Drivers\STM32F4xx_HAL_Driver\Src\stm32f4xx_hal_pcd.o
HAL_PCD_EP_Transmit                               Drivers\STM32F4xx_HAL_Driver\Src\stm32f4xx_hal_pcd.o
HAL_PCD_GetState                                  Drivers\STM32F4xx_HAL_Driver\Src\stm32f4xx_hal_pcd.o
HAL_PCD_IRQHandler                                Drivers\STM32F4xx_HAL_Driver\Src\stm32f4xx_hal_pcd.o
HAL_PCD_ISOINIncompleteCallback                   Drivers\STM32F4xx_HAL_Driver\Src\stm32f4xx_hal_pcd.o
HAL_PCD_ISOOUTIncompleteCallback                  Drivers\STM32F4xx_HAL_Driver\Src\stm32f4xx_hal_pcd.o
HAL_PCD_Init                                      Drivers\STM32F4xx_HAL_Driver\Src\stm32f4xx_hal_pcd.o
HAL_PCD_MspDeInit                                 Drivers\STM32F4xx_HAL_Driver\Src\stm32f4xx_hal_pcd.o
HAL_PCD_MspInit                                   Drivers\STM32F4xx_HAL_Driver\Src\stm32f4xx_hal_pcd.o
HAL_PCD_ResetCallback                             Drivers\STM32F4xx_HAL_Driver\Src\stm32f4xx_hal_pcd.o
HAL_PCD_ResumeCallback                            Drivers\STM32F4xx_HAL_Driver\Src\stm32f4xx_hal_pcd.o
HAL_PCD_SOFCallback                               Drivers\STM32F4xx_HAL_Driver\Src\stm32f4xx_hal_pcd.o
HAL_PCD_SetAddress                                Drivers\STM32F4xx_HAL_Driver\Src\stm32f4xx_hal_pcd.o
HAL_PCD_SetupStageCallback                        Drivers\STM32F4xx_HAL_Driver\Src\stm32f4xx_hal_pcd.o
HAL_PCD_Start                                     Drivers\STM32F4xx_HAL_Driver\Src\stm32f4xx_hal_pcd.o
HAL_PCD_Stop                                      Drivers\STM32F4xx_HAL_Driver\Src\stm32f4xx_hal_pcd.o
HAL_PCD_SuspendCallback                           Drivers\STM32F4xx_HAL_Driver\Src\stm32f4xx_hal_pcd.o
HAL_PPP_MspDeInit                                 Drivers\STM32F4xx_HAL_Driver\Src\stm32f4xx_hal_msp_template.o
HAL_PPP_MspInit                                   Drivers\STM32F4xx_HAL_Driver\Src\stm32f4xx_hal_msp_template.o
HAL_PWREx_ControlVoltageScaling                   Drivers\STM32F4xx_HAL_Driver\Src\stm32f4xx_hal_pwr_ex.o
HAL_PWREx_DisableBkUpReg                          Drivers\STM32F4xx_HAL_Driver\Src\stm32f4xx_hal_pwr_ex.o
HAL_PWREx_DisableFlashPowerDown                   Drivers\STM32F4xx_HAL_Driver\Src\stm32f4xx_hal_pwr_ex.o
HAL_PWREx_DisableLowRegulatorLowVoltage           Drivers\STM32F4xx_HAL_Driver\Src\stm32f4xx_hal_pwr_ex.o
HAL_PWREx_DisableMainRegulatorLowVoltage          Drivers\STM32F4xx_HAL_Driver\Src\stm32f4xx_hal_pwr_ex.o
HAL_PWREx_EnableBkUpReg                           Drivers\STM32F4xx_HAL_Driver\Src\stm32f4xx_hal_pwr_ex.o
HAL_PWREx_EnableFlashPowerDown                    Drivers\STM32F4xx_HAL_Driver\Src\stm32f4xx_hal_pwr_ex.o
HAL_PWREx_EnableLowRegulatorLowVoltage            Drivers\STM32F4xx_HAL_Driver\Src\stm32f4xx_hal_pwr_ex.o
HAL_PWREx_EnableMainRegulatorLowVoltage           Drivers\STM32F4xx_HAL_Driver\Src\stm32f4xx_hal_pwr_ex.o
HAL_PWREx_GetVoltageRange                         Drivers\STM32F4xx_HAL_Driver\Src\stm32f4xx_hal_pwr_ex.o
HAL_PWR_ConfigPVD                                 Drivers\STM32F4xx_HAL_Driver\Src\stm32f4xx_hal_pwr.o
HAL_PWR_DeInit                                    Drivers\STM32F4xx_HAL_Driver\Src\stm32f4xx_hal_pwr.o
HAL_PWR_DisableBkUpAccess                         Drivers\STM32F4xx_HAL_Driver\Src\stm32f4xx_hal_pwr.o
HAL_PWR_DisablePVD                                Drivers\STM32F4xx_HAL_Driver\Src\stm32f4xx_hal_pwr.o
HAL_PWR_DisableSEVOnPend                          Drivers\STM32F4xx_HAL_Driver\Src\stm32f4xx_hal_pwr.o
HAL_PWR_DisableSleepOnExit                        Drivers\STM32F4xx_HAL_Driver\Src\stm32f4xx_hal_pwr.o
HAL_PWR_DisableWakeUpPin                          Drivers\STM32F4xx_HAL_Driver\Src\stm32f4xx_hal_pwr.o
HAL_PWR_EnableBkUpAccess                          Drivers\STM32F4xx_HAL_Driver\Src\stm32f4xx_hal_pwr.o
HAL_PWR_EnablePVD                                 Drivers\STM32F4xx_HAL_Driver\Src\stm32f4xx_hal_pwr.o
HAL_PWR_EnableSEVOnPend                           Drivers\STM32F4xx_HAL_Driver\Src\stm32f4xx_hal_pwr.o
HAL_PWR_EnableSleepOnExit                         Drivers\STM32F4xx_HAL_Driver\Src\stm32f4xx_hal_pwr.o
HAL_PWR_EnableWakeUpPin                           Drivers\STM32F4xx_HAL_Driver\Src\stm32f4xx_hal_pwr.o
HAL_PWR_EnterSLEEPMode                            Drivers\STM32F4xx_HAL_Driver\Src\stm32f4xx_hal_pwr.o
HAL_PWR_EnterSTANDBYMode                          Drivers\STM32F4xx_HAL_Driver\Src\stm32f4xx_hal_pwr.o
HAL_PWR_EnterSTOPMode                             Drivers\STM32F4xx_HAL_Driver\Src\stm32f4xx_hal_pwr.o
HAL_PWR_PVDCallback                               Drivers\STM32F4xx_HAL_Driver\Src\stm32f4xx_hal_pwr.o
HAL_PWR_PVD_IRQHandler                            Drivers\STM32F4xx_HAL_Driver\Src\stm32f4xx_hal_pwr.o
HAL_RCCEx_GetPeriphCLKConfig                      Drivers\STM32F4xx_HAL_Driver\Src\stm32f4xx_hal_rcc_ex.o
HAL_RCCEx_PeriphCLKConfig                         Drivers\STM32F4xx_HAL_Driver\Src\stm32f4xx_hal_rcc_ex.o
HAL_RCCEx_SelectLSEMode                           Drivers\STM32F4xx_HAL_Driver\Src\stm32f4xx_hal_rcc_ex.o
HAL_RCC_CSSCallback                               Drivers\STM32F4xx_HAL_Driver\Src\stm32f4xx_hal_rcc.o
HAL_RCC_ClockConfig                               Drivers\STM32F4xx_HAL_Driver\Src\stm32f4xx_hal_rcc.o
                                                  src\main.o
HAL_RCC_DeInit                                    Drivers\STM32F4xx_HAL_Driver\Src\stm32f4xx_hal_rcc_ex.o
HAL_RCC_DisableCSS                                Drivers\STM32F4xx_HAL_Driver\Src\stm32f4xx_hal_rcc.o
HAL_RCC_EnableCSS                                 Drivers\STM32F4xx_HAL_Driver\Src\stm32f4xx_hal_rcc.o
HAL_RCC_GetClockConfig                            Drivers\STM32F4xx_HAL_Driver\Src\stm32f4xx_hal_rcc.o
HAL_RCC_GetHCLKFreq                               Drivers\STM32F4xx_HAL_Driver\Src\stm32f4xx_hal_rcc.o
                                                  Drivers\STM32F4xx_HAL_Driver\Src\stm32f4xx_hal.o
                                                  src\main.o
HAL_RCC_GetOscConfig                              Drivers\STM32F4xx_HAL_Driver\Src\stm32f4xx_hal_rcc.o
HAL_RCC_GetPCLK1Freq                              Drivers\STM32F4xx_HAL_Driver\Src\stm32f4xx_hal_rcc.o
                                                  Drivers\STM32F4xx_HAL_Driver\Src\stm32f4xx_hal_i2c.o
                                                  Drivers\STM32F4xx_HAL_Driver\Src\stm32f4xx_hal_irda.o
                                                  Drivers\STM32F4xx_HAL_Driver\Src\stm32f4xx_hal_smartcard.o
                                                  Drivers\STM32F4xx_HAL_Driver\Src\stm32f4xx_hal_uart.o
                                                  Drivers\STM32F4xx_HAL_Driver\Src\stm32f4xx_hal_usart.o
HAL_RCC_GetPCLK2Freq                              Drivers\STM32F4xx_HAL_Driver\Src\stm32f4xx_hal_rcc.o
                                                  Drivers\STM32F4xx_HAL_Driver\Src\stm32f4xx_hal_irda.o
                                                  Drivers\STM32F4xx_HAL_Driver\Src\stm32f4xx_hal_smartcard.o
                                                  Drivers\STM32F4xx_HAL_Driver\Src\stm32f4xx_hal_uart.o
                                                  Drivers\STM32F4xx_HAL_Driver\Src\stm32f4xx_hal_usart.o
HAL_RCC_GetSysClockFreq                           Drivers\STM32F4xx_HAL_Driver\Src\stm32f4xx_hal_rcc.o
HAL_RCC_MCOConfig                                 Drivers\STM32F4xx_HAL_Driver\Src\stm32f4xx_hal_rcc.o
HAL_RCC_NMI_IRQHandler                            Drivers\STM32F4xx_HAL_Driver\Src\stm32f4xx_hal_rcc.o
HAL_RCC_OscConfig                                 Drivers\STM32F4xx_HAL_Driver\Src\stm32f4xx_hal_rcc.o
                                                  src\main.o
HAL_RTCEx_AlarmBEventCallback                     Drivers\STM32F4xx_HAL_Driver\Src\stm32f4xx_hal_rtc_ex.o
                                                  Drivers\STM32F4xx_HAL_Driver\Src\stm32f4xx_hal_rtc.o
HAL_RTCEx_BKUPRead                                Drivers\STM32F4xx_HAL_Driver\Src\stm32f4xx_hal_rtc_ex.o
HAL_RTCEx_BKUPWrite                               Drivers\STM32F4xx_HAL_Driver\Src\stm32f4xx_hal_rtc_ex.o
HAL_RTCEx_DeactivateCalibrationOutPut             Drivers\STM32F4xx_HAL_Driver\Src\stm32f4xx_hal_rtc_ex.o
HAL_RTCEx_DeactivateCoarseCalib                   Drivers\STM32F4xx_HAL_Driver\Src\stm32f4xx_hal_rtc_ex.o
HAL_RTCEx_DeactivateRefClock                      Drivers\STM32F4xx_HAL_Driver\Src\stm32f4xx_hal_rtc_ex.o
HAL_RTCEx_DeactivateTamper                        Drivers\STM32F4xx_HAL_Driver\Src\stm32f4xx_hal_rtc_ex.o
HAL_RTCEx_DeactivateTimeStamp                     Drivers\STM32F4xx_HAL_Driver\Src\stm32f4xx_hal_rtc_ex.o
HAL_RTCEx_DeactivateWakeUpTimer                   Drivers\STM32F4xx_HAL_Driver\Src\stm32f4xx_hal_rtc_ex.o
HAL_RTCEx_DisableBypassShadow                     Drivers\STM32F4xx_HAL_Driver\Src\stm32f4xx_hal_rtc_ex.o
HAL_RTCEx_EnableBypassShadow                      Drivers\STM32F4xx_HAL_Driver\Src\stm32f4xx_hal_rtc_ex.o
HAL_RTCEx_GetTimeStamp                            Drivers\STM32F4xx_HAL_Driver\Src\stm32f4xx_hal_rtc_ex.o
HAL_RTCEx_GetWakeUpTimer                          Drivers\STM32F4xx_HAL_Driver\Src\stm32f4xx_hal_rtc_ex.o
HAL_RTCEx_PollForAlarmBEvent                      Drivers\STM32F4xx_HAL_Driver\Src\stm32f4xx_hal_rtc_ex.o
HAL_RTCEx_PollForTamper1Event                     Drivers\STM32F4xx_HAL_Driver\Src\stm32f4xx_hal_rtc_ex.o
HAL_RTCEx_PollForTamper2Event                     Drivers\STM32F4xx_HAL_Driver\Src\stm32f4xx_hal_rtc_ex.o
HAL_RTCEx_PollForTimeStampEvent                   Drivers\STM32F4xx_HAL_Driver\Src\stm32f4xx_hal_rtc_ex.o
HAL_RTCEx_PollForWakeUpTimerEvent                 Drivers\STM32F4xx_HAL_Driver\Src\stm32f4xx_hal_rtc_ex.o
HAL_RTCEx_SetCalibrationOutPut                    Drivers\STM32F4xx_HAL_Driver\Src\stm32f4xx_hal_rtc_ex.o
HAL_RTCEx_SetCoarseCalib                          Drivers\STM32F4xx_HAL_Driver\Src\stm32f4xx_hal_rtc_ex.o
HAL_RTCEx_SetRefClock                             Drivers\STM32F4xx_HAL_Driver\Src\stm32f4xx_hal_rtc_ex.o
HAL_RTCEx_SetSmoothCalib                          Drivers\STM32F4xx_HAL_Driver\Src\stm32f4xx_hal_rtc_ex.o
HAL_RTCEx_SetSynchroShift                         Drivers\STM32F4xx_HAL_Driver\Src\stm32f4xx_hal_rtc_ex.o
HAL_RTCEx_SetTamper                               Drivers\STM32F4xx_HAL_Driver\Src\stm32f4xx_hal_rtc_ex.o
HAL_RTCEx_SetTamper_IT                            Drivers\STM32F4xx_HAL_Driver\Src\stm32f4xx_hal_rtc_ex.o
HAL_RTCEx_SetTimeStamp                            Drivers\STM32F4xx_HAL_Driver\Src\stm32f4xx_hal_rtc_ex.o
HAL_RTCEx_SetTimeStamp_IT                         Drivers\STM32F4xx_HAL_Driver\Src\stm32f4xx_hal_rtc_ex.o
HAL_RTCEx_SetWakeUpTimer                          Drivers\STM32F4xx_HAL_Driver\Src\stm32f4xx_hal_rtc_ex.o
HAL_RTCEx_SetWakeUpTimer_IT                       Drivers\STM32F4xx_HAL_Driver\Src\stm32f4xx_hal_rtc_ex.o
HAL_RTCEx_Tamper1EventCallback                    Drivers\STM32F4xx_HAL_Driver\Src\stm32f4xx_hal_rtc_ex.o
HAL_RTCEx_Tamper2EventCallback                    Drivers\STM32F4xx_HAL_Driver\Src\stm32f4xx_hal_rtc_ex.o
HAL_RTCEx_TamperTimeStampIRQHandler               Drivers\STM32F4xx_HAL_Driver\Src\stm32f4xx_hal_rtc_ex.o
HAL_RTCEx_TimeStampEventCallback                  Drivers\STM32F4xx_HAL_Driver\Src\stm32f4xx_hal_rtc_ex.o
HAL_RTCEx_WakeUpTimerEventCallback                Drivers\STM32F4xx_HAL_Driver\Src\stm32f4xx_hal_rtc_ex.o
HAL_RTCEx_WakeUpTimerIRQHandler                   Drivers\STM32F4xx_HAL_Driver\Src\stm32f4xx_hal_rtc_ex.o
HAL_RTC_AlarmAEventCallback                       Drivers\STM32F4xx_HAL_Driver\Src\stm32f4xx_hal_rtc.o
HAL_RTC_AlarmIRQHandler                           Drivers\STM32F4xx_HAL_Driver\Src\stm32f4xx_hal_rtc.o
HAL_RTC_DeInit                                    Drivers\STM32F4xx_HAL_Driver\Src\stm32f4xx_hal_rtc.o
HAL_RTC_DeactivateAlarm                           Drivers\STM32F4xx_HAL_Driver\Src\stm32f4xx_hal_rtc.o
HAL_RTC_GetAlarm                                  Drivers\STM32F4xx_HAL_Driver\Src\stm32f4xx_hal_rtc.o
HAL_RTC_GetDate                                   Drivers\STM32F4xx_HAL_Driver\Src\stm32f4xx_hal_rtc.o
HAL_RTC_GetState                                  Drivers\STM32F4xx_HAL_Driver\Src\stm32f4xx_hal_rtc.o
HAL_RTC_GetTime                                   Drivers\STM32F4xx_HAL_Driver\Src\stm32f4xx_hal_rtc.o
HAL_RTC_Init                                      Drivers\STM32F4xx_HAL_Driver\Src\stm32f4xx_hal_rtc.o
HAL_RTC_MspDeInit                                 Drivers\STM32F4xx_HAL_Driver\Src\stm32f4xx_hal_rtc.o
HAL_RTC_MspInit                                   Drivers\STM32F4xx_HAL_Driver\Src\stm32f4xx_hal_rtc.o
HAL_RTC_PollForAlarmAEvent                        Drivers\STM32F4xx_HAL_Driver\Src\stm32f4xx_hal_rtc.o
HAL_RTC_SetAlarm                                  Drivers\STM32F4xx_HAL_Driver\Src\stm32f4xx_hal_rtc.o
HAL_RTC_SetAlarm_IT                               Drivers\STM32F4xx_HAL_Driver\Src\stm32f4xx_hal_rtc.o
HAL_RTC_SetDate                                   Drivers\STM32F4xx_HAL_Driver\Src\stm32f4xx_hal_rtc.o
HAL_RTC_SetTime                                   Drivers\STM32F4xx_HAL_Driver\Src\stm32f4xx_hal_rtc.o
HAL_RTC_WaitForSynchro                            Drivers\STM32F4xx_HAL_Driver\Src\stm32f4xx_hal_rtc.o
                                                  Drivers\STM32F4xx_HAL_Driver\Src\stm32f4xx_hal_rtc_ex.o
HAL_ResumeTick                                    Drivers\STM32F4xx_HAL_Driver\Src\stm32f4xx_hal.o
HAL_SD_CheckReadOperation                         Drivers\STM32F4xx_HAL_Driver\Src\stm32f4xx_hal_sd.o
HAL_SD_CheckWriteOperation                        Drivers\STM32F4xx_HAL_Driver\Src\stm32f4xx_hal_sd.o
HAL_SD_DMA_RxCpltCallback                         Drivers\STM32F4xx_HAL_Driver\Src\stm32f4xx_hal_sd.o
HAL_SD_DMA_RxErrorCallback                        Drivers\STM32F4xx_HAL_Driver\Src\stm32f4xx_hal_sd.o
HAL_SD_DMA_TxCpltCallback                         Drivers\STM32F4xx_HAL_Driver\Src\stm32f4xx_hal_sd.o
HAL_SD_DMA_TxErrorCallback                        Drivers\STM32F4xx_HAL_Driver\Src\stm32f4xx_hal_sd.o
HAL_SD_DeInit                                     Drivers\STM32F4xx_HAL_Driver\Src\stm32f4xx_hal_sd.o
HAL_SD_Erase                                      Drivers\STM32F4xx_HAL_Driver\Src\stm32f4xx_hal_sd.o
HAL_SD_GetCardStatus                              Drivers\STM32F4xx_HAL_Driver\Src\stm32f4xx_hal_sd.o
HAL_SD_GetStatus                                  Drivers\STM32F4xx_HAL_Driver\Src\stm32f4xx_hal_sd.o
HAL_SD_Get_CardInfo                               Drivers\STM32F4xx_HAL_Driver\Src\stm32f4xx_hal_sd.o
HAL_SD_HighSpeed                                  Drivers\STM32F4xx_HAL_Driver\Src\stm32f4xx_hal_sd.o
HAL_SD_IRQHandler                                 Drivers\STM32F4xx_HAL_Driver\Src\stm32f4xx_hal_sd.o
HAL_SD_Init                                       Drivers\STM32F4xx_HAL_Driver\Src\stm32f4xx_hal_sd.o
HAL_SD_MspDeInit                                  Drivers\STM32F4xx_HAL_Driver\Src\stm32f4xx_hal_sd.o
HAL_SD_MspInit                                    Drivers\STM32F4xx_HAL_Driver\Src\stm32f4xx_hal_sd.o
HAL_SD_ReadBlocks                                 Drivers\STM32F4xx_HAL_Driver\Src\stm32f4xx_hal_sd.o
HAL_SD_ReadBlocks_DMA                             Drivers\STM32F4xx_HAL_Driver\Src\stm32f4xx_hal_sd.o
HAL_SD_SendSDStatus                               Drivers\STM32F4xx_HAL_Driver\Src\stm32f4xx_hal_sd.o
HAL_SD_StopTransfer                               Drivers\STM32F4xx_HAL_Driver\Src\stm32f4xx_hal_sd.o
HAL_SD_WideBusOperation_Config                    Drivers\STM32F4xx_HAL_Driver\Src\stm32f4xx_hal_sd.o
HAL_SD_WriteBlocks                                Drivers\STM32F4xx_HAL_Driver\Src\stm32f4xx_hal_sd.o
HAL_SD_WriteBlocks_DMA                            Drivers\STM32F4xx_HAL_Driver\Src\stm32f4xx_hal_sd.o
HAL_SD_XferCpltCallback                           Drivers\STM32F4xx_HAL_Driver\Src\stm32f4xx_hal_sd.o
HAL_SD_XferErrorCallback                          Drivers\STM32F4xx_HAL_Driver\Src\stm32f4xx_hal_sd.o
HAL_SMARTCARD_DeInit                              Drivers\STM32F4xx_HAL_Driver\Src\stm32f4xx_hal_smartcard.o
HAL_SMARTCARD_ErrorCallback                       Drivers\STM32F4xx_HAL_Driver\Src\stm32f4xx_hal_smartcard.o