Archive member included to satisfy reference by file (symbol)

/usr/lib/gcc/arm-none-eabi/6.3.0/../../../../arm-none-eabi/lib/armv7e-m/fpu/libstdc++.a(atexit_arm.o)
                              Debug/Src/main.o (__aeabi_atexit)
/usr/lib/gcc/arm-none-eabi/6.3.0/../../../../arm-none-eabi/lib/armv7e-m/fpu/libstdc++.a(del_ops.o)
                              Debug/Src/eeprom.o (operator delete(void*, unsigned int))
/usr/lib/gcc/arm-none-eabi/6.3.0/../../../../arm-none-eabi/lib/armv7e-m/fpu/libstdc++.a(del_op.o)
                              /usr/lib/gcc/arm-none-eabi/6.3.0/../../../../arm-none-eabi/lib/armv7e-m/fpu/libstdc++.a(del_ops.o) (operator delete(void*))
/usr/lib/gcc/arm-none-eabi/6.3.0/../../../../arm-none-eabi/lib/armv7e-m/fpu/libc.a(lib_a-atexit.o)
                              /usr/lib/gcc/arm-none-eabi/6.3.0/../../../../arm-none-eabi/lib/armv7e-m/fpu/crt0.o (atexit)
/usr/lib/gcc/arm-none-eabi/6.3.0/../../../../arm-none-eabi/lib/armv7e-m/fpu/libc.a(lib_a-cxa_atexit.o)
                              /usr/lib/gcc/arm-none-eabi/6.3.0/../../../../arm-none-eabi/lib/armv7e-m/fpu/libstdc++.a(atexit_arm.o) (__cxa_atexit)
/usr/lib/gcc/arm-none-eabi/6.3.0/../../../../arm-none-eabi/lib/armv7e-m/fpu/libc.a(lib_a-errno.o)
                              Debug/Src/syscalls.o (__errno)
/usr/lib/gcc/arm-none-eabi/6.3.0/../../../../arm-none-eabi/lib/armv7e-m/fpu/libc.a(lib_a-exit.o)
                              /usr/lib/gcc/arm-none-eabi/6.3.0/../../../../arm-none-eabi/lib/armv7e-m/fpu/crt0.o (exit)
/usr/lib/gcc/arm-none-eabi/6.3.0/../../../../arm-none-eabi/lib/armv7e-m/fpu/libc.a(lib_a-fini.o)
                              /usr/lib/gcc/arm-none-eabi/6.3.0/../../../../arm-none-eabi/lib/armv7e-m/fpu/crt0.o (__libc_fini_array)
/usr/lib/gcc/arm-none-eabi/6.3.0/../../../../arm-none-eabi/lib/armv7e-m/fpu/libc.a(lib_a-impure.o)
                              /usr/lib/gcc/arm-none-eabi/6.3.0/../../../../arm-none-eabi/lib/armv7e-m/fpu/libc.a(lib_a-exit.o) (_global_impure_ptr)
/usr/lib/gcc/arm-none-eabi/6.3.0/../../../../arm-none-eabi/lib/armv7e-m/fpu/libc.a(lib_a-init.o)
                              /usr/lib/gcc/arm-none-eabi/6.3.0/../../../../arm-none-eabi/lib/armv7e-m/fpu/crt0.o (__libc_init_array)
/usr/lib/gcc/arm-none-eabi/6.3.0/../../../../arm-none-eabi/lib/armv7e-m/fpu/libc.a(lib_a-malloc.o)
                              /usr/lib/gcc/arm-none-eabi/6.3.0/../../../../arm-none-eabi/lib/armv7e-m/fpu/libstdc++.a(del_op.o) (free)
/usr/lib/gcc/arm-none-eabi/6.3.0/../../../../arm-none-eabi/lib/armv7e-m/fpu/libc.a(lib_a-mallocr.o)
                              /usr/lib/gcc/arm-none-eabi/6.3.0/../../../../arm-none-eabi/lib/armv7e-m/fpu/libc.a(lib_a-malloc.o) (_malloc_r)
/usr/lib/gcc/arm-none-eabi/6.3.0/../../../../arm-none-eabi/lib/armv7e-m/fpu/libc.a(lib_a-memset.o)
                              /usr/lib/gcc/arm-none-eabi/6.3.0/../../../../arm-none-eabi/lib/armv7e-m/fpu/crt0.o (memset)
/usr/lib/gcc/arm-none-eabi/6.3.0/../../../../arm-none-eabi/lib/armv7e-m/fpu/libc.a(lib_a-mlock.o)
                              /usr/lib/gcc/arm-none-eabi/6.3.0/../../../../arm-none-eabi/lib/armv7e-m/fpu/libc.a(lib_a-mallocr.o) (__malloc_lock)
/usr/lib/gcc/arm-none-eabi/6.3.0/../../../../arm-none-eabi/lib/armv7e-m/fpu/libc.a(lib_a-sbrkr.o)
                              /usr/lib/gcc/arm-none-eabi/6.3.0/../../../../arm-none-eabi/lib/armv7e-m/fpu/libc.a(lib_a-mallocr.o) (_sbrk_r)
/usr/lib/gcc/arm-none-eabi/6.3.0/../../../../arm-none-eabi/lib/armv7e-m/fpu/libc.a(lib_a-__atexit.o)
                              /usr/lib/gcc/arm-none-eabi/6.3.0/../../../../arm-none-eabi/lib/armv7e-m/fpu/libc.a(lib_a-atexit.o) (__register_exitproc)
/usr/lib/gcc/arm-none-eabi/6.3.0/../../../../arm-none-eabi/lib/armv7e-m/fpu/libc.a(lib_a-__call_atexit.o)
                              /usr/lib/gcc/arm-none-eabi/6.3.0/../../../../arm-none-eabi/lib/armv7e-m/fpu/libc.a(lib_a-exit.o) (__call_exitprocs)
/usr/lib/gcc/arm-none-eabi/6.3.0/../../../../arm-none-eabi/lib/armv7e-m/fpu/libc.a(lib_a-freer.o)
                              /usr/lib/gcc/arm-none-eabi/6.3.0/../../../../arm-none-eabi/lib/armv7e-m/fpu/libc.a(lib_a-malloc.o) (_free_r)
/usr/lib/gcc/arm-none-eabi/6.3.0/../../../../arm-none-eabi/lib/armv7e-m/fpu/libc.a(lib_a-reent.o)
                              /usr/lib/gcc/arm-none-eabi/6.3.0/../../../../arm-none-eabi/lib/armv7e-m/fpu/libc.a(lib_a-sbrkr.o) (errno)

Allocating common symbols
Common symbol       size              file

errno               0x4               /usr/lib/gcc/arm-none-eabi/6.3.0/../../../../arm-none-eabi/lib/armv7e-m/fpu/libc.a(lib_a-reent.o)
uwTick              0x4               Debug/Drivers/STM32F4xx_HAL_Driver/Src/stm32f4xx_hal.o
pFlash              0x20              Debug/Drivers/STM32F4xx_HAL_Driver/Src/stm32f4xx_hal_flash.o

Discarded input sections

 .text          0x0000000000000000        0x0 /usr/lib/gcc/arm-none-eabi/6.3.0/armv7e-m/fpu/crti.o
 .data          0x0000000000000000        0x0 /usr/lib/gcc/arm-none-eabi/6.3.0/armv7e-m/fpu/crti.o
[...]
Memory Configuration

Name             Origin             Length             Attributes
RAM              0x0000000020000000 0x0000000000020000 xrw
FLASH            0x0000000008000000 0x0000000000080000 xr
*default*        0x0000000000000000 0xffffffffffffffff

Linker script and memory map

LOAD /usr/lib/gcc/arm-none-eabi/6.3.0/armv7e-m/fpu/crti.o
LOAD /usr/lib/gcc/arm-none-eabi/6.3.0/armv7e-m/fpu/crtbegin.o
LOAD /usr/lib/gcc/arm-none-eabi/6.3.0/../../../../arm-none-eabi/lib/armv7e-m/fpu/crt0.o
LOAD Debug/Drivers/STM32F4xx_HAL_Driver/Src/stm32f4xx_hal_i2c_ex.o
LOAD Debug/Drivers/STM32F4xx_HAL_Driver/Src/stm32f4xx_hal_rcc_ex.o
LOAD Debug/Drivers/STM32F4xx_HAL_Driver/Src/stm32f4xx_hal.o
LOAD Debug/Drivers/STM32F4xx_HAL_Driver/Src/stm32f4xx_hal_flash_ex.o
LOAD Debug/Drivers/STM32F4xx_HAL_Driver/Src/stm32f4xx_hal_tim.o
LOAD Debug/Drivers/STM32F4xx_HAL_Driver/Src/stm32f4xx_hal_gpio.o
LOAD Debug/Drivers/STM32F4xx_HAL_Driver/Src/stm32f4xx_hal_flash_ramfunc.o
LOAD Debug/Drivers/STM32F4xx_HAL_Driver/Src/stm32f4xx_hal_cortex.o
LOAD Debug/Drivers/STM32F4xx_HAL_Driver/Src/stm32f4xx_hal_tim_ex.o
LOAD Debug/Drivers/STM32F4xx_HAL_Driver/Src/stm32f4xx_hal_dma.o
LOAD Debug/Drivers/STM32F4xx_HAL_Driver/Src/stm32f4xx_hal_pwr.o
LOAD Debug/Drivers/STM32F4xx_HAL_Driver/Src/stm32f4xx_hal_i2c.o
LOAD Debug/Drivers/STM32F4xx_HAL_Driver/Src/stm32f4xx_hal_dma_ex.o
LOAD Debug/Drivers/STM32F4xx_HAL_Driver/Src/stm32f4xx_hal_rcc.o
LOAD Debug/Drivers/STM32F4xx_HAL_Driver/Src/stm32f4xx_hal_flash.o
LOAD Debug/Drivers/STM32F4xx_HAL_Driver/Src/stm32f4xx_hal_pwr_ex.o
LOAD Debug/Src/syscalls.o
LOAD Debug/Src/stm32f4xx_hal_msp.o
LOAD Debug/Src/stm32f4xx_it.o
LOAD Debug/Src/system_stm32f4xx.o
LOAD Debug/Src/eeprom.o
LOAD Debug/Src/main.o
LOAD Debug/Drivers/CMSIS/Device/ST/STM32F4xx/Source/Templates/gcc/startup_stm32f411xe.o
START GROUP
END GROUP
                0x0000000000001000                malloc_getpagesize_P = 0x1000
LOAD /usr/lib/gcc/arm-none-eabi/6.3.0/../../../../arm-none-eabi/lib/armv7e-m/fpu/libstdc++.a
LOAD /usr/lib/gcc/arm-none-eabi/6.3.0/../../../../arm-none-eabi/lib/armv7e-m/fpu/libm.a
START GROUP
LOAD /usr/lib/gcc/arm-none-eabi/6.3.0/armv7e-m/fpu/libgcc.a
LOAD /usr/lib/gcc/arm-none-eabi/6.3.0/../../../../arm-none-eabi/lib/armv7e-m/fpu/libc.a
END GROUP
LOAD /usr/lib/gcc/arm-none-eabi/6.3.0/armv7e-m/fpu/crtend.o
LOAD /usr/lib/gcc/arm-none-eabi/6.3.0/armv7e-m/fpu/crtn.o
                0x0000000020020000                _estack = 0x20020000
                0x0000000000000200                _Min_Heap_Size = 0x200
                0x0000000000000400                _Min_Stack_Size = 0x400

.isr_vector     0x0000000008000000      0x198
                0x0000000008000000                . = ALIGN (0x4)
 *(.isr_vector)
 .isr_vector    0x0000000008000000      0x198 Debug/Drivers/CMSIS/Device/ST/STM32F4xx/Source/Templates/gcc/startup_stm32f411xe.o
                0x0000000008000000                g_pfnVectors
                0x0000000008000198                . = ALIGN (0x4)

.text           0x0000000008000198     0x2d7c
                0x0000000008000198                . = ALIGN (0x4)
 *(.text)
 *(.text*)
 .text.__do_global_dtors_aux
                0x0000000008000198       0x24 /usr/lib/gcc/arm-none-eabi/6.3.0/armv7e-m/fpu/crtbegin.o
 .text.frame_dummy
                0x00000000080001bc       0x34 /usr/lib/gcc/arm-none-eabi/6.3.0/armv7e-m/fpu/crtbegin.o
 .text.HAL_Init
                0x00000000080001f0       0x44 Debug/Drivers/STM32F4xx_HAL_Driver/Src/stm32f4xx_hal.o
                0x00000000080001f0                HAL_Init
 .text.HAL_InitTick
                0x0000000008000234       0x38 Debug/Drivers/STM32F4xx_HAL_Driver/Src/stm32f4xx_hal.o
                0x0000000008000234                HAL_InitTick
 .text.HAL_IncTick
                0x000000000800026c       0x1c Debug/Drivers/STM32F4xx_HAL_Driver/Src/stm32f4xx_hal.o
                0x000000000800026c                HAL_IncTick
 .text.HAL_GetTick
                0x0000000008000288       0x18 Debug/Drivers/STM32F4xx_HAL_Driver/Src/stm32f4xx_hal.o
                0x0000000008000288                HAL_GetTick
 .text.HAL_Delay
                0x00000000080002a0       0x2c Debug/Drivers/STM32F4xx_HAL_Driver/Src/stm32f4xx_hal.o
                0x00000000080002a0                HAL_Delay
 .text.HAL_GPIO_Init
                0x00000000080002cc      0x304 Debug/Drivers/STM32F4xx_HAL_Driver/Src/stm32f4xx_hal_gpio.o
                0x00000000080002cc                HAL_GPIO_Init
 .text.HAL_GPIO_WritePin
                0x00000000080005d0       0x32 Debug/Drivers/STM32F4xx_HAL_Driver/Src/stm32f4xx_hal_gpio.o
                0x00000000080005d0                HAL_GPIO_WritePin
 .text.HAL_GPIO_TogglePin
                0x0000000008000602       0x24 Debug/Drivers/STM32F4xx_HAL_Driver/Src/stm32f4xx_hal_gpio.o
                0x0000000008000602                HAL_GPIO_TogglePin
 *fill*         0x0000000008000626        0x2 
 .text.NVIC_SetPriorityGrouping
                0x0000000008000628       0x48 Debug/Drivers/STM32F4xx_HAL_Driver/Src/stm32f4xx_hal_cortex.o
 .text.NVIC_GetPriorityGrouping
                0x0000000008000670       0x1c Debug/Drivers/STM32F4xx_HAL_Driver/Src/stm32f4xx_hal_cortex.o
 .text.NVIC_SetPriority
                0x000000000800068c       0x54 Debug/Drivers/STM32F4xx_HAL_Driver/Src/stm32f4xx_hal_cortex.o
 .text.NVIC_EncodePriority
                0x00000000080006e0       0x62 Debug/Drivers/STM32F4xx_HAL_Driver/Src/stm32f4xx_hal_cortex.o
 *fill*         0x0000000008000742        0x2 
 .text.SysTick_Config
                0x0000000008000744       0x44 Debug/Drivers/STM32F4xx_HAL_Driver/Src/stm32f4xx_hal_cortex.o
 .text.HAL_NVIC_SetPriorityGrouping
                0x0000000008000788       0x16 Debug/Drivers/STM32F4xx_HAL_Driver/Src/stm32f4xx_hal_cortex.o
                0x0000000008000788                HAL_NVIC_SetPriorityGrouping
 .text.HAL_NVIC_SetPriority
                0x000000000800079e       0x38 Debug/Drivers/STM32F4xx_HAL_Driver/Src/stm32f4xx_hal_cortex.o
                0x000000000800079e                HAL_NVIC_SetPriority
 .text.HAL_SYSTICK_Config
                0x00000000080007d6       0x18 Debug/Drivers/STM32F4xx_HAL_Driver/Src/stm32f4xx_hal_cortex.o
                0x00000000080007d6                HAL_SYSTICK_Config
 *fill*         0x00000000080007ee        0x2 
 .text.HAL_SYSTICK_CLKSourceConfig
                0x00000000080007f0       0x38 Debug/Drivers/STM32F4xx_HAL_Driver/Src/stm32f4xx_hal_cortex.o
                0x00000000080007f0                HAL_SYSTICK_CLKSourceConfig
 .text.HAL_SYSTICK_IRQHandler
                0x0000000008000828        0xc Debug/Drivers/STM32F4xx_HAL_Driver/Src/stm32f4xx_hal_cortex.o
                0x0000000008000828                HAL_SYSTICK_IRQHandler
 .text.HAL_SYSTICK_Callback
                0x0000000008000834        0xe Debug/Drivers/STM32F4xx_HAL_Driver/Src/stm32f4xx_hal_cortex.o
                0x0000000008000834                HAL_SYSTICK_Callback
 *fill*         0x0000000008000842        0x2 
 .text.HAL_I2C_Init
                0x0000000008000844      0x1c0 Debug/Drivers/STM32F4xx_HAL_Driver/Src/stm32f4xx_hal_i2c.o
                0x0000000008000844                HAL_I2C_Init
 .text.HAL_I2C_Mem_Write
                0x0000000008000a04      0x214 Debug/Drivers/STM32F4xx_HAL_Driver/Src/stm32f4xx_hal_i2c.o
                0x0000000008000a04                HAL_I2C_Mem_Write
 .text.HAL_I2C_Mem_Read
                0x0000000008000c18      0x460 Debug/Drivers/STM32F4xx_HAL_Driver/Src/stm32f4xx_hal_i2c.o
                0x0000000008000c18                HAL_I2C_Mem_Read
 .text.I2C_RequestMemoryWrite
                0x0000000008001078      0x124 Debug/Drivers/STM32F4xx_HAL_Driver/Src/stm32f4xx_hal_i2c.o
 .text.I2C_RequestMemoryRead
                0x000000000800119c      0x1c4 Debug/Drivers/STM32F4xx_HAL_Driver/Src/stm32f4xx_hal_i2c.o
 .text.I2C_WaitOnFlagUntilTimeout
                0x0000000008001360       0xa2 Debug/Drivers/STM32F4xx_HAL_Driver/Src/stm32f4xx_hal_i2c.o
 .text.I2C_WaitOnMasterAddressFlagUntilTimeout
                0x0000000008001402       0xdc Debug/Drivers/STM32F4xx_HAL_Driver/Src/stm32f4xx_hal_i2c.o
 .text.I2C_WaitOnTXEFlagUntilTimeout
                0x00000000080014de       0x7a Debug/Drivers/STM32F4xx_HAL_Driver/Src/stm32f4xx_hal_i2c.o
 .text.I2C_WaitOnBTFFlagUntilTimeout
                0x0000000008001558       0x7a Debug/Drivers/STM32F4xx_HAL_Driver/Src/stm32f4xx_hal_i2c.o
 .text.I2C_WaitOnRXNEFlagUntilTimeout
                0x00000000080015d2       0x94 Debug/Drivers/STM32F4xx_HAL_Driver/Src/stm32f4xx_hal_i2c.o
 .text.I2C_IsAcknowledgeFailed
                0x0000000008001666       0x50 Debug/Drivers/STM32F4xx_HAL_Driver/Src/stm32f4xx_hal_i2c.o
 *fill*         0x00000000080016b6        0x2 
 .text.HAL_RCC_OscConfig
                0x00000000080016b8      0x4b4 Debug/Drivers/STM32F4xx_HAL_Driver/Src/stm32f4xx_hal_rcc.o
                0x00000000080016b8                HAL_RCC_OscConfig
 .text.HAL_RCC_ClockConfig
                0x0000000008001b6c      0x224 Debug/Drivers/STM32F4xx_HAL_Driver/Src/stm32f4xx_hal_rcc.o
                0x0000000008001b6c                HAL_RCC_ClockConfig
 .text.HAL_RCC_GetSysClockFreq
                0x0000000008001d90       0xfc Debug/Drivers/STM32F4xx_HAL_Driver/Src/stm32f4xx_hal_rcc.o
                0x0000000008001d90                HAL_RCC_GetSysClockFreq
 .text.HAL_RCC_GetHCLKFreq
                0x0000000008001e8c       0x18 Debug/Drivers/STM32F4xx_HAL_Driver/Src/stm32f4xx_hal_rcc.o
                0x0000000008001e8c                HAL_RCC_GetHCLKFreq
 .text.HAL_RCC_GetPCLK1Freq
                0x0000000008001ea4       0x44 Debug/Drivers/STM32F4xx_HAL_Driver/Src/stm32f4xx_hal_rcc.o
                0x0000000008001ea4                HAL_RCC_GetPCLK1Freq
 .text._sbrk    0x0000000008001ee8       0x58 Debug/Src/syscalls.o
                0x0000000008001ee8                _sbrk
 .text.HAL_MspInit
                0x0000000008001f40       0x62 Debug/Src/stm32f4xx_hal_msp.o
                0x0000000008001f40                HAL_MspInit
 *fill*         0x0000000008001fa2        0x2 
 .text.HAL_I2C_MspInit
                0x0000000008001fa4       0x64 Debug/Src/stm32f4xx_hal_msp.o
                0x0000000008001fa4                HAL_I2C_MspInit
 .text.NMI_Handler
                0x0000000008002008        0xe Debug/Src/stm32f4xx_it.o
                0x0000000008002008                NMI_Handler
 .text.HardFault_Handler
                0x0000000008002016        0x6 Debug/Src/stm32f4xx_it.o
                0x0000000008002016                HardFault_Handler
 .text.MemManage_Handler
                0x000000000800201c        0x6 Debug/Src/stm32f4xx_it.o
                0x000000000800201c                MemManage_Handler
 .text.BusFault_Handler
                0x0000000008002022        0x6 Debug/Src/stm32f4xx_it.o
                0x0000000008002022                BusFault_Handler
 .text.UsageFault_Handler
                0x0000000008002028        0x6 Debug/Src/stm32f4xx_it.o
                0x0000000008002028                UsageFault_Handler
 .text.SVC_Handler
                0x000000000800202e        0xe Debug/Src/stm32f4xx_it.o
                0x000000000800202e                SVC_Handler
 .text.DebugMon_Handler
                0x000000000800203c        0xe Debug/Src/stm32f4xx_it.o
                0x000000000800203c                DebugMon_Handler
 .text.PendSV_Handler
                0x000000000800204a        0xe Debug/Src/stm32f4xx_it.o
                0x000000000800204a                PendSV_Handler
 .text.SysTick_Handler
                0x0000000008002058       0x10 Debug/Src/stm32f4xx_it.o
                0x0000000008002058                SysTick_Handler
 .text.SystemInit
                0x0000000008002068       0x6c Debug/Src/system_stm32f4xx.o
                0x0000000008002068                SystemInit
 .text._ZN6EepromC2Ev
                0x00000000080020d4       0x20 Debug/Src/eeprom.o
                0x00000000080020d4                Eeprom::Eeprom()
                0x00000000080020d4                Eeprom::Eeprom()
 .text._ZN6EepromD2Ev
                0x00000000080020f4       0x20 Debug/Src/eeprom.o
                0x00000000080020f4                Eeprom::~Eeprom()
                0x00000000080020f4                Eeprom::~Eeprom()
 .text._ZN6EepromD0Ev
                0x0000000008002114       0x20 Debug/Src/eeprom.o
                0x0000000008002114                Eeprom::~Eeprom()
 .text._ZN6Eeprom5beginEP17I2C_HandleTypeDef
                0x0000000008002134       0x1c Debug/Src/eeprom.o
                0x0000000008002134                Eeprom::begin(I2C_HandleTypeDef*)
 .text._ZN6Eeprom10readEEPROMEtPht
                0x0000000008002150       0xae Debug/Src/eeprom.o
                0x0000000008002150                Eeprom::readEEPROM(unsigned short, unsigned char*, unsigned short)
 .text._ZN6Eeprom11writeEEPROMEtPht
                0x00000000080021fe       0xae Debug/Src/eeprom.o
                0x00000000080021fe                Eeprom::writeEEPROM(unsigned short, unsigned char*, unsigned short)
 .text.main     0x00000000080022ac       0x6c Debug/Src/main.o
                0x00000000080022ac                main
 .text._Z18SystemClock_Configv
                0x0000000008002318       0xd8 Debug/Src/main.o
                0x0000000008002318                SystemClock_Config()
 .text._ZL12MX_I2C1_Initv
                0x00000000080023f0       0x68 Debug/Src/main.o
 .text._ZL12MX_GPIO_Initv
                0x0000000008002458       0x70 Debug/Src/main.o
 .text._Z13Error_Handlerv
                0x00000000080024c8        0x6 Debug/Src/main.o
                0x00000000080024c8                Error_Handler()
 *fill*         0x00000000080024ce        0x2 
 .text._Z41__static_initialization_and_destruction_0ii
                0x00000000080024d0       0x40 Debug/Src/main.o
 .text._GLOBAL__sub_I_hi2c1
                0x0000000008002510       0x10 Debug/Src/main.o
 .text.Reset_Handler
                0x0000000008002520       0x50 Debug/Drivers/CMSIS/Device/ST/STM32F4xx/Source/Templates/gcc/startup_stm32f411xe.o
                0x0000000008002520                Reset_Handler
 .text.Default_Handler
                0x0000000008002570        0x2 Debug/Drivers/CMSIS/Device/ST/STM32F4xx/Source/Templates/gcc/startup_stm32f411xe.o
                0x0000000008002570                RTC_Alarm_IRQHandler
                0x0000000008002570                EXTI2_IRQHandler
                0x0000000008002570                SPI4_IRQHandler
                0x0000000008002570                TIM1_CC_IRQHandler
                0x0000000008002570                DMA2_Stream5_IRQHandler
                0x0000000008002570                DMA1_Stream5_IRQHandler
                0x0000000008002570                PVD_IRQHandler
                0x0000000008002570                SDIO_IRQHandler
                0x0000000008002570                TAMP_STAMP_IRQHandler
                0x0000000008002570                EXTI3_IRQHandler
                0x0000000008002570                TIM1_UP_TIM10_IRQHandler
                0x0000000008002570                I2C3_ER_IRQHandler
                0x0000000008002570                EXTI0_IRQHandler
                0x0000000008002570                I2C2_EV_IRQHandler
                0x0000000008002570                DMA1_Stream2_IRQHandler
                0x0000000008002570                FPU_IRQHandler
                0x0000000008002570                DMA2_Stream2_IRQHandler
                0x0000000008002570                SPI1_IRQHandler
                0x0000000008002570                TIM1_BRK_TIM9_IRQHandler
                0x0000000008002570                DMA2_Stream3_IRQHandler
                0x0000000008002570                USART6_IRQHandler
                0x0000000008002570                DMA2_Stream0_IRQHandler
                0x0000000008002570                TIM4_IRQHandler
                0x0000000008002570                I2C1_EV_IRQHandler
                0x0000000008002570                DMA1_Stream6_IRQHandler
                0x0000000008002570                DMA1_Stream1_IRQHandler
                0x0000000008002570                TIM3_IRQHandler
                0x0000000008002570                RCC_IRQHandler
                0x0000000008002570                Default_Handler
                0x0000000008002570                EXTI15_10_IRQHandler
                0x0000000008002570                ADC_IRQHandler
                0x0000000008002570                DMA1_Stream7_IRQHandler
                0x0000000008002570                SPI5_IRQHandler
                0x0000000008002570                TIM5_IRQHandler
                0x0000000008002570                DMA2_Stream7_IRQHandler
                0x0000000008002570                I2C3_EV_IRQHandler
                0x0000000008002570                EXTI9_5_IRQHandler
                0x0000000008002570                RTC_WKUP_IRQHandler
                0x0000000008002570                SPI2_IRQHandler
                0x0000000008002570                DMA1_Stream0_IRQHandler
                0x0000000008002570                EXTI4_IRQHandler
                0x0000000008002570                WWDG_IRQHandler
                0x0000000008002570                TIM2_IRQHandler
                0x0000000008002570                OTG_FS_WKUP_IRQHandler
                0x0000000008002570                TIM1_TRG_COM_TIM11_IRQHandler
                0x0000000008002570                EXTI1_IRQHandler
                0x0000000008002570                USART2_IRQHandler
                0x0000000008002570                I2C2_ER_IRQHandler
                0x0000000008002570                DMA2_Stream1_IRQHandler
                0x0000000008002570                FLASH_IRQHandler
                0x0000000008002570                DMA2_Stream4_IRQHandler
                0x0000000008002570                USART1_IRQHandler
                0x0000000008002570                OTG_FS_IRQHandler
                0x0000000008002570                SPI3_IRQHandler
                0x0000000008002570                DMA1_Stream4_IRQHandler
                0x0000000008002570                I2C1_ER_IRQHandler
                0x0000000008002570                DMA2_Stream6_IRQHandler
                0x0000000008002570                DMA1_Stream3_IRQHandler
 .text.__aeabi_atexit
                0x0000000008002572        0xa /usr/lib/gcc/arm-none-eabi/6.3.0/../../../../arm-none-eabi/lib/armv7e-m/fpu/libstdc++.a(atexit_arm.o)
                0x0000000008002572                __aeabi_atexit
 .text._ZdlPvj  0x000000000800257c        0x4 /usr/lib/gcc/arm-none-eabi/6.3.0/../../../../arm-none-eabi/lib/armv7e-m/fpu/libstdc++.a(del_ops.o)
                0x000000000800257c                operator delete(void*, unsigned int)
 .text._ZdlPv   0x0000000008002580        0x4 /usr/lib/gcc/arm-none-eabi/6.3.0/../../../../arm-none-eabi/lib/armv7e-m/fpu/libstdc++.a(del_op.o)
                0x0000000008002580                operator delete(void*)
 .text.atexit   0x0000000008002584        0xc /usr/lib/gcc/arm-none-eabi/6.3.0/../../../../arm-none-eabi/lib/armv7e-m/fpu/libc.a(lib_a-atexit.o)
                0x0000000008002584                atexit
 .text.__cxa_atexit
                0x0000000008002590        0xc /usr/lib/gcc/arm-none-eabi/6.3.0/../../../../arm-none-eabi/lib/armv7e-m/fpu/libc.a(lib_a-cxa_atexit.o)
                0x0000000008002590                __cxa_atexit
 .text.__errno  0x000000000800259c        0xc /usr/lib/gcc/arm-none-eabi/6.3.0/../../../../arm-none-eabi/lib/armv7e-m/fpu/libc.a(lib_a-errno.o)
                0x000000000800259c                __errno
 .text.__libc_fini_array
                0x00000000080025a8       0x34 /usr/lib/gcc/arm-none-eabi/6.3.0/../../../../arm-none-eabi/lib/armv7e-m/fpu/libc.a(lib_a-fini.o)
                0x00000000080025a8                __libc_fini_array
 .text.__libc_init_array
                0x00000000080025dc       0x50 /usr/lib/gcc/arm-none-eabi/6.3.0/../../../../arm-none-eabi/lib/armv7e-m/fpu/libc.a(lib_a-init.o)
                0x00000000080025dc                __libc_init_array
 .text.malloc   0x000000000800262c       0x10 /usr/lib/gcc/arm-none-eabi/6.3.0/../../../../arm-none-eabi/lib/armv7e-m/fpu/libc.a(lib_a-malloc.o)
                0x000000000800262c                malloc
 .text.free     0x000000000800263c       0x10 /usr/lib/gcc/arm-none-eabi/6.3.0/../../../../arm-none-eabi/lib/armv7e-m/fpu/libc.a(lib_a-malloc.o)
                0x000000000800263c                free
 .text._malloc_r
                0x000000000800264c      0x560 /usr/lib/gcc/arm-none-eabi/6.3.0/../../../../arm-none-eabi/lib/armv7e-m/fpu/libc.a(lib_a-mallocr.o)
                0x000000000800264c                _malloc_r
 .text.__malloc_lock
                0x0000000008002bac        0x4 /usr/lib/gcc/arm-none-eabi/6.3.0/../../../../arm-none-eabi/lib/armv7e-m/fpu/libc.a(lib_a-mlock.o)
                0x0000000008002bac                __malloc_lock
 .text.__malloc_unlock
                0x0000000008002bb0        0x4 /usr/lib/gcc/arm-none-eabi/6.3.0/../../../../arm-none-eabi/lib/armv7e-m/fpu/libc.a(lib_a-mlock.o)
                0x0000000008002bb0                __malloc_unlock
 .text._sbrk_r  0x0000000008002bb4       0x24 /usr/lib/gcc/arm-none-eabi/6.3.0/../../../../arm-none-eabi/lib/armv7e-m/fpu/libc.a(lib_a-sbrkr.o)
                0x0000000008002bb4                _sbrk_r
 .text.__register_exitproc
                0x0000000008002bd8       0xa4 /usr/lib/gcc/arm-none-eabi/6.3.0/../../../../arm-none-eabi/lib/armv7e-m/fpu/libc.a(lib_a-__atexit.o)
                0x0000000008002bd8                __register_exitproc
 .text.startup.register_fini
                0x0000000008002c7c       0x14 /usr/lib/gcc/arm-none-eabi/6.3.0/../../../../arm-none-eabi/lib/armv7e-m/fpu/libc.a(lib_a-__call_atexit.o)
 .text._malloc_trim_r
                0x0000000008002c90       0xa0 /usr/lib/gcc/arm-none-eabi/6.3.0/../../../../arm-none-eabi/lib/armv7e-m/fpu/libc.a(lib_a-freer.o)
                0x0000000008002c90                _malloc_trim_r
 .text._free_r  0x0000000008002d30      0x1cc /usr/lib/gcc/arm-none-eabi/6.3.0/../../../../arm-none-eabi/lib/armv7e-m/fpu/libc.a(lib_a-freer.o)
                0x0000000008002d30                _free_r
 *(.glue_7)
 .glue_7        0x0000000008002efc        0x0 linker stubs
 *(.glue_7t)
 .glue_7t       0x0000000008002efc        0x0 linker stubs
 *(.eh_frame)
 .eh_frame      0x0000000008002efc        0x0 /usr/lib/gcc/arm-none-eabi/6.3.0/armv7e-m/fpu/crtbegin.o
 *(.init)
 .init          0x0000000008002efc        0x4 /usr/lib/gcc/arm-none-eabi/6.3.0/armv7e-m/fpu/crti.o
                0x0000000008002efc                _init
 .init          0x0000000008002f00        0x8 /usr/lib/gcc/arm-none-eabi/6.3.0/armv7e-m/fpu/crtn.o
 *(.fini)
 .fini          0x0000000008002f08        0x4 /usr/lib/gcc/arm-none-eabi/6.3.0/armv7e-m/fpu/crti.o
                0x0000000008002f08                _fini
 .fini          0x0000000008002f0c        0x8 /usr/lib/gcc/arm-none-eabi/6.3.0/armv7e-m/fpu/crtn.o
                0x0000000008002f14                . = ALIGN (0x4)
                0x0000000008002f14                _etext = .

.vfp11_veneer   0x0000000008002f14        0x0
 .vfp11_veneer  0x0000000008002f14        0x0 linker stubs

.v4_bx          0x0000000008002f14        0x0
 .v4_bx         0x0000000008002f14        0x0 linker stubs

.iplt           0x0000000008002f14        0x0
 .iplt          0x0000000008002f14        0x0 /usr/lib/gcc/arm-none-eabi/6.3.0/armv7e-m/fpu/crtbegin.o

.rodata         0x0000000008002f14       0x24
                0x0000000008002f14                . = ALIGN (0x4)
 *(.rodata)
 *(.rodata*)
 .rodata.APBAHBPrescTable
                0x0000000008002f14       0x10 Debug/Drivers/STM32F4xx_HAL_Driver/Src/stm32f4xx_hal_rcc.o
                0x0000000008002f14                APBAHBPrescTable
 .rodata._ZTV6Eeprom
                0x0000000008002f24       0x10 Debug/Src/eeprom.o
                0x0000000008002f24                vtable for Eeprom
 .rodata._global_impure_ptr
                0x0000000008002f34        0x4 /usr/lib/gcc/arm-none-eabi/6.3.0/../../../../arm-none-eabi/lib/armv7e-m/fpu/libc.a(lib_a-impure.o)
                0x0000000008002f34                _global_impure_ptr
                0x0000000008002f38                . = ALIGN (0x4)

.ARM.extab
 *(.ARM.extab* .gnu.linkonce.armextab.*)

.ARM            0x0000000008002f38        0x8
                0x0000000008002f38                __exidx_start = .
 *(.ARM.exidx*)
 .ARM.exidx.text.__aeabi_atexit
                0x0000000008002f38        0x8 /usr/lib/gcc/arm-none-eabi/6.3.0/../../../../arm-none-eabi/lib/armv7e-m/fpu/libstdc++.a(atexit_arm.o)
 .ARM.exidx.text._ZdlPvj
                0x0000000008002f40        0x0 /usr/lib/gcc/arm-none-eabi/6.3.0/../../../../arm-none-eabi/lib/armv7e-m/fpu/libstdc++.a(del_ops.o)
                                          0x8 (size before relaxing)
 .ARM.exidx.text._ZdlPv
                0x0000000008002f40        0x0 /usr/lib/gcc/arm-none-eabi/6.3.0/../../../../arm-none-eabi/lib/armv7e-m/fpu/libstdc++.a(del_op.o)
                                          0x8 (size before relaxing)
                0x0000000008002f40                __exidx_end = .

.rel.dyn        0x0000000008002f40        0x0
 .rel.iplt      0x0000000008002f40        0x0 /usr/lib/gcc/arm-none-eabi/6.3.0/armv7e-m/fpu/crtbegin.o

.preinit_array  0x0000000008002f40        0x0
                0x0000000008002f40                PROVIDE (__preinit_array_start, .)
 *(.preinit_array*)
                0x0000000008002f40                PROVIDE (__preinit_array_end, .)

.init_array     0x0000000008002f40        0xc
                0x0000000008002f40                PROVIDE (__init_array_start, .)
 *(SORT(.init_array.*))
 .init_array.00000
                0x0000000008002f40        0x4 /usr/lib/gcc/arm-none-eabi/6.3.0/../../../../arm-none-eabi/lib/armv7e-m/fpu/libc.a(lib_a-__call_atexit.o)
 *(.init_array*)
 .init_array    0x0000000008002f44        0x4 /usr/lib/gcc/arm-none-eabi/6.3.0/armv7e-m/fpu/crtbegin.o
 .init_array    0x0000000008002f48        0x4 Debug/Src/main.o
                0x0000000008002f4c                PROVIDE (__init_array_end, .)

.fini_array     0x0000000008002f4c        0x4
                0x0000000008002f4c                PROVIDE (__fini_array_start, .)
 *(SORT(.fini_array.*))
 *(.fini_array*)
 .fini_array    0x0000000008002f4c        0x4 /usr/lib/gcc/arm-none-eabi/6.3.0/armv7e-m/fpu/crtbegin.o
                0x0000000008002f50                PROVIDE (__fini_array_end, .)
                0x0000000008002f50                _sidata = LOADADDR (.data)

.data           0x0000000020000000      0x848 load address 0x0000000008002f50
                0x0000000020000000                . = ALIGN (0x4)
                0x0000000020000000                _sdata = .
 *(.data)
 *(.data*)
 .data.__dso_handle
                0x0000000020000000        0x4 /usr/lib/gcc/arm-none-eabi/6.3.0/armv7e-m/fpu/crtbegin.o
                0x0000000020000000                __dso_handle
 .data.SystemCoreClock
                0x0000000020000004        0x4 Debug/Src/system_stm32f4xx.o
                0x0000000020000004                SystemCoreClock
 .data._impure_ptr
                0x0000000020000008        0x4 /usr/lib/gcc/arm-none-eabi/6.3.0/../../../../arm-none-eabi/lib/armv7e-m/fpu/libc.a(lib_a-impure.o)
                0x0000000020000008                _impure_ptr
 *fill*         0x000000002000000c        0x4 
 .data.impure_data
                0x0000000020000010      0x428 /usr/lib/gcc/arm-none-eabi/6.3.0/../../../../arm-none-eabi/lib/armv7e-m/fpu/libc.a(lib_a-impure.o)
 .data.__malloc_av_
                0x0000000020000438      0x408 /usr/lib/gcc/arm-none-eabi/6.3.0/../../../../arm-none-eabi/lib/armv7e-m/fpu/libc.a(lib_a-mallocr.o)
                0x0000000020000438                __malloc_av_
 .data.__malloc_sbrk_base
                0x0000000020000840        0x4 /usr/lib/gcc/arm-none-eabi/6.3.0/../../../../arm-none-eabi/lib/armv7e-m/fpu/libc.a(lib_a-mallocr.o)
                0x0000000020000840                __malloc_sbrk_base
 .data.__malloc_trim_threshold
                0x0000000020000844        0x4 /usr/lib/gcc/arm-none-eabi/6.3.0/../../../../arm-none-eabi/lib/armv7e-m/fpu/libc.a(lib_a-mallocr.o)
                0x0000000020000844                __malloc_trim_threshold
                0x0000000020000848                . = ALIGN (0x4)
                0x0000000020000848                _edata = .

.jcr            0x0000000020000848        0x0 load address 0x0000000008003798
 .jcr           0x0000000020000848        0x0 /usr/lib/gcc/arm-none-eabi/6.3.0/armv7e-m/fpu/crtbegin.o

.igot.plt       0x0000000020000848        0x0 load address 0x0000000008003798
 .igot.plt      0x0000000020000848        0x0 /usr/lib/gcc/arm-none-eabi/6.3.0/armv7e-m/fpu/crtbegin.o
                0x0000000020000848                . = ALIGN (0x4)

.bss            0x0000000020000848       0xb8 load address 0x0000000008003798
                0x0000000020000848                _sbss = .
                0x0000000020000848                __bss_start__ = _sbss
 *(.bss)
 *(.bss*)
 .bss.completed.9708
                0x0000000020000848        0x1 /usr/lib/gcc/arm-none-eabi/6.3.0/armv7e-m/fpu/crtbegin.o
 *fill*         0x0000000020000849        0x3 
 .bss.object.9713
                0x000000002000084c       0x18 /usr/lib/gcc/arm-none-eabi/6.3.0/armv7e-m/fpu/crtbegin.o
 .bss.heap_end.6979
                0x0000000020000864        0x4 Debug/Src/syscalls.o
 .bss.hi2c1     0x0000000020000868       0x54 Debug/Src/main.o
                0x0000000020000868                hi2c1
 .bss.eeprom    0x00000000200008bc        0x8 Debug/Src/main.o
                0x00000000200008bc                eeprom
 .bss.__malloc_current_mallinfo
                0x00000000200008c4       0x28 /usr/lib/gcc/arm-none-eabi/6.3.0/../../../../arm-none-eabi/lib/armv7e-m/fpu/libc.a(lib_a-mallocr.o)
                0x00000000200008c4                __malloc_current_mallinfo
 .bss.__malloc_max_sbrked_mem
                0x00000000200008ec        0x4 /usr/lib/gcc/arm-none-eabi/6.3.0/../../../../arm-none-eabi/lib/armv7e-m/fpu/libc.a(lib_a-mallocr.o)
                0x00000000200008ec                __malloc_max_sbrked_mem
 .bss.__malloc_max_total_mem
                0x00000000200008f0        0x4 /usr/lib/gcc/arm-none-eabi/6.3.0/../../../../arm-none-eabi/lib/armv7e-m/fpu/libc.a(lib_a-mallocr.o)
                0x00000000200008f0                __malloc_max_total_mem
 .bss.__malloc_top_pad
                0x00000000200008f4        0x4 /usr/lib/gcc/arm-none-eabi/6.3.0/../../../../arm-none-eabi/lib/armv7e-m/fpu/libc.a(lib_a-mallocr.o)
                0x00000000200008f4                __malloc_top_pad
 *(COMMON)
 COMMON         0x00000000200008f8        0x4 Debug/Drivers/STM32F4xx_HAL_Driver/Src/stm32f4xx_hal.o
                0x00000000200008f8                uwTick
 COMMON         0x00000000200008fc        0x4 /usr/lib/gcc/arm-none-eabi/6.3.0/../../../../arm-none-eabi/lib/armv7e-m/fpu/libc.a(lib_a-reent.o)
                0x00000000200008fc                errno
                0x0000000020000900                . = ALIGN (0x4)
                0x0000000020000900                _ebss = .
                0x0000000020000900                __bss_end__ = _ebss

._user_heap_stack
                0x0000000020000900      0x600 load address 0x0000000008003798
                0x0000000020000900                . = ALIGN (0x4)
                0x0000000020000900                PROVIDE (end, .)
                [!provide]                        PROVIDE (_end, .)
                0x0000000020000b00                . = (. + _Min_Heap_Size)
 *fill*         0x0000000020000900      0x200 
                0x0000000020000f00                . = (. + _Min_Stack_Size)
 *fill*         0x0000000020000b00      0x400 
                0x0000000020000f00                . = ALIGN (0x4)

/DISCARD/
 libc.a(*)
 libm.a(*)
 libgcc.a(*)

.ARM.attributes
                0x0000000000000000       0x30
 *(.ARM.attributes)
 .ARM.attributes
                0x0000000000000000       0x22 /usr/lib/gcc/arm-none-eabi/6.3.0/armv7e-m/fpu/crti.o
 .ARM.attributes
                0x0000000000000022       0x34 /usr/lib/gcc/arm-none-eabi/6.3.0/armv7e-m/fpu/crtbegin.o
 .ARM.attributes
                0x0000000000000056       0x39 Debug/Drivers/STM32F4xx_HAL_Driver/Src/stm32f4xx_hal.o
 .ARM.attributes
                0x000000000000008f       0x39 Debug/Drivers/STM32F4xx_HAL_Driver/Src/stm32f4xx_hal_gpio.o
 .ARM.attributes
                0x00000000000000c8       0x39 Debug/Drivers/STM32F4xx_HAL_Driver/Src/stm32f4xx_hal_cortex.o
 .ARM.attributes
                0x0000000000000101       0x39 Debug/Drivers/STM32F4xx_HAL_Driver/Src/stm32f4xx_hal_i2c.o
 .ARM.attributes
                0x000000000000013a       0x39 Debug/Drivers/STM32F4xx_HAL_Driver/Src/stm32f4xx_hal_rcc.o
 .ARM.attributes
                0x0000000000000173       0x39 Debug/Src/syscalls.o
 .ARM.attributes
                0x00000000000001ac       0x39 Debug/Src/stm32f4xx_hal_msp.o
 .ARM.attributes
                0x00000000000001e5       0x39 Debug/Src/stm32f4xx_it.o
 .ARM.attributes
                0x000000000000021e       0x39 Debug/Src/system_stm32f4xx.o
 .ARM.attributes
                0x0000000000000257       0x39 Debug/Src/eeprom.o
 .ARM.attributes
                0x0000000000000290       0x39 Debug/Src/main.o
 .ARM.attributes
                0x00000000000002c9       0x21 Debug/Drivers/CMSIS/Device/ST/STM32F4xx/Source/Templates/gcc/startup_stm32f411xe.o
 .ARM.attributes
                0x00000000000002ea       0x34 /usr/lib/gcc/arm-none-eabi/6.3.0/../../../../arm-none-eabi/lib/armv7e-m/fpu/libstdc++.a(atexit_arm.o)
 .ARM.attributes
                0x000000000000031e       0x34 /usr/lib/gcc/arm-none-eabi/6.3.0/../../../../arm-none-eabi/lib/armv7e-m/fpu/libstdc++.a(del_ops.o)
 .ARM.attributes
                0x0000000000000352       0x34 /usr/lib/gcc/arm-none-eabi/6.3.0/../../../../arm-none-eabi/lib/armv7e-m/fpu/libstdc++.a(del_op.o)
 .ARM.attributes
                0x0000000000000386       0x34 /usr/lib/gcc/arm-none-eabi/6.3.0/../../../../arm-none-eabi/lib/armv7e-m/fpu/libc.a(lib_a-atexit.o)
 .ARM.attributes
                0x00000000000003ba       0x34 /usr/lib/gcc/arm-none-eabi/6.3.0/../../../../arm-none-eabi/lib/armv7e-m/fpu/libc.a(lib_a-cxa_atexit.o)
 .ARM.attributes
                0x00000000000003ee       0x34 /usr/lib/gcc/arm-none-eabi/6.3.0/../../../../arm-none-eabi/lib/armv7e-m/fpu/libc.a(lib_a-errno.o)
 .ARM.attributes
                0x0000000000000422       0x34 /usr/lib/gcc/arm-none-eabi/6.3.0/../../../../arm-none-eabi/lib/armv7e-m/fpu/libc.a(lib_a-fini.o)
 .ARM.attributes
                0x0000000000000456       0x34 /usr/lib/gcc/arm-none-eabi/6.3.0/../../../../arm-none-eabi/lib/armv7e-m/fpu/libc.a(lib_a-impure.o)
 .ARM.attributes
                0x000000000000048a       0x34 /usr/lib/gcc/arm-none-eabi/6.3.0/../../../../arm-none-eabi/lib/armv7e-m/fpu/libc.a(lib_a-init.o)
 .ARM.attributes
                0x00000000000004be       0x34 /usr/lib/gcc/arm-none-eabi/6.3.0/../../../../arm-none-eabi/lib/armv7e-m/fpu/libc.a(lib_a-malloc.o)
 .ARM.attributes
                0x00000000000004f2       0x34 /usr/lib/gcc/arm-none-eabi/6.3.0/../../../../arm-none-eabi/lib/armv7e-m/fpu/libc.a(lib_a-mallocr.o)
 .ARM.attributes
                0x0000000000000526       0x34 /usr/lib/gcc/arm-none-eabi/6.3.0/../../../../arm-none-eabi/lib/armv7e-m/fpu/libc.a(lib_a-mlock.o)
 .ARM.attributes
                0x000000000000055a       0x34 /usr/lib/gcc/arm-none-eabi/6.3.0/../../../../arm-none-eabi/lib/armv7e-m/fpu/libc.a(lib_a-sbrkr.o)
 .ARM.attributes
                0x000000000000058e       0x34 /usr/lib/gcc/arm-none-eabi/6.3.0/../../../../arm-none-eabi/lib/armv7e-m/fpu/libc.a(lib_a-__atexit.o)
 .ARM.attributes
                0x00000000000005c2       0x34 /usr/lib/gcc/arm-none-eabi/6.3.0/../../../../arm-none-eabi/lib/armv7e-m/fpu/libc.a(lib_a-__call_atexit.o)
 .ARM.attributes
                0x00000000000005f6       0x34 /usr/lib/gcc/arm-none-eabi/6.3.0/../../../../arm-none-eabi/lib/armv7e-m/fpu/libc.a(lib_a-freer.o)
 .ARM.attributes
                0x000000000000062a       0x34 /usr/lib/gcc/arm-none-eabi/6.3.0/../../../../arm-none-eabi/lib/armv7e-m/fpu/libc.a(lib_a-reent.o)
 .ARM.attributes
                0x000000000000065e       0x22 /usr/lib/gcc/arm-none-eabi/6.3.0/armv7e-m/fpu/crtn.o
OUTPUT(Debug/dmx512-controller-board.elf elf32-littlearm)

.debug_info     0x0000000000000000     0xcac4
 .debug_info    0x0000000000000000     0x104b Debug/Drivers/STM32F4xx_HAL_Driver/Src/stm32f4xx_hal.o
 .debug_info    0x000000000000104b      0xfa4 Debug/Drivers/STM32F4xx_HAL_Driver/Src/stm32f4xx_hal_gpio.o
 .debug_info    0x0000000000001fef     0x14d8 Debug/Drivers/STM32F4xx_HAL_Driver/Src/stm32f4xx_hal_cortex.o
 .debug_info    0x00000000000034c7     0x288e Debug/Drivers/STM32F4xx_HAL_Driver/Src/stm32f4xx_hal_i2c.o
 .debug_info    0x0000000000005d55     0x1395 Debug/Drivers/STM32F4xx_HAL_Driver/Src/stm32f4xx_hal_rcc.o
 .debug_info    0x00000000000070ea      0xf1b Debug/Src/syscalls.o
 .debug_info    0x0000000000008005     0x1303 Debug/Src/stm32f4xx_hal_msp.o
 .debug_info    0x0000000000009308      0x9cd Debug/Src/stm32f4xx_it.o
 .debug_info    0x0000000000009cd5      0x528 Debug/Src/system_stm32f4xx.o
 .debug_info    0x000000000000a1fd     0x11b7 Debug/Src/eeprom.o
 .debug_info    0x000000000000b3b4     0x1679 Debug/Src/main.o
 .debug_info    0x000000000000ca2d       0x97 Debug/Drivers/CMSIS/Device/ST/STM32F4xx/Source/Templates/gcc/startup_stm32f411xe.o

.debug_abbrev   0x0000000000000000     0x1d34
 .debug_abbrev  0x0000000000000000      0x2fe Debug/Drivers/STM32F4xx_HAL_Driver/Src/stm32f4xx_hal.o
 .debug_abbrev  0x00000000000002fe      0x284 Debug/Drivers/STM32F4xx_HAL_Driver/Src/stm32f4xx_hal_gpio.o
 .debug_abbrev  0x0000000000000582      0x39a Debug/Drivers/STM32F4xx_HAL_Driver/Src/stm32f4xx_hal_cortex.o
 .debug_abbrev  0x000000000000091c      0x2d9 Debug/Drivers/STM32F4xx_HAL_Driver/Src/stm32f4xx_hal_i2c.o
 .debug_abbrev  0x0000000000000bf5      0x36e Debug/Drivers/STM32F4xx_HAL_Driver/Src/stm32f4xx_hal_rcc.o
 .debug_abbrev  0x0000000000000f63      0x2a7 Debug/Src/syscalls.o
 .debug_abbrev  0x000000000000120a      0x21f Debug/Src/stm32f4xx_hal_msp.o
 .debug_abbrev  0x0000000000001429      0x1c6 Debug/Src/stm32f4xx_it.o
 .debug_abbrev  0x00000000000015ef      0x10e Debug/Src/system_stm32f4xx.o
 .debug_abbrev  0x00000000000016fd      0x34d Debug/Src/eeprom.o
 .debug_abbrev  0x0000000000001a4a      0x2d8 Debug/Src/main.o
 .debug_abbrev  0x0000000000001d22       0x12 Debug/Drivers/CMSIS/Device/ST/STM32F4xx/Source/Templates/gcc/startup_stm32f411xe.o

.debug_aranges  0x0000000000000000      0x738
 .debug_aranges
                0x0000000000000000       0xc0 Debug/Drivers/STM32F4xx_HAL_Driver/Src/stm32f4xx_hal.o
 .debug_aranges
                0x00000000000000c0       0x58 Debug/Drivers/STM32F4xx_HAL_Driver/Src/stm32f4xx_hal_gpio.o
 .debug_aranges
                0x0000000000000118      0x108 Debug/Drivers/STM32F4xx_HAL_Driver/Src/stm32f4xx_hal_cortex.o
 .debug_aranges
                0x0000000000000220      0x268 Debug/Drivers/STM32F4xx_HAL_Driver/Src/stm32f4xx_hal_i2c.o
 .debug_aranges
                0x0000000000000488       0x88 Debug/Drivers/STM32F4xx_HAL_Driver/Src/stm32f4xx_hal_rcc.o
 .debug_aranges
                0x0000000000000510       0xb0 Debug/Src/syscalls.o
 .debug_aranges
                0x00000000000005c0       0x30 Debug/Src/stm32f4xx_hal_msp.o
 .debug_aranges
                0x00000000000005f0       0x60 Debug/Src/stm32f4xx_it.o
 .debug_aranges
                0x0000000000000650       0x28 Debug/Src/system_stm32f4xx.o
 .debug_aranges
                0x0000000000000678       0x48 Debug/Src/eeprom.o
 .debug_aranges
                0x00000000000006c0       0x50 Debug/Src/main.o
 .debug_aranges
                0x0000000000000710       0x28 Debug/Drivers/CMSIS/Device/ST/STM32F4xx/Source/Templates/gcc/startup_stm32f411xe.o

.debug_ranges   0x0000000000000000      0x680
 .debug_ranges  0x0000000000000000       0xb0 Debug/Drivers/STM32F4xx_HAL_Driver/Src/stm32f4xx_hal.o
 .debug_ranges  0x00000000000000b0       0x48 Debug/Drivers/STM32F4xx_HAL_Driver/Src/stm32f4xx_hal_gpio.o
 .debug_ranges  0x00000000000000f8       0xf8 Debug/Drivers/STM32F4xx_HAL_Driver/Src/stm32f4xx_hal_cortex.o
 .debug_ranges  0x00000000000001f0      0x258 Debug/Drivers/STM32F4xx_HAL_Driver/Src/stm32f4xx_hal_i2c.o
 .debug_ranges  0x0000000000000448       0x78 Debug/Drivers/STM32F4xx_HAL_Driver/Src/stm32f4xx_hal_rcc.o
 .debug_ranges  0x00000000000004c0       0xa0 Debug/Src/syscalls.o
 .debug_ranges  0x0000000000000560       0x20 Debug/Src/stm32f4xx_hal_msp.o
 .debug_ranges  0x0000000000000580       0x50 Debug/Src/stm32f4xx_it.o
 .debug_ranges  0x00000000000005d0       0x18 Debug/Src/system_stm32f4xx.o
 .debug_ranges  0x00000000000005e8       0x38 Debug/Src/eeprom.o
 .debug_ranges  0x0000000000000620       0x40 Debug/Src/main.o
 .debug_ranges  0x0000000000000660       0x20 Debug/Drivers/CMSIS/Device/ST/STM32F4xx/Source/Templates/gcc/startup_stm32f411xe.o

.debug_line     0x0000000000000000     0x313d
 .debug_line    0x0000000000000000      0x382 Debug/Drivers/STM32F4xx_HAL_Driver/Src/stm32f4xx_hal.o
 .debug_line    0x0000000000000382      0x38c Debug/Drivers/STM32F4xx_HAL_Driver/Src/stm32f4xx_hal_gpio.o
 .debug_line    0x000000000000070e      0x4b7 Debug/Drivers/STM32F4xx_HAL_Driver/Src/stm32f4xx_hal_cortex.o
 .debug_line    0x0000000000000bc5     0x1207 Debug/Drivers/STM32F4xx_HAL_Driver/Src/stm32f4xx_hal_i2c.o
 .debug_line    0x0000000000001dcc      0x549 Debug/Drivers/STM32F4xx_HAL_Driver/Src/stm32f4xx_hal_rcc.o
 .debug_line    0x0000000000002315      0x2d1 Debug/Src/syscalls.o
 .debug_line    0x00000000000025e6      0x22b Debug/Src/stm32f4xx_hal_msp.o
 .debug_line    0x0000000000002811      0x1fa Debug/Src/stm32f4xx_it.o
 .debug_line    0x0000000000002a0b      0x14e Debug/Src/system_stm32f4xx.o
 .debug_line    0x0000000000002b59      0x264 Debug/Src/eeprom.o
 .debug_line    0x0000000000002dbd      0x2d5 Debug/Src/main.o
 .debug_line    0x0000000000003092       0xab Debug/Drivers/CMSIS/Device/ST/STM32F4xx/Source/Templates/gcc/startup_stm32f411xe.o

.debug_str      0x0000000000000000     0x2768
 .debug_str     0x0000000000000000      0xbfe Debug/Drivers/STM32F4xx_HAL_Driver/Src/stm32f4xx_hal.o
                                        0xcdf (size before relaxing)
 .debug_str     0x0000000000000bfe      0x1a9 Debug/Drivers/STM32F4xx_HAL_Driver/Src/stm32f4xx_hal_gpio.o
                                        0x8db (size before relaxing)
 .debug_str     0x0000000000000da7      0x3c9 Debug/Drivers/STM32F4xx_HAL_Driver/Src/stm32f4xx_hal_cortex.o
                                        0xe64 (size before relaxing)
 .debug_str     0x0000000000001170      0xbc7 Debug/Drivers/STM32F4xx_HAL_Driver/Src/stm32f4xx_hal_i2c.o
                                       0x12c0 (size before relaxing)
 .debug_str     0x0000000000001d37      0x28e Debug/Drivers/STM32F4xx_HAL_Driver/Src/stm32f4xx_hal_rcc.o
                                        0xa7f (size before relaxing)
 .debug_str     0x0000000000001fc5      0x231 Debug/Src/syscalls.o
                                        0x7ba (size before relaxing)
 .debug_str     0x00000000000021f6       0x18 Debug/Src/stm32f4xx_hal_msp.o
                                        0xfcc (size before relaxing)
 .debug_str     0x000000000000220e       0xa3 Debug/Src/stm32f4xx_it.o
                                        0x62d (size before relaxing)
 .debug_str     0x00000000000022b1       0x42 Debug/Src/system_stm32f4xx.o
                                        0x34f (size before relaxing)
 .debug_str     0x00000000000022f3      0x2c3 Debug/Src/eeprom.o
                                        0xd1d (size before relaxing)
 .debug_str     0x00000000000025b6      0x1b2 Debug/Src/main.o
                                       0x142c (size before relaxing)

.comment        0x0000000000000000       0x1d
 .comment       0x0000000000000000       0x1d Debug/Drivers/STM32F4xx_HAL_Driver/Src/stm32f4xx_hal.o
                                         0x1e (size before relaxing)
 .comment       0x000000000000001d       0x1e Debug/Drivers/STM32F4xx_HAL_Driver/Src/stm32f4xx_hal_gpio.o
 .comment       0x000000000000001d       0x1e Debug/Drivers/STM32F4xx_HAL_Driver/Src/stm32f4xx_hal_cortex.o
 .comment       0x000000000000001d       0x1e Debug/Drivers/STM32F4xx_HAL_Driver/Src/stm32f4xx_hal_i2c.o
 .comment       0x000000000000001d       0x1e Debug/Drivers/STM32F4xx_HAL_Driver/Src/stm32f4xx_hal_rcc.o
 .comment       0x000000000000001d       0x1e Debug/Src/syscalls.o
 .comment       0x000000000000001d       0x1e Debug/Src/stm32f4xx_hal_msp.o
 .comment       0x000000000000001d       0x1e Debug/Src/stm32f4xx_it.o
 .comment       0x000000000000001d       0x1e Debug/Src/system_stm32f4xx.o
 .comment       0x000000000000001d       0x1e Debug/Src/eeprom.o
 .comment       0x000000000000001d       0x1e Debug/Src/main.o

.debug_frame    0x0000000000000000     0x1f74
 .debug_frame   0x0000000000000000      0x2c0 Debug/Drivers/STM32F4xx_HAL_Driver/Src/stm32f4xx_hal.o
 .debug_frame   0x00000000000002c0      0x14c Debug/Drivers/STM32F4xx_HAL_Driver/Src/stm32f4xx_hal_gpio.o
 .debug_frame   0x000000000000040c      0x450 Debug/Drivers/STM32F4xx_HAL_Driver/Src/stm32f4xx_hal_cortex.o
 .debug_frame   0x000000000000085c      0xb30 Debug/Drivers/STM32F4xx_HAL_Driver/Src/stm32f4xx_hal_i2c.o
 .debug_frame   0x000000000000138c      0x200 Debug/Drivers/STM32F4xx_HAL_Driver/Src/stm32f4xx_hal_rcc.o
 .debug_frame   0x000000000000158c      0x2d4 Debug/Src/syscalls.o
 .debug_frame   0x0000000000001860       0x74 Debug/Src/stm32f4xx_hal_msp.o
 .debug_frame   0x00000000000018d4      0x10c Debug/Src/stm32f4xx_it.o
 .debug_frame   0x00000000000019e0       0x58 Debug/Src/system_stm32f4xx.o
 .debug_frame   0x0000000000001a38       0xfc Debug/Src/eeprom.o
 .debug_frame   0x0000000000001b34       0xec Debug/Src/main.o
 .debug_frame   0x0000000000001c20       0x20 /usr/lib/gcc/arm-none-eabi/6.3.0/../../../../arm-none-eabi/lib/armv7e-m/fpu/libstdc++.a(atexit_arm.o)
 .debug_frame   0x0000000000001c40       0x20 /usr/lib/gcc/arm-none-eabi/6.3.0/../../../../arm-none-eabi/lib/armv7e-m/fpu/libstdc++.a(del_ops.o)
 .debug_frame   0x0000000000001c60       0x20 /usr/lib/gcc/arm-none-eabi/6.3.0/../../../../arm-none-eabi/lib/armv7e-m/fpu/libstdc++.a(del_op.o)
 .debug_frame   0x0000000000001c80       0x20 /usr/lib/gcc/arm-none-eabi/6.3.0/../../../../arm-none-eabi/lib/armv7e-m/fpu/libc.a(lib_a-atexit.o)
 .debug_frame   0x0000000000001ca0       0x20 /usr/lib/gcc/arm-none-eabi/6.3.0/../../../../arm-none-eabi/lib/armv7e-m/fpu/libc.a(lib_a-cxa_atexit.o)
 .debug_frame   0x0000000000001cc0       0x20 /usr/lib/gcc/arm-none-eabi/6.3.0/../../../../arm-none-eabi/lib/armv7e-m/fpu/libc.a(lib_a-errno.o)
 .debug_frame   0x0000000000001ce0       0x34 /usr/lib/gcc/arm-none-eabi/6.3.0/../../../../arm-none-eabi/lib/armv7e-m/fpu/libc.a(lib_a-fini.o)
 .debug_frame   0x0000000000001d14       0x2c /usr/lib/gcc/arm-none-eabi/6.3.0/../../../../arm-none-eabi/lib/armv7e-m/fpu/libc.a(lib_a-init.o)
 .debug_frame   0x0000000000001d40       0x30 /usr/lib/gcc/arm-none-eabi/6.3.0/../../../../arm-none-eabi/lib/armv7e-m/fpu/libc.a(lib_a-malloc.o)
 .debug_frame   0x0000000000001d70       0x58 /usr/lib/gcc/arm-none-eabi/6.3.0/../../../../arm-none-eabi/lib/armv7e-m/fpu/libc.a(lib_a-mallocr.o)
 .debug_frame   0x0000000000001dc8       0x30 /usr/lib/gcc/arm-none-eabi/6.3.0/../../../../arm-none-eabi/lib/armv7e-m/fpu/libc.a(lib_a-mlock.o)
 .debug_frame   0x0000000000001df8       0x2c /usr/lib/gcc/arm-none-eabi/6.3.0/../../../../arm-none-eabi/lib/armv7e-m/fpu/libc.a(lib_a-sbrkr.o)
 .debug_frame   0x0000000000001e24       0x34 /usr/lib/gcc/arm-none-eabi/6.3.0/../../../../arm-none-eabi/lib/armv7e-m/fpu/libc.a(lib_a-__atexit.o)
 .debug_frame   0x0000000000001e58       0x50 /usr/lib/gcc/arm-none-eabi/6.3.0/../../../../arm-none-eabi/lib/armv7e-m/fpu/libc.a(lib_a-__call_atexit.o)
 .debug_frame   0x0000000000001ea8       0x74 /usr/lib/gcc/arm-none-eabi/6.3.0/../../../../arm-none-eabi/lib/armv7e-m/fpu/libc.a(lib_a-freer.o)
 .debug_frame   0x0000000000001f1c       0x58 /usr/lib/gcc/arm-none-eabi/6.3.0/../../../../arm-none-eabi/lib/armv7e-m/fpu/libc.a(lib_a-reent.o)

Cross Reference Table

Symbol                                            File
ADC_IRQHandler                                    Debug/Drivers/CMSIS/Device/ST/STM32F4xx/Source/Templates/gcc/startup_stm32f411xe.o
AHBPrescTable                                     Debug/Src/system_stm32f4xx.o
APBAHBPrescTable                                  Debug/Drivers/STM32F4xx_HAL_Driver/Src/stm32f4xx_hal_rcc.o
APBPrescTable                                     Debug/Src/system_stm32f4xx.o
BusFault_Handler                                  Debug/Src/stm32f4xx_it.o
DMA1_Stream0_IRQHandler                           Debug/Drivers/CMSIS/Device/ST/STM32F4xx/Source/Templates/gcc/startup_stm32f411xe.o
DMA1_Stream1_IRQHandler                           Debug/Drivers/CMSIS/Device/ST/STM32F4xx/Source/Templates/gcc/startup_stm32f411xe.o
DMA1_Stream2_IRQHandler                           Debug/Drivers/CMSIS/Device/ST/STM32F4xx/Source/Templates/gcc/startup_stm32f411xe.o
DMA1_Stream3_IRQHandler                           Debug/Drivers/CMSIS/Device/ST/STM32F4xx/Source/Templates/gcc/startup_stm32f411xe.o
DMA1_Stream4_IRQHandler                           Debug/Drivers/CMSIS/Device/ST/STM32F4xx/Source/Templates/gcc/startup_stm32f411xe.o
DMA1_Stream5_IRQHandler                           Debug/Drivers/CMSIS/Device/ST/STM32F4xx/Source/Templates/gcc/startup_stm32f411xe.o
DMA1_Stream6_IRQHandler                           Debug/Drivers/CMSIS/Device/ST/STM32F4xx/Source/Templates/gcc/startup_stm32f411xe.o
DMA1_Stream7_IRQHandler                           Debug/Drivers/CMSIS/Device/ST/STM32F4xx/Source/Templates/gcc/startup_stm32f411xe.o
DMA2_Stream0_IRQHandler                           Debug/Drivers/CMSIS/Device/ST/STM32F4xx/Source/Templates/gcc/startup_stm32f411xe.o
DMA2_Stream1_IRQHandler                           Debug/Drivers/CMSIS/Device/ST/STM32F4xx/Source/Templates/gcc/startup_stm32f411xe.o
DMA2_Stream2_IRQHandler                           Debug/Drivers/CMSIS/Device/ST/STM32F4xx/Source/Templates/gcc/startup_stm32f411xe.o
DMA2_Stream3_IRQHandler                           Debug/Drivers/CMSIS/Device/ST/STM32F4xx/Source/Templates/gcc/startup_stm32f411xe.o
DMA2_Stream4_IRQHandler                           Debug/Drivers/CMSIS/Device/ST/STM32F4xx/Source/Templates/gcc/startup_stm32f411xe.o
DMA2_Stream5_IRQHandler                           Debug/Drivers/CMSIS/Device/ST/STM32F4xx/Source/Templates/gcc/startup_stm32f411xe.o
DMA2_Stream6_IRQHandler                           Debug/Drivers/CMSIS/Device/ST/STM32F4xx/Source/Templates/gcc/startup_stm32f411xe.o
DMA2_Stream7_IRQHandler                           Debug/Drivers/CMSIS/Device/ST/STM32F4xx/Source/Templates/gcc/startup_stm32f411xe.o
DebugMon_Handler                                  Debug/Src/stm32f4xx_it.o
Default_Handler                                   Debug/Drivers/CMSIS/Device/ST/STM32F4xx/Source/Templates/gcc/startup_stm32f411xe.o
EXTI0_IRQHandler                                  Debug/Drivers/CMSIS/Device/ST/STM32F4xx/Source/Templates/gcc/startup_stm32f411xe.o
EXTI15_10_IRQHandler                              Debug/Drivers/CMSIS/Device/ST/STM32F4xx/Source/Templates/gcc/startup_stm32f411xe.o
EXTI1_IRQHandler                                  Debug/Drivers/CMSIS/Device/ST/STM32F4xx/Source/Templates/gcc/startup_stm32f411xe.o
EXTI2_IRQHandler                                  Debug/Drivers/CMSIS/Device/ST/STM32F4xx/Source/Templates/gcc/startup_stm32f411xe.o
EXTI3_IRQHandler                                  Debug/Drivers/CMSIS/Device/ST/STM32F4xx/Source/Templates/gcc/startup_stm32f411xe.o
EXTI4_IRQHandler                                  Debug/Drivers/CMSIS/Device/ST/STM32F4xx/Source/Templates/gcc/startup_stm32f411xe.o
EXTI9_5_IRQHandler                                Debug/Drivers/CMSIS/Device/ST/STM32F4xx/Source/Templates/gcc/startup_stm32f411xe.o
Eeprom::Eeprom()                                  Debug/Src/eeprom.o
Eeprom::Eeprom()                                  Debug/Src/eeprom.o
                                                  Debug/Src/main.o
Eeprom::begin(I2C_HandleTypeDef*)                 Debug/Src/eeprom.o
                                                  Debug/Src/main.o
Eeprom::readEEPROM(unsigned short, unsigned char*, unsigned short) Debug/Src/eeprom.o
                                                  Debug/Src/main.o
Eeprom::writeEEPROM(unsigned short, unsigned char*, unsigned short) Debug/Src/eeprom.o
                                                  Debug/Src/main.o
Eeprom::~Eeprom()                                 Debug/Src/eeprom.o
                                                  Debug/Src/main.o
Eeprom::~Eeprom()                                 Debug/Src/eeprom.o
Eeprom::~Eeprom()                                 Debug/Src/eeprom.o
Error_Handler()                                   Debug/Src/main.o
FLASH_Erase_Sector                                Debug/Drivers/STM32F4xx_HAL_Driver/Src/stm32f4xx_hal_flash_ex.o
                                                  Debug/Drivers/STM32F4xx_HAL_Driver/Src/stm32f4xx_hal_flash.o
FLASH_FlushCaches                                 Debug/Drivers/STM32F4xx_HAL_Driver/Src/stm32f4xx_hal_flash_ex.o
                                                  Debug/Drivers/STM32F4xx_HAL_Driver/Src/stm32f4xx_hal_flash.o
FLASH_IRQHandler                                  Debug/Drivers/CMSIS/Device/ST/STM32F4xx/Source/Templates/gcc/startup_stm32f411xe.o
FLASH_WaitForLastOperation                        Debug/Drivers/STM32F4xx_HAL_Driver/Src/stm32f4xx_hal_flash.o
                                                  Debug/Drivers/STM32F4xx_HAL_Driver/Src/stm32f4xx_hal_flash_ex.o
FPU_IRQHandler                                    Debug/Drivers/CMSIS/Device/ST/STM32F4xx/Source/Templates/gcc/startup_stm32f411xe.o
HAL_DBGMCU_DisableDBGSleepMode                    Debug/Drivers/STM32F4xx_HAL_Driver/Src/stm32f4xx_hal.o
HAL_DBGMCU_DisableDBGStandbyMode                  Debug/Drivers/STM32F4xx_HAL_Driver/Src/stm32f4xx_hal.o
HAL_DBGMCU_DisableDBGStopMode                     Debug/Drivers/STM32F4xx_HAL_Driver/Src/stm32f4xx_hal.o
HAL_DBGMCU_EnableDBGSleepMode                     Debug/Drivers/STM32F4xx_HAL_Driver/Src/stm32f4xx_hal.o
HAL_DBGMCU_EnableDBGStandbyMode                   Debug/Drivers/STM32F4xx_HAL_Driver/Src/stm32f4xx_hal.o
HAL_DBGMCU_EnableDBGStopMode                      Debug/Drivers/STM32F4xx_HAL_Driver/Src/stm32f4xx_hal.o
HAL_DMAEx_ChangeMemory                            Debug/Drivers/STM32F4xx_HAL_Driver/Src/stm32f4xx_hal_dma_ex.o
HAL_DMAEx_MultiBufferStart                        Debug/Drivers/STM32F4xx_HAL_Driver/Src/stm32f4xx_hal_dma_ex.o
HAL_DMAEx_MultiBufferStart_IT                     Debug/Drivers/STM32F4xx_HAL_Driver/Src/stm32f4xx_hal_dma_ex.o
HAL_DMA_Abort                                     Debug/Drivers/STM32F4xx_HAL_Driver/Src/stm32f4xx_hal_dma.o
HAL_DMA_Abort_IT                                  Debug/Drivers/STM32F4xx_HAL_Driver/Src/stm32f4xx_hal_dma.o
                                                  Debug/Drivers/STM32F4xx_HAL_Driver/Src/stm32f4xx_hal_i2c.o
HAL_DMA_DeInit                                    Debug/Drivers/STM32F4xx_HAL_Driver/Src/stm32f4xx_hal_dma.o
HAL_DMA_GetError                                  Debug/Drivers/STM32F4xx_HAL_Driver/Src/stm32f4xx_hal_dma.o
                                                  Debug/Drivers/STM32F4xx_HAL_Driver/Src/stm32f4xx_hal_i2c.o
HAL_DMA_GetState                                  Debug/Drivers/STM32F4xx_HAL_Driver/Src/stm32f4xx_hal_dma.o
HAL_DMA_IRQHandler                                Debug/Drivers/STM32F4xx_HAL_Driver/Src/stm32f4xx_hal_dma.o
HAL_DMA_Init                                      Debug/Drivers/STM32F4xx_HAL_Driver/Src/stm32f4xx_hal_dma.o
HAL_DMA_PollForTransfer                           Debug/Drivers/STM32F4xx_HAL_Driver/Src/stm32f4xx_hal_dma.o
HAL_DMA_RegisterCallback                          Debug/Drivers/STM32F4xx_HAL_Driver/Src/stm32f4xx_hal_dma.o
HAL_DMA_Start                                     Debug/Drivers/STM32F4xx_HAL_Driver/Src/stm32f4xx_hal_dma.o
HAL_DMA_Start_IT                                  Debug/Drivers/STM32F4xx_HAL_Driver/Src/stm32f4xx_hal_dma.o
                                                  Debug/Drivers/STM32F4xx_HAL_Driver/Src/stm32f4xx_hal_i2c.o
HAL_DMA_UnRegisterCallback                        Debug/Drivers/STM32F4xx_HAL_Driver/Src/stm32f4xx_hal_dma.o
HAL_DeInit                                        Debug/Drivers/STM32F4xx_HAL_Driver/Src/stm32f4xx_hal.o
HAL_Delay                                         Debug/Drivers/STM32F4xx_HAL_Driver/Src/stm32f4xx_hal.o
                                                  Debug/Src/main.o
                                                  Debug/Src/eeprom.o
HAL_DisableCompensationCell                       Debug/Drivers/STM32F4xx_HAL_Driver/Src/stm32f4xx_hal.o
HAL_EnableCompensationCell                        Debug/Drivers/STM32F4xx_HAL_Driver/Src/stm32f4xx_hal.o
HAL_FLASHEx_AdvOBGetConfig                        Debug/Drivers/STM32F4xx_HAL_Driver/Src/stm32f4xx_hal_flash_ex.o
HAL_FLASHEx_AdvOBProgram                          Debug/Drivers/STM32F4xx_HAL_Driver/Src/stm32f4xx_hal_flash_ex.o
HAL_FLASHEx_DisableFlashSleepMode                 Debug/Drivers/STM32F4xx_HAL_Driver/Src/stm32f4xx_hal_flash_ramfunc.o
HAL_FLASHEx_EnableFlashSleepMode                  Debug/Drivers/STM32F4xx_HAL_Driver/Src/stm32f4xx_hal_flash_ramfunc.o
HAL_FLASHEx_Erase                                 Debug/Drivers/STM32F4xx_HAL_Driver/Src/stm32f4xx_hal_flash_ex.o
HAL_FLASHEx_Erase_IT                              Debug/Drivers/STM32F4xx_HAL_Driver/Src/stm32f4xx_hal_flash_ex.o
HAL_FLASHEx_OBGetConfig                           Debug/Drivers/STM32F4xx_HAL_Driver/Src/stm32f4xx_hal_flash_ex.o
HAL_FLASHEx_OBProgram                             Debug/Drivers/STM32F4xx_HAL_Driver/Src/stm32f4xx_hal_flash_ex.o
HAL_FLASHEx_OB_DeSelectPCROP                      Debug/Drivers/STM32F4xx_HAL_Driver/Src/stm32f4xx_hal_flash_ex.o
HAL_FLASHEx_OB_SelectPCROP                        Debug/Drivers/STM32F4xx_HAL_Driver/Src/stm32f4xx_hal_flash_ex.o
HAL_FLASHEx_StartFlashInterfaceClk                Debug/Drivers/STM32F4xx_HAL_Driver/Src/stm32f4xx_hal_flash_ramfunc.o
HAL_FLASHEx_StopFlashInterfaceClk                 Debug/Drivers/STM32F4xx_HAL_Driver/Src/stm32f4xx_hal_flash_ramfunc.o
HAL_FLASH_EndOfOperationCallback                  Debug/Drivers/STM32F4xx_HAL_Driver/Src/stm32f4xx_hal_flash.o
HAL_FLASH_GetError                                Debug/Drivers/STM32F4xx_HAL_Driver/Src/stm32f4xx_hal_flash.o
HAL_FLASH_IRQHandler                              Debug/Drivers/STM32F4xx_HAL_Driver/Src/stm32f4xx_hal_flash.o
HAL_FLASH_Lock                                    Debug/Drivers/STM32F4xx_HAL_Driver/Src/stm32f4xx_hal_flash.o
HAL_FLASH_OB_Launch                               Debug/Drivers/STM32F4xx_HAL_Driver/Src/stm32f4xx_hal_flash.o
HAL_FLASH_OB_Lock                                 Debug/Drivers/STM32F4xx_HAL_Driver/Src/stm32f4xx_hal_flash.o
HAL_FLASH_OB_Unlock                               Debug/Drivers/STM32F4xx_HAL_Driver/Src/stm32f4xx_hal_flash.o
HAL_FLASH_OperationErrorCallback                  Debug/Drivers/STM32F4xx_HAL_Driver/Src/stm32f4xx_hal_flash.o
HAL_FLASH_Program                                 Debug/Drivers/STM32F4xx_HAL_Driver/Src/stm32f4xx_hal_flash.o
HAL_FLASH_Program_IT                              Debug/Drivers/STM32F4xx_HAL_Driver/Src/stm32f4xx_hal_flash.o
HAL_FLASH_Unlock                                  Debug/Drivers/STM32F4xx_HAL_Driver/Src/stm32f4xx_hal_flash.o
HAL_GPIO_DeInit                                   Debug/Drivers/STM32F4xx_HAL_Driver/Src/stm32f4xx_hal_gpio.o
                                                  Debug/Src/stm32f4xx_hal_msp.o
HAL_GPIO_EXTI_Callback                            Debug/Drivers/STM32F4xx_HAL_Driver/Src/stm32f4xx_hal_gpio.o
HAL_GPIO_EXTI_IRQHandler                          Debug/Drivers/STM32F4xx_HAL_Driver/Src/stm32f4xx_hal_gpio.o
HAL_GPIO_Init                                     Debug/Drivers/STM32F4xx_HAL_Driver/Src/stm32f4xx_hal_gpio.o
                                                  Debug/Src/main.o
                                                  Debug/Src/stm32f4xx_hal_msp.o
                                                  Debug/Drivers/STM32F4xx_HAL_Driver/Src/stm32f4xx_hal_rcc.o
HAL_GPIO_LockPin                                  Debug/Drivers/STM32F4xx_HAL_Driver/Src/stm32f4xx_hal_gpio.o
HAL_GPIO_ReadPin                                  Debug/Drivers/STM32F4xx_HAL_Driver/Src/stm32f4xx_hal_gpio.o
HAL_GPIO_TogglePin                                Debug/Drivers/STM32F4xx_HAL_Driver/Src/stm32f4xx_hal_gpio.o
                                                  Debug/Src/main.o
HAL_GPIO_WritePin                                 Debug/Drivers/STM32F4xx_HAL_Driver/Src/stm32f4xx_hal_gpio.o
                                                  Debug/Src/main.o
HAL_GetDEVID                                      Debug/Drivers/STM32F4xx_HAL_Driver/Src/stm32f4xx_hal.o
HAL_GetHalVersion                                 Debug/Drivers/STM32F4xx_HAL_Driver/Src/stm32f4xx_hal.o
HAL_GetREVID                                      Debug/Drivers/STM32F4xx_HAL_Driver/Src/stm32f4xx_hal.o
HAL_GetTick                                       Debug/Drivers/STM32F4xx_HAL_Driver/Src/stm32f4xx_hal.o
                                                  Debug/Drivers/STM32F4xx_HAL_Driver/Src/stm32f4xx_hal_pwr_ex.o
                                                  Debug/Drivers/STM32F4xx_HAL_Driver/Src/stm32f4xx_hal_flash.o
                                                  Debug/Drivers/STM32F4xx_HAL_Driver/Src/stm32f4xx_hal_rcc.o
                                                  Debug/Drivers/STM32F4xx_HAL_Driver/Src/stm32f4xx_hal_i2c.o
                                                  Debug/Drivers/STM32F4xx_HAL_Driver/Src/stm32f4xx_hal_dma.o
                                                  Debug/Drivers/STM32F4xx_HAL_Driver/Src/stm32f4xx_hal_rcc_ex.o
HAL_I2CEx_ConfigAnalogFilter                      Debug/Drivers/STM32F4xx_HAL_Driver/Src/stm32f4xx_hal_i2c_ex.o
HAL_I2CEx_ConfigDigitalFilter                     Debug/Drivers/STM32F4xx_HAL_Driver/Src/stm32f4xx_hal_i2c_ex.o
HAL_I2C_AbortCpltCallback                         Debug/Drivers/STM32F4xx_HAL_Driver/Src/stm32f4xx_hal_i2c.o
HAL_I2C_AddrCallback                              Debug/Drivers/STM32F4xx_HAL_Driver/Src/stm32f4xx_hal_i2c.o
HAL_I2C_DeInit                                    Debug/Drivers/STM32F4xx_HAL_Driver/Src/stm32f4xx_hal_i2c.o
HAL_I2C_DisableListen_IT                          Debug/Drivers/STM32F4xx_HAL_Driver/Src/stm32f4xx_hal_i2c.o
HAL_I2C_ER_IRQHandler                             Debug/Drivers/STM32F4xx_HAL_Driver/Src/stm32f4xx_hal_i2c.o
HAL_I2C_EV_IRQHandler                             Debug/Drivers/STM32F4xx_HAL_Driver/Src/stm32f4xx_hal_i2c.o
HAL_I2C_EnableListen_IT                           Debug/Drivers/STM32F4xx_HAL_Driver/Src/stm32f4xx_hal_i2c.o
HAL_I2C_ErrorCallback                             Debug/Drivers/STM32F4xx_HAL_Driver/Src/stm32f4xx_hal_i2c.o
HAL_I2C_GetError                                  Debug/Drivers/STM32F4xx_HAL_Driver/Src/stm32f4xx_hal_i2c.o
HAL_I2C_GetMode                                   Debug/Drivers/STM32F4xx_HAL_Driver/Src/stm32f4xx_hal_i2c.o
HAL_I2C_GetState                                  Debug/Drivers/STM32F4xx_HAL_Driver/Src/stm32f4xx_hal_i2c.o
HAL_I2C_Init                                      Debug/Drivers/STM32F4xx_HAL_Driver/Src/stm32f4xx_hal_i2c.o
                                                  Debug/Src/main.o
HAL_I2C_IsDeviceReady                             Debug/Drivers/STM32F4xx_HAL_Driver/Src/stm32f4xx_hal_i2c.o
HAL_I2C_ListenCpltCallback                        Debug/Drivers/STM32F4xx_HAL_Driver/Src/stm32f4xx_hal_i2c.o
HAL_I2C_MasterRxCpltCallback                      Debug/Drivers/STM32F4xx_HAL_Driver/Src/stm32f4xx_hal_i2c.o
HAL_I2C_MasterTxCpltCallback                      Debug/Drivers/STM32F4xx_HAL_Driver/Src/stm32f4xx_hal_i2c.o
HAL_I2C_Master_Abort_IT                           Debug/Drivers/STM32F4xx_HAL_Driver/Src/stm32f4xx_hal_i2c.o
HAL_I2C_Master_Receive                            Debug/Drivers/STM32F4xx_HAL_Driver/Src/stm32f4xx_hal_i2c.o
HAL_I2C_Master_Receive_DMA                        Debug/Drivers/STM32F4xx_HAL_Driver/Src/stm32f4xx_hal_i2c.o
HAL_I2C_Master_Receive_IT                         Debug/Drivers/STM32F4xx_HAL_Driver/Src/stm32f4xx_hal_i2c.o
HAL_I2C_Master_Sequential_Receive_IT              Debug/Drivers/STM32F4xx_HAL_Driver/Src/stm32f4xx_hal_i2c.o
HAL_I2C_Master_Sequential_Transmit_IT             Debug/Drivers/STM32F4xx_HAL_Driver/Src/stm32f4xx_hal_i2c.o
HAL_I2C_Master_Transmit                           Debug/Drivers/STM32F4xx_HAL_Driver/Src/stm32f4xx_hal_i2c.o
HAL_I2C_Master_Transmit_DMA                       Debug/Drivers/STM32F4xx_HAL_Driver/Src/stm32f4xx_hal_i2c.o
HAL_I2C_Master_Transmit_IT                        Debug/Drivers/STM32F4xx_HAL_Driver/Src/stm32f4xx_hal_i2c.o
HAL_I2C_MemRxCpltCallback                         Debug/Drivers/STM32F4xx_HAL_Driver/Src/stm32f4xx_hal_i2c.o
HAL_I2C_MemTxCpltCallback                         Debug/Drivers/STM32F4xx_HAL_Driver/Src/stm32f4xx_hal_i2c.o
HAL_I2C_Mem_Read                                  Debug/Drivers/STM32F4xx_HAL_Driver/Src/stm32f4xx_hal_i2c.o
                                                  Debug/Src/eeprom.o
HAL_I2C_Mem_Read_DMA                              Debug/Drivers/STM32F4xx_HAL_Driver/Src/stm32f4xx_hal_i2c.o
HAL_I2C_Mem_Read_IT                               Debug/Drivers/STM32F4xx_HAL_Driver/Src/stm32f4xx_hal_i2c.o
HAL_I2C_Mem_Write                                 Debug/Drivers/STM32F4xx_HAL_Driver/Src/stm32f4xx_hal_i2c.o
                                                  Debug/Src/eeprom.o
HAL_I2C_Mem_Write_DMA                             Debug/Drivers/STM32F4xx_HAL_Driver/Src/stm32f4xx_hal_i2c.o
HAL_I2C_Mem_Write_IT                              Debug/Drivers/STM32F4xx_HAL_Driver/Src/stm32f4xx_hal_i2c.o
HAL_I2C_MspDeInit                                 Debug/Src/stm32f4xx_hal_msp.o
                                                  Debug/Drivers/STM32F4xx_HAL_Driver/Src/stm32f4xx_hal_i2c.o
HAL_I2C_MspInit                                   Debug/Src/stm32f4xx_hal_msp.o
                                                  Debug/Drivers/STM32F4xx_HAL_Driver/Src/stm32f4xx_hal_i2c.o
HAL_I2C_SlaveRxCpltCallback                       Debug/Drivers/STM32F4xx_HAL_Driver/Src/stm32f4xx_hal_i2c.o
HAL_I2C_SlaveTxCpltCallback                       Debug/Drivers/STM32F4xx_HAL_Driver/Src/stm32f4xx_hal_i2c.o
HAL_I2C_Slave_Receive                             Debug/Drivers/STM32F4xx_HAL_Driver/Src/stm32f4xx_hal_i2c.o
HAL_I2C_Slave_Receive_DMA                         Debug/Drivers/STM32F4xx_HAL_Driver/Src/stm32f4xx_hal_i2c.o
HAL_I2C_Slave_Receive_IT                          Debug/Drivers/STM32F4xx_HAL_Driver/Src/stm32f4xx_hal_i2c.o
HAL_I2C_Slave_Sequential_Receive_IT               Debug/Drivers/STM32F4xx_HAL_Driver/Src/stm32f4xx_hal_i2c.o
HAL_I2C_Slave_Sequential_Transmit_IT              Debug/Drivers/STM32F4xx_HAL_Driver/Src/stm32f4xx_hal_i2c.o
HAL_I2C_Slave_Transmit                            Debug/Drivers/STM32F4xx_HAL_Driver/Src/stm32f4xx_hal_i2c.o
HAL_I2C_Slave_Transmit_DMA                        Debug/Drivers/STM32F4xx_HAL_Driver/Src/stm32f4xx_hal_i2c.o
HAL_I2C_Slave_Transmit_IT                         Debug/Drivers/STM32F4xx_HAL_Driver/Src/stm32f4xx_hal_i2c.o
HAL_IncTick                                       Debug/Drivers/STM32F4xx_HAL_Driver/Src/stm32f4xx_hal.o
                                                  Debug/Src/stm32f4xx_it.o
HAL_Init                                          Debug/Drivers/STM32F4xx_HAL_Driver/Src/stm32f4xx_hal.o
                                                  Debug/Src/main.o
HAL_InitTick                                      Debug/Drivers/STM32F4xx_HAL_Driver/Src/stm32f4xx_hal.o
                                                  Debug/Drivers/STM32F4xx_HAL_Driver/Src/stm32f4xx_hal_rcc.o
HAL_MPU_ConfigRegion                              Debug/Drivers/STM32F4xx_HAL_Driver/Src/stm32f4xx_hal_cortex.o
HAL_MspDeInit                                     Debug/Drivers/STM32F4xx_HAL_Driver/Src/stm32f4xx_hal.o
HAL_MspInit                                       Debug/Src/stm32f4xx_hal_msp.o
                                                  Debug/Drivers/STM32F4xx_HAL_Driver/Src/stm32f4xx_hal.o
HAL_NVIC_ClearPendingIRQ                          Debug/Drivers/STM32F4xx_HAL_Driver/Src/stm32f4xx_hal_cortex.o
HAL_NVIC_DisableIRQ                               Debug/Drivers/STM32F4xx_HAL_Driver/Src/stm32f4xx_hal_cortex.o
HAL_NVIC_EnableIRQ                                Debug/Drivers/STM32F4xx_HAL_Driver/Src/stm32f4xx_hal_cortex.o
HAL_NVIC_GetActive                                Debug/Drivers/STM32F4xx_HAL_Driver/Src/stm32f4xx_hal_cortex.o
HAL_NVIC_GetPendingIRQ                            Debug/Drivers/STM32F4xx_HAL_Driver/Src/stm32f4xx_hal_cortex.o
HAL_NVIC_GetPriority                              Debug/Drivers/STM32F4xx_HAL_Driver/Src/stm32f4xx_hal_cortex.o
HAL_NVIC_GetPriorityGrouping                      Debug/Drivers/STM32F4xx_HAL_Driver/Src/stm32f4xx_hal_cortex.o
HAL_NVIC_SetPendingIRQ                            Debug/Drivers/STM32F4xx_HAL_Driver/Src/stm32f4xx_hal_cortex.o
HAL_NVIC_SetPriority                              Debug/Drivers/STM32F4xx_HAL_Driver/Src/stm32f4xx_hal_cortex.o
                                                  Debug/Src/main.o
                                                  Debug/Src/stm32f4xx_hal_msp.o
                                                  Debug/Drivers/STM32F4xx_HAL_Driver/Src/stm32f4xx_hal.o
HAL_NVIC_SetPriorityGrouping                      Debug/Drivers/STM32F4xx_HAL_Driver/Src/stm32f4xx_hal_cortex.o
                                                  Debug/Src/stm32f4xx_hal_msp.o
                                                  Debug/Drivers/STM32F4xx_HAL_Driver/Src/stm32f4xx_hal.o
HAL_NVIC_SystemReset                              Debug/Drivers/STM32F4xx_HAL_Driver/Src/stm32f4xx_hal_cortex.o
HAL_PWREx_ControlVoltageScaling                   Debug/Drivers/STM32F4xx_HAL_Driver/Src/stm32f4xx_hal_pwr_ex.o
HAL_PWREx_DisableBkUpReg                          Debug/Drivers/STM32F4xx_HAL_Driver/Src/stm32f4xx_hal_pwr_ex.o
HAL_PWREx_DisableFlashPowerDown                   Debug/Drivers/STM32F4xx_HAL_Driver/Src/stm32f4xx_hal_pwr_ex.o
HAL_PWREx_DisableLowRegulatorLowVoltage           Debug/Drivers/STM32F4xx_HAL_Driver/Src/stm32f4xx_hal_pwr_ex.o
HAL_PWREx_DisableMainRegulatorLowVoltage          Debug/Drivers/STM32F4xx_HAL_Driver/Src/stm32f4xx_hal_pwr_ex.o
HAL_PWREx_EnableBkUpReg                           Debug/Drivers/STM32F4xx_HAL_Driver/Src/stm32f4xx_hal_pwr_ex.o
HAL_PWREx_EnableFlashPowerDown                    Debug/Drivers/STM32F4xx_HAL_Driver/Src/stm32f4xx_hal_pwr_ex.o
HAL_PWREx_EnableLowRegulatorLowVoltage            Debug/Drivers/STM32F4xx_HAL_Driver/Src/stm32f4xx_hal_pwr_ex.o
HAL_PWREx_EnableMainRegulatorLowVoltage           Debug/Drivers/STM32F4xx_HAL_Driver/Src/stm32f4xx_hal_pwr_ex.o
HAL_PWREx_GetVoltageRange                         Debug/Drivers/STM32F4xx_HAL_Driver/Src/stm32f4xx_hal_pwr_ex.o
HAL_PWR_ConfigPVD                                 Debug/Drivers/STM32F4xx_HAL_Driver/Src/stm32f4xx_hal_pwr.o
HAL_PWR_DeInit                                    Debug/Drivers/STM32F4xx_HAL_Driver/Src/stm32f4xx_hal_pwr.o
HAL_PWR_DisableBkUpAccess                         Debug/Drivers/STM32F4xx_HAL_Driver/Src/stm32f4xx_hal_pwr.o
HAL_PWR_DisablePVD                                Debug/Drivers/STM32F4xx_HAL_Driver/Src/stm32f4xx_hal_pwr.o
HAL_PWR_DisableSEVOnPend                          Debug/Drivers/STM32F4xx_HAL_Driver/Src/stm32f4xx_hal_pwr.o
HAL_PWR_DisableSleepOnExit                        Debug/Drivers/STM32F4xx_HAL_Driver/Src/stm32f4xx_hal_pwr.o
HAL_PWR_DisableWakeUpPin                          Debug/Drivers/STM32F4xx_HAL_Driver/Src/stm32f4xx_hal_pwr.o
HAL_PWR_EnableBkUpAccess                          Debug/Drivers/STM32F4xx_HAL_Driver/Src/stm32f4xx_hal_pwr.o
HAL_PWR_EnablePVD                                 Debug/Drivers/STM32F4xx_HAL_Driver/Src/stm32f4xx_hal_pwr.o
HAL_PWR_EnableSEVOnPend                           Debug/Drivers/STM32F4xx_HAL_Driver/Src/stm32f4xx_hal_pwr.o
HAL_PWR_EnableSleepOnExit                         Debug/Drivers/STM32F4xx_HAL_Driver/Src/stm32f4xx_hal_pwr.o
HAL_PWR_EnableWakeUpPin                           Debug/Drivers/STM32F4xx_HAL_Driver/Src/stm32f4xx_hal_pwr.o
HAL_PWR_EnterSLEEPMode                            Debug/Drivers/STM32F4xx_HAL_Driver/Src/stm32f4xx_hal_pwr.o
HAL_PWR_EnterSTANDBYMode                          Debug/Drivers/STM32F4xx_HAL_Driver/Src/stm32f4xx_hal_pwr.o
HAL_PWR_EnterSTOPMode                             Debug/Drivers/STM32F4xx_HAL_Driver/Src/stm32f4xx_hal_pwr.o
HAL_PWR_PVDCallback                               Debug/Drivers/STM32F4xx_HAL_Driver/Src/stm32f4xx_hal_pwr.o
HAL_PWR_PVD_IRQHandler                            Debug/Drivers/STM32F4xx_HAL_Driver/Src/stm32f4xx_hal_pwr.o
HAL_RCCEx_GetPeriphCLKConfig                      Debug/Drivers/STM32F4xx_HAL_Driver/Src/stm32f4xx_hal_rcc_ex.o
HAL_RCCEx_PeriphCLKConfig                         Debug/Drivers/STM32F4xx_HAL_Driver/Src/stm32f4xx_hal_rcc_ex.o
HAL_RCCEx_SelectLSEMode                           Debug/Drivers/STM32F4xx_HAL_Driver/Src/stm32f4xx_hal_rcc_ex.o
HAL_RCC_CSSCallback                               Debug/Drivers/STM32F4xx_HAL_Driver/Src/stm32f4xx_hal_rcc.o
HAL_RCC_ClockConfig                               Debug/Drivers/STM32F4xx_HAL_Driver/Src/stm32f4xx_hal_rcc.o
                                                  Debug/Src/main.o
HAL_RCC_DeInit                                    Debug/Drivers/STM32F4xx_HAL_Driver/Src/stm32f4xx_hal_rcc_ex.o
HAL_RCC_DisableCSS                                Debug/Drivers/STM32F4xx_HAL_Driver/Src/stm32f4xx_hal_rcc.o
HAL_RCC_EnableCSS                                 Debug/Drivers/STM32F4xx_HAL_Driver/Src/stm32f4xx_hal_rcc.o
HAL_RCC_GetClockConfig                            Debug/Drivers/STM32F4xx_HAL_Driver/Src/stm32f4xx_hal_rcc.o
HAL_RCC_GetHCLKFreq                               Debug/Drivers/STM32F4xx_HAL_Driver/Src/stm32f4xx_hal_rcc.o
                                                  Debug/Src/main.o
HAL_RCC_GetOscConfig                              Debug/Drivers/STM32F4xx_HAL_Driver/Src/stm32f4xx_hal_rcc.o
HAL_RCC_GetPCLK1Freq                              Debug/Drivers/STM32F4xx_HAL_Driver/Src/stm32f4xx_hal_rcc.o
                                                  Debug/Drivers/STM32F4xx_HAL_Driver/Src/stm32f4xx_hal_i2c.o
HAL_RCC_GetPCLK2Freq                              Debug/Drivers/STM32F4xx_HAL_Driver/Src/stm32f4xx_hal_rcc.o
HAL_RCC_GetSysClockFreq                           Debug/Drivers/STM32F4xx_HAL_Driver/Src/stm32f4xx_hal_rcc.o
HAL_RCC_MCOConfig                                 Debug/Drivers/STM32F4xx_HAL_Driver/Src/stm32f4xx_hal_rcc.o
HAL_RCC_NMI_IRQHandler                            Debug/Drivers/STM32F4xx_HAL_Driver/Src/stm32f4xx_hal_rcc.o
HAL_RCC_OscConfig                                 Debug/Drivers/STM32F4xx_HAL_Driver/Src/stm32f4xx_hal_rcc.o
                                                  Debug/Src/main.o
HAL_ResumeTick                                    Debug/Drivers/STM32F4xx_HAL_Driver/Src/stm32f4xx_hal.o
HAL_SYSTICK_CLKSourceConfig                       Debug/Drivers/STM32F4xx_HAL_Driver/Src/stm32f4xx_hal_cortex.o
                                                  Debug/Src/main.o
HAL_SYSTICK_Callback                              Debug/Drivers/STM32F4xx_HAL_Driver/Src/stm32f4xx_hal_cortex.o
HAL_SYSTICK_Config                                Debug/Drivers/STM32F4xx_HAL_Driver/Src/stm32f4xx_hal_cortex.o
                                                  Debug/Src/main.o
                                                  Debug/Drivers/STM32F4xx_HAL_Driver/Src/stm32f4xx_hal.o
HAL_SYSTICK_IRQHandler                            Debug/Drivers/STM32F4xx_HAL_Driver/Src/stm32f4xx_hal_cortex.o
                                                  Debug/Src/stm32f4xx_it.o
HAL_SuspendTick                                   Debug/Drivers/STM32F4xx_HAL_Driver/Src/stm32f4xx_hal.o
HardFault_Handler                                 Debug/Src/stm32f4xx_it.o
I2C1_ER_IRQHandler                                Debug/Drivers/CMSIS/Device/ST/STM32F4xx/Source/Templates/gcc/startup_stm32f411xe.o
I2C1_EV_IRQHandler                                Debug/Drivers/CMSIS/Device/ST/STM32F4xx/Source/Templates/gcc/startup_stm32f411xe.o
I2C2_ER_IRQHandler                                Debug/Drivers/CMSIS/Device/ST/STM32F4xx/Source/Templates/gcc/startup_stm32f411xe.o
I2C2_EV_IRQHandler                                Debug/Drivers/CMSIS/Device/ST/STM32F4xx/Source/Templates/gcc/startup_stm32f411xe.o
I2C3_ER_IRQHandler                                Debug/Drivers/CMSIS/Device/ST/STM32F4xx/Source/Templates/gcc/startup_stm32f411xe.o
I2C3_EV_IRQHandler                                Debug/Drivers/CMSIS/Device/ST/STM32F4xx/Source/Templates/gcc/startup_stm32f411xe.o
MemManage_Handler                                 Debug/Src/stm32f4xx_it.o
NMI_Handler                                       Debug/Src/stm32f4xx_it.o
OTG_FS_IRQHandler                                 Debug/Drivers/CMSIS/Device/ST/STM32F4xx/Source/Templates/gcc/startup_stm32f411xe.o
OTG_FS_WKUP_IRQHandler                            Debug/Drivers/CMSIS/Device/ST/STM32F4xx/Source/Templates/gcc/startup_stm32f411xe.o
PVD_IRQHandler                                    Debug/Drivers/CMSIS/Device/ST/STM32F4xx/Source/Templates/gcc/startup_stm32f411xe.o
PendSV_Handler                                    Debug/Src/stm32f4xx_it.o
RCC_IRQHandler                                    Debug/Drivers/CMSIS/Device/ST/STM32F4xx/Source/Templates/gcc/startup_stm32f411xe.o
RTC_Alarm_IRQHandler                              Debug/Drivers/CMSIS/Device/ST/STM32F4xx/Source/Templates/gcc/startup_stm32f411xe.o
RTC_WKUP_IRQHandler                               Debug/Drivers/CMSIS/Device/ST/STM32F4xx/Source/Templates/gcc/startup_stm32f411xe.o
Reset_Handler                                     Debug/Drivers/CMSIS/Device/ST/STM32F4xx/Source/Templates/gcc/startup_stm32f411xe.o
SDIO_IRQHandler                                   Debug/Drivers/CMSIS/Device/ST/STM32F4xx/Source/Templates/gcc/startup_stm32f411xe.o
SPI1_IRQHandler                                   Debug/Drivers/CMSIS/Device/ST/STM32F4xx/Source/Templates/gcc/startup_stm32f411xe.o
SPI2_IRQHandler                                   Debug/Drivers/CMSIS/Device/ST/STM32F4xx/Source/Templates/gcc/startup_stm32f411xe.o
SPI3_IRQHandler                                   Debug/Drivers/CMSIS/Device/ST/STM32F4xx/Source/Templates/gcc/startup_stm32f411xe.o
SPI4_IRQHandler                                   Debug/Drivers/CMSIS/Device/ST/STM32F4xx/Source/Templates/gcc/startup_stm32f411xe.o
SPI5_IRQHandler                                   Debug/Drivers/CMSIS/Device/ST/STM32F4xx/Source/Templates/gcc/startup_stm32f411xe.o
SVC_Handler                                       Debug/Src/stm32f4xx_it.o
SysTick_Handler                                   Debug/Src/stm32f4xx_it.o
SystemClock_Config()                              Debug/Src/main.o
SystemCoreClock                                   Debug/Src/system_stm32f4xx.o
                                                  Debug/Drivers/STM32F4xx_HAL_Driver/Src/stm32f4xx_hal_rcc.o
                                                  Debug/Drivers/STM32F4xx_HAL_Driver/Src/stm32f4xx_hal_i2c.o
                                                  Debug/Drivers/STM32F4xx_HAL_Driver/Src/stm32f4xx_hal_dma.o
                                                  Debug/Drivers/STM32F4xx_HAL_Driver/Src/stm32f4xx_hal.o
                                                  Debug/Drivers/STM32F4xx_HAL_Driver/Src/stm32f4xx_hal_rcc_ex.o
SystemCoreClockUpdate                             Debug/Src/system_stm32f4xx.o
SystemInit                                        Debug/Src/system_stm32f4xx.o
                                                  Debug/Drivers/CMSIS/Device/ST/STM32F4xx/Source/Templates/gcc/startup_stm32f411xe.o
TAMP_STAMP_IRQHandler                             Debug/Drivers/CMSIS/Device/ST/STM32F4xx/Source/Templates/gcc/startup_stm32f411xe.o
TIM1_BRK_TIM9_IRQHandler                          Debug/Drivers/CMSIS/Device/ST/STM32F4xx/Source/Templates/gcc/startup_stm32f411xe.o
TIM1_CC_IRQHandler                                Debug/Drivers/CMSIS/Device/ST/STM32F4xx/Source/Templates/gcc/startup_stm32f411xe.o
TIM1_TRG_COM_TIM11_IRQHandler                     Debug/Drivers/CMSIS/Device/ST/STM32F4xx/Source/Templates/gcc/startup_stm32f411xe.o
TIM1_UP_TIM10_IRQHandler                          Debug/Drivers/CMSIS/Device/ST/STM32F4xx/Source/Templates/gcc/startup_stm32f411xe.o
TIM2_IRQHandler                                   Debug/Drivers/CMSIS/Device/ST/STM32F4xx/Source/Templates/gcc/startup_stm32f411xe.o
TIM3_IRQHandler                                   Debug/Drivers/CMSIS/Device/ST/STM32F4xx/Source/Templates/gcc/startup_stm32f411xe.o
TIM4_IRQHandler                                   Debug/Drivers/CMSIS/Device/ST/STM32F4xx/Source/Templates/gcc/startup_stm32f411xe.o
TIM5_IRQHandler                                   Debug/Drivers/CMSIS/Device/ST/STM32F4xx/Source/Templates/gcc/startup_stm32f411xe.o
USART1_IRQHandler                                 Debug/Drivers/CMSIS/Device/ST/STM32F4xx/Source/Templates/gcc/startup_stm32f411xe.o
USART2_IRQHandler                                 Debug/Drivers/CMSIS/Device/ST/STM32F4xx/Source/Templates/gcc/startup_stm32f411xe.o
USART6_IRQHandler                                 Debug/Drivers/CMSIS/Device/ST/STM32F4xx/Source/Templates/gcc/startup_stm32f411xe.o
UsageFault_Handler                                Debug/Src/stm32f4xx_it.o
WWDG_IRQHandler                                   Debug/Drivers/CMSIS/Device/ST/STM32F4xx/Source/Templates/gcc/startup_stm32f411xe.o
_Jv_RegisterClasses                               /usr/lib/gcc/arm-none-eabi/6.3.0/armv7e-m/fpu/crtbegin.o
__aeabi_atexit                                    /usr/lib/gcc/arm-none-eabi/6.3.0/../../../../arm-none-eabi/lib/armv7e-m/fpu/libstdc++.a(atexit_arm.o)
                                                  Debug/Src/main.o
__bss_end__                                       /usr/lib/gcc/arm-none-eabi/6.3.0/../../../../arm-none-eabi/lib/armv7e-m/fpu/crt0.o
__bss_start__                                     /usr/lib/gcc/arm-none-eabi/6.3.0/../../../../arm-none-eabi/lib/armv7e-m/fpu/crt0.o
__call_exitprocs                                  /usr/lib/gcc/arm-none-eabi/6.3.0/../../../../arm-none-eabi/lib/armv7e-m/fpu/libc.a(lib_a-__call_atexit.o)
                                                  /usr/lib/gcc/arm-none-eabi/6.3.0/../../../../arm-none-eabi/lib/armv7e-m/fpu/libc.a(lib_a-exit.o)
__cxa_atexit                                      /usr/lib/gcc/arm-none-eabi/6.3.0/../../../../arm-none-eabi/lib/armv7e-m/fpu/libc.a(lib_a-cxa_atexit.o)
                                                  /usr/lib/gcc/arm-none-eabi/6.3.0/../../../../arm-none-eabi/lib/armv7e-m/fpu/libstdc++.a(atexit_arm.o)
__deregister_frame_info                           /usr/lib/gcc/arm-none-eabi/6.3.0/armv7e-m/fpu/crtbegin.o
__dso_handle                                      /usr/lib/gcc/arm-none-eabi/6.3.0/armv7e-m/fpu/crtbegin.o
                                                  Debug/Src/main.o
__env                                             Debug/Src/syscalls.o
__errno                                           /usr/lib/gcc/arm-none-eabi/6.3.0/../../../../arm-none-eabi/lib/armv7e-m/fpu/libc.a(lib_a-errno.o)
                                                  Debug/Src/syscalls.o
__fini_array_end                                  /usr/lib/gcc/arm-none-eabi/6.3.0/../../../../arm-none-eabi/lib/armv7e-m/fpu/libc.a(lib_a-fini.o)
__fini_array_start                                /usr/lib/gcc/arm-none-eabi/6.3.0/../../../../arm-none-eabi/lib/armv7e-m/fpu/libc.a(lib_a-fini.o)
__init_array_end                                  /usr/lib/gcc/arm-none-eabi/6.3.0/../../../../arm-none-eabi/lib/armv7e-m/fpu/libc.a(lib_a-init.o)
__init_array_start                                /usr/lib/gcc/arm-none-eabi/6.3.0/../../../../arm-none-eabi/lib/armv7e-m/fpu/libc.a(lib_a-init.o)
__io_getchar                                      Debug/Src/syscalls.o
__io_putchar                                      Debug/Src/syscalls.o
__libc_fini                                       /usr/lib/gcc/arm-none-eabi/6.3.0/../../../../arm-none-eabi/lib/armv7e-m/fpu/libc.a(lib_a-__call_atexit.o)
__libc_fini_array                                 /usr/lib/gcc/arm-none-eabi/6.3.0/../../../../arm-none-eabi/lib/armv7e-m/fpu/libc.a(lib_a-fini.o)
                                                  /usr/lib/gcc/arm-none-eabi/6.3.0/../../../../arm-none-eabi/lib/armv7e-m/fpu/libc.a(lib_a-__call_atexit.o)
                                                  /usr/lib/gcc/arm-none-eabi/6.3.0/../../../../arm-none-eabi/lib/armv7e-m/fpu/crt0.o
__libc_init_array                                 /usr/lib/gcc/arm-none-eabi/6.3.0/../../../../arm-none-eabi/lib/armv7e-m/fpu/libc.a(lib_a-init.o)
                                                  Debug/Drivers/CMSIS/Device/ST/STM32F4xx/Source/Templates/gcc/startup_stm32f411xe.o
                                                  /usr/lib/gcc/arm-none-eabi/6.3.0/../../../../arm-none-eabi/lib/armv7e-m/fpu/crt0.o
__malloc_av_                                      /usr/lib/gcc/arm-none-eabi/6.3.0/../../../../arm-none-eabi/lib/armv7e-m/fpu/libc.a(lib_a-mallocr.o)
                                                  /usr/lib/gcc/arm-none-eabi/6.3.0/../../../../arm-none-eabi/lib/armv7e-m/fpu/libc.a(lib_a-freer.o)
__malloc_current_mallinfo                         /usr/lib/gcc/arm-none-eabi/6.3.0/../../../../arm-none-eabi/lib/armv7e-m/fpu/libc.a(lib_a-mallocr.o)
                                                  /usr/lib/gcc/arm-none-eabi/6.3.0/../../../../arm-none-eabi/lib/armv7e-m/fpu/libc.a(lib_a-freer.o)
__malloc_lock                                     /usr/lib/gcc/arm-none-eabi/6.3.0/../../../../arm-none-eabi/lib/armv7e-m/fpu/libc.a(lib_a-mlock.o)
                                                  /usr/lib/gcc/arm-none-eabi/6.3.0/../../../../arm-none-eabi/lib/armv7e-m/fpu/libc.a(lib_a-freer.o)
                                                  /usr/lib/gcc/arm-none-eabi/6.3.0/../../../../arm-none-eabi/lib/armv7e-m/fpu/libc.a(lib_a-mallocr.o)
__malloc_max_sbrked_mem                           /usr/lib/gcc/arm-none-eabi/6.3.0/../../../../arm-none-eabi/lib/armv7e-m/fpu/libc.a(lib_a-mallocr.o)
__malloc_max_total_mem                            /usr/lib/gcc/arm-none-eabi/6.3.0/../../../../arm-none-eabi/lib/armv7e-m/fpu/libc.a(lib_a-mallocr.o)
__malloc_sbrk_base                                /usr/lib/gcc/arm-none-eabi/6.3.0/../../../../arm-none-eabi/lib/armv7e-m/fpu/libc.a(lib_a-mallocr.o)
                                                  /usr/lib/gcc/arm-none-eabi/6.3.0/../../../../arm-none-eabi/lib/armv7e-m/fpu/libc.a(lib_a-freer.o)
__malloc_top_pad                                  /usr/lib/gcc/arm-none-eabi/6.3.0/../../../../arm-none-eabi/lib/armv7e-m/fpu/libc.a(lib_a-mallocr.o)
                                                  /usr/lib/gcc/arm-none-eabi/6.3.0/../../../../arm-none-eabi/lib/armv7e-m/fpu/libc.a(lib_a-freer.o)
__malloc_trim_threshold                           /usr/lib/gcc/arm-none-eabi/6.3.0/../../../../arm-none-eabi/lib/armv7e-m/fpu/libc.a(lib_a-mallocr.o)
                                                  /usr/lib/gcc/arm-none-eabi/6.3.0/../../../../arm-none-eabi/lib/armv7e-m/fpu/libc.a(lib_a-freer.o)
__malloc_unlock                                   /usr/lib/gcc/arm-none-eabi/6.3.0/../../../../arm-none-eabi/lib/armv7e-m/fpu/libc.a(lib_a-mlock.o)
                                                  /usr/lib/gcc/arm-none-eabi/6.3.0/../../../../arm-none-eabi/lib/armv7e-m/fpu/libc.a(lib_a-freer.o)
                                                  /usr/lib/gcc/arm-none-eabi/6.3.0/../../../../arm-none-eabi/lib/armv7e-m/fpu/libc.a(lib_a-mallocr.o)
__preinit_array_end                               /usr/lib/gcc/arm-none-eabi/6.3.0/../../../../arm-none-eabi/lib/armv7e-m/fpu/libc.a(lib_a-init.o)
__preinit_array_start                             /usr/lib/gcc/arm-none-eabi/6.3.0/../../../../arm-none-eabi/lib/armv7e-m/fpu/libc.a(lib_a-init.o)
__register_exitproc                               /usr/lib/gcc/arm-none-eabi/6.3.0/../../../../arm-none-eabi/lib/armv7e-m/fpu/libc.a(lib_a-__atexit.o)
                                                  /usr/lib/gcc/arm-none-eabi/6.3.0/../../../../arm-none-eabi/lib/armv7e-m/fpu/libc.a(lib_a-cxa_atexit.o)
                                                  /usr/lib/gcc/arm-none-eabi/6.3.0/../../../../arm-none-eabi/lib/armv7e-m/fpu/libc.a(lib_a-atexit.o)
__register_frame_info                             /usr/lib/gcc/arm-none-eabi/6.3.0/armv7e-m/fpu/crtbegin.o
__stack                                           /usr/lib/gcc/arm-none-eabi/6.3.0/../../../../arm-none-eabi/lib/armv7e-m/fpu/crt0.o
_close                                            Debug/Src/syscalls.o
_ebss                                             Debug/Drivers/CMSIS/Device/ST/STM32F4xx/Source/Templates/gcc/startup_stm32f411xe.o
_edata                                            Debug/Drivers/CMSIS/Device/ST/STM32F4xx/Source/Templates/gcc/startup_stm32f411xe.o
_estack                                           Debug/Drivers/CMSIS/Device/ST/STM32F4xx/Source/Templates/gcc/startup_stm32f411xe.o
_execve                                           Debug/Src/syscalls.o
_exit                                             Debug/Src/syscalls.o
                                                  /usr/lib/gcc/arm-none-eabi/6.3.0/../../../../arm-none-eabi/lib/armv7e-m/fpu/libc.a(lib_a-exit.o)
_fini                                             /usr/lib/gcc/arm-none-eabi/6.3.0/armv7e-m/fpu/crti.o
                                                  /usr/lib/gcc/arm-none-eabi/6.3.0/../../../../arm-none-eabi/lib/armv7e-m/fpu/libc.a(lib_a-fini.o)
_fork                                             Debug/Src/syscalls.o
_free_r                                           /usr/lib/gcc/arm-none-eabi/6.3.0/../../../../arm-none-eabi/lib/armv7e-m/fpu/libc.a(lib_a-freer.o)
                                                  /usr/lib/gcc/arm-none-eabi/6.3.0/../../../../arm-none-eabi/lib/armv7e-m/fpu/libc.a(lib_a-reent.o)
                                                  /usr/lib/gcc/arm-none-eabi/6.3.0/../../../../arm-none-eabi/lib/armv7e-m/fpu/libc.a(lib_a-mallocr.o)
                                                  /usr/lib/gcc/arm-none-eabi/6.3.0/../../../../arm-none-eabi/lib/armv7e-m/fpu/libc.a(lib_a-malloc.o)
_fstat                                            Debug/Src/syscalls.o
_getpid                                           Debug/Src/syscalls.o
_global_impure_ptr                                /usr/lib/gcc/arm-none-eabi/6.3.0/../../../../arm-none-eabi/lib/armv7e-m/fpu/libc.a(lib_a-impure.o)
                                                  /usr/lib/gcc/arm-none-eabi/6.3.0/../../../../arm-none-eabi/lib/armv7e-m/fpu/libc.a(lib_a-__call_atexit.o)
                                                  /usr/lib/gcc/arm-none-eabi/6.3.0/../../../../arm-none-eabi/lib/armv7e-m/fpu/libc.a(lib_a-__atexit.o)
                                                  /usr/lib/gcc/arm-none-eabi/6.3.0/../../../../arm-none-eabi/lib/armv7e-m/fpu/libc.a(lib_a-exit.o)
_impure_ptr                                       /usr/lib/gcc/arm-none-eabi/6.3.0/../../../../arm-none-eabi/lib/armv7e-m/fpu/libc.a(lib_a-impure.o)
                                                  /usr/lib/gcc/arm-none-eabi/6.3.0/../../../../arm-none-eabi/lib/armv7e-m/fpu/libc.a(lib_a-reent.o)
                                                  /usr/lib/gcc/arm-none-eabi/6.3.0/../../../../arm-none-eabi/lib/armv7e-m/fpu/libc.a(lib_a-malloc.o)
                                                  /usr/lib/gcc/arm-none-eabi/6.3.0/../../../../arm-none-eabi/lib/armv7e-m/fpu/libc.a(lib_a-errno.o)
_init                                             /usr/lib/gcc/arm-none-eabi/6.3.0/armv7e-m/fpu/crti.o
                                                  /usr/lib/gcc/arm-none-eabi/6.3.0/../../../../arm-none-eabi/lib/armv7e-m/fpu/libc.a(lib_a-init.o)
_isatty                                           Debug/Src/syscalls.o
_kill                                             Debug/Src/syscalls.o
_link                                             Debug/Src/syscalls.o
_lseek                                            Debug/Src/syscalls.o
_mainCRTStartup                                   /usr/lib/gcc/arm-none-eabi/6.3.0/../../../../arm-none-eabi/lib/armv7e-m/fpu/crt0.o
_malloc_r                                         /usr/lib/gcc/arm-none-eabi/6.3.0/../../../../arm-none-eabi/lib/armv7e-m/fpu/libc.a(lib_a-mallocr.o)
                                                  /usr/lib/gcc/arm-none-eabi/6.3.0/../../../../arm-none-eabi/lib/armv7e-m/fpu/libc.a(lib_a-malloc.o)
_malloc_trim_r                                    /usr/lib/gcc/arm-none-eabi/6.3.0/../../../../arm-none-eabi/lib/armv7e-m/fpu/libc.a(lib_a-freer.o)
_open                                             Debug/Src/syscalls.o
_read                                             Debug/Src/syscalls.o
_reclaim_reent                                    /usr/lib/gcc/arm-none-eabi/6.3.0/../../../../arm-none-eabi/lib/armv7e-m/fpu/libc.a(lib_a-reent.o)
_sbrk                                             Debug/Src/syscalls.o
                                                  /usr/lib/gcc/arm-none-eabi/6.3.0/../../../../arm-none-eabi/lib/armv7e-m/fpu/libc.a(lib_a-sbrkr.o)
_sbrk_r                                           /usr/lib/gcc/arm-none-eabi/6.3.0/../../../../arm-none-eabi/lib/armv7e-m/fpu/libc.a(lib_a-sbrkr.o)
                                                  /usr/lib/gcc/arm-none-eabi/6.3.0/../../../../arm-none-eabi/lib/armv7e-m/fpu/libc.a(lib_a-freer.o)
                                                  /usr/lib/gcc/arm-none-eabi/6.3.0/../../../../arm-none-eabi/lib/armv7e-m/fpu/libc.a(lib_a-mallocr.o)
_sbss                                             Debug/Drivers/CMSIS/Device/ST/STM32F4xx/Source/Templates/gcc/startup_stm32f411xe.o
_sdata                                            Debug/Drivers/CMSIS/Device/ST/STM32F4xx/Source/Templates/gcc/startup_stm32f411xe.o