Archive member included because of file (symbol)

c:/program files (x86)/atollic/truestudio for arm 5.4.0/armtools/bin/../lib/gcc/arm-atollic-eabi/4.8.3/../../../../arm-atollic-eabi/lib/armv7e-m/fpu\libc_s.a(lib_a-init.o)
                              src\startup_stm32f411xe.o (__libc_init_array)
c:/program files (x86)/atollic/truestudio for arm 5.4.0/armtools/bin/../lib/gcc/arm-atollic-eabi/4.8.3/../../../../arm-atollic-eabi/lib/armv7e-m/fpu\libc_s.a(lib_a-reent.o)
                              src\syscalls.o (errno)
c:/program files (x86)/atollic/truestudio for arm 5.4.0/armtools/bin/../lib/gcc/arm-atollic-eabi/4.8.3/../../../../arm-atollic-eabi/lib/armv7e-m/fpu\libc_s.a(lib_a-strlen.o)
                              src\tiny_printf.o (strlen)
c:/program files (x86)/atollic/truestudio for arm 5.4.0/armtools/bin/../lib/gcc/arm-atollic-eabi/4.8.3/../../../../arm-atollic-eabi/lib/armv7e-m/fpu\libc_s.a(lib_a-impure.o)
                              c:/program files (x86)/atollic/truestudio for arm 5.4.0/armtools/bin/../lib/gcc/arm-atollic-eabi/4.8.3/../../../../arm-atollic-eabi/lib/armv7e-m/fpu\libc_s.a(lib_a-reent.o) (_impure_ptr)
c:/program files (x86)/atollic/truestudio for arm 5.4.0/armtools/bin/../lib/gcc/arm-atollic-eabi/4.8.3/../../../../arm-atollic-eabi/lib/armv7e-m/fpu\libc_s.a(lib_a-nano-freer.o)
                              c:/program files (x86)/atollic/truestudio for arm 5.4.0/armtools/bin/../lib/gcc/arm-atollic-eabi/4.8.3/../../../../arm-atollic-eabi/lib/armv7e-m/fpu\libc_s.a(lib_a-reent.o) (_free_r)
c:/program files (x86)/atollic/truestudio for arm 5.4.0/armtools/bin/../lib/gcc/arm-atollic-eabi/4.8.3/../../../../arm-atollic-eabi/lib/armv7e-m/fpu\libc_s.a(lib_a-nano-mallocr.o)
                              c:/program files (x86)/atollic/truestudio for arm 5.4.0/armtools/bin/../lib/gcc/arm-atollic-eabi/4.8.3/../../../../arm-atollic-eabi/lib/armv7e-m/fpu\libc_s.a(lib_a-nano-freer.o) (__malloc_free_list)
c:/program files (x86)/atollic/truestudio for arm 5.4.0/armtools/bin/../lib/gcc/arm-atollic-eabi/4.8.3/../../../../arm-atollic-eabi/lib/armv7e-m/fpu\libc_s.a(lib_a-sbrkr.o)
                              c:/program files (x86)/atollic/truestudio for arm 5.4.0/armtools/bin/../lib/gcc/arm-atollic-eabi/4.8.3/../../../../arm-atollic-eabi/lib/armv7e-m/fpu\libc_s.a(lib_a-nano-mallocr.o) (_sbrk_r)

Allocating common symbols
Common symbol       size              file

errno               0x4               c:/program files (x86)/atollic/truestudio for arm 5.4.0/armtools/bin/../lib/gcc/arm-atollic-eabi/4.8.3/../../../../arm-atollic-eabi/lib/armv7e-m/fpu\libc_s.a(lib_a-reent.o)

Discarded input sections

 .text          0x00000000        0x0 c:/program files (x86)/atollic/truestudio for arm 5.4.0/armtools/bin/../lib/gcc/arm-atollic-eabi/4.8.3/armv7e-m/fpu/crti.o
 .data          0x00000000        0x0 c:/program files (x86)/atollic/truestudio for arm 5.4.0/armtools/bin/../lib/gcc/arm-atollic-eabi/4.8.3/armv7e-m/fpu/crti.o
 .bss           0x00000000        0x0 c:/program files (x86)/atollic/truestudio for arm 5.4.0/armtools/bin/../lib/gcc/arm-atollic-eabi/4.8.3/armv7e-m/fpu/crti.o
 .data          0x00000000        0x4 c:/program files (x86)/atollic/truestudio for arm 5.4.0/armtools/bin/../lib/gcc/arm-atollic-eabi/4.8.3/armv7e-m/fpu/crtbegin.o
 .text          0x00000000        0x0 src\tiny_printf.o
 .data          0x00000000        0x0 src\tiny_printf.o
 .bss           0x00000000        0x0 src\tiny_printf.o
 .text.ts_itoa  0x00000000       0x90 src\tiny_printf.o
 .text.ts_formatstring
                0x00000000      0x134 src\tiny_printf.o
 .text.ts_formatlength
                0x00000000      0x12c src\tiny_printf.o
 .text.siprintf
                0x00000000       0x2c src\tiny_printf.o
 .text.fiprintf
                0x00000000       0x9c src\tiny_printf.o
 .text.iprintf  0x00000000       0x94 src\tiny_printf.o
 .rodata        0x00000000        0x4 src\tiny_printf.o
 .text.fputs    0x00000000       0x68 src\tiny_printf.o
 .text.puts     0x00000000       0x58 src\tiny_printf.o
 .text.fwrite   0x00000000       0x38 src\tiny_printf.o
 .debug_info    0x00000000      0xbc2 src\tiny_printf.o
 .debug_abbrev  0x00000000      0x248 src\tiny_printf.o
 .debug_aranges
                0x00000000       0x60 src\tiny_printf.o
 .debug_ranges  0x00000000       0x50 src\tiny_printf.o
 .debug_line    0x00000000      0x2cf src\tiny_printf.o
 .debug_str     0x00000000      0x622 src\tiny_printf.o
 .comment       0x00000000       0x83 src\tiny_printf.o
 .ARM.attributes
                0x00000000       0x39 src\tiny_printf.o
 .debug_frame   0x00000000      0x154 src\tiny_printf.o
 .text          0x00000000        0x0 src\system_stm32f4xx.o
 .data          0x00000000        0x0 src\system_stm32f4xx.o
 .bss           0x00000000        0x0 src\system_stm32f4xx.o
 .data.SystemCoreClock
                0x00000000        0x4 src\system_stm32f4xx.o
 .data.AHBPrescTable
                0x00000000       0x10 src\system_stm32f4xx.o
 .text.SystemCoreClockUpdate
                0x00000000       0xf8 src\system_stm32f4xx.o
 .text          0x00000000        0x0 src\syscalls.o
 .data          0x00000000        0x0 src\syscalls.o
 .bss           0x00000000        0x0 src\syscalls.o
 .bss.__env     0x00000000        0x4 src\syscalls.o
 .data.environ  0x00000000        0x4 src\syscalls.o
 .text.initialise_monitor_handles
                0x00000000        0xc src\syscalls.o
 .text._getpid  0x00000000       0x10 src\syscalls.o
 .text._kill    0x00000000       0x24 src\syscalls.o
 .text._exit    0x00000000       0x14 src\syscalls.o
 .text._write   0x00000000       0x1c src\syscalls.o
 .text._sbrk    0x00000000       0x5c src\syscalls.o
 .text._close   0x00000000       0x18 src\syscalls.o
 .text._fstat   0x00000000       0x20 src\syscalls.o
 .text._isatty  0x00000000       0x18 src\syscalls.o
 .text._lseek   0x00000000       0x1c src\syscalls.o
 .text._read    0x00000000       0x1c src\syscalls.o
 .text._open    0x00000000       0x1c src\syscalls.o
 .text._wait    0x00000000       0x24 src\syscalls.o
 .text._unlink  0x00000000       0x24 src\syscalls.o
 .text._times   0x00000000       0x18 src\syscalls.o
 .text._stat    0x00000000       0x20 src\syscalls.o
 .text._link    0x00000000       0x24 src\syscalls.o
 .text._fork    0x00000000       0x1c src\syscalls.o
 .text._execve  0x00000000       0x28 src\syscalls.o
 .bss.heap_end.5597
                0x00000000        0x4 src\syscalls.o
 .debug_info    0x00000000      0x6a0 src\syscalls.o
 .debug_abbrev  0x00000000      0x14e src\syscalls.o
 .debug_aranges
                0x00000000       0xb0 src\syscalls.o
 .debug_ranges  0x00000000       0xa0 src\syscalls.o
 .debug_line    0x00000000      0x2fd src\syscalls.o
 .debug_str     0x00000000      0x3f4 src\syscalls.o
 .comment       0x00000000       0x83 src\syscalls.o
 .ARM.attributes
                0x00000000       0x39 src\syscalls.o
 .debug_frame   0x00000000      0x21c src\syscalls.o
 .text          0x00000000        0x0 src\stm32f4xx_gpio.o
 .data          0x00000000        0x0 src\stm32f4xx_gpio.o
 .bss           0x00000000        0x0 src\stm32f4xx_gpio.o
 .text.GPIO_DeInit
                0x00000000       0xfc src\stm32f4xx_gpio.o
 .text.GPIO_StructInit
                0x00000000       0x34 src\stm32f4xx_gpio.o
 .text          0x00000000        0x0 src\stm32f4xx_adc.o
 .data          0x00000000        0x0 src\stm32f4xx_adc.o
 .bss           0x00000000        0x0 src\stm32f4xx_adc.o
 .text.ADC_DeInit
                0x00000000       0x1c src\stm32f4xx_adc.o
 .text.ADC_StructInit
                0x00000000       0x3c src\stm32f4xx_adc.o
 .text.ADC_CommonInit
                0x00000000      0x1cc src\stm32f4xx_adc.o
 .text.ADC_CommonStructInit
                0x00000000       0x2c src\stm32f4xx_adc.o
 .text.ADC_AnalogWatchdogCmd
                0x00000000       0x9c src\stm32f4xx_adc.o
 .text.ADC_GetSoftwareStartConvStatus
                0x00000000       0x44 src\stm32f4xx_adc.o
 .text          0x00000000       0x14 src\startup_stm32f411xe.o
 .data          0x00000000        0x0 src\startup_stm32f411xe.o
 .bss           0x00000000        0x0 src\startup_stm32f411xe.o
 .text          0x00000000        0x0 src\main.o
 .data          0x00000000        0x0 src\main.o
 .bss           0x00000000        0x0 src\main.o
 .text          0x00000000        0x0 c:/program files (x86)/atollic/truestudio for arm 5.4.0/armtools/bin/../lib/gcc/arm-atollic-eabi/4.8.3/../../../../arm-atollic-eabi/lib/armv7e-m/fpu\libc_s.a(lib_a-init.o)
 .data          0x00000000        0x0 c:/program files (x86)/atollic/truestudio for arm 5.4.0/armtools/bin/../lib/gcc/arm-atollic-eabi/4.8.3/../../../../arm-atollic-eabi/lib/armv7e-m/fpu\libc_s.a(lib_a-init.o)
 .bss           0x00000000        0x0 c:/program files (x86)/atollic/truestudio for arm 5.4.0/armtools/bin/../lib/gcc/arm-atollic-eabi/4.8.3/../../../../arm-atollic-eabi/lib/armv7e-m/fpu\libc_s.a(lib_a-init.o)
 .text          0x00000000        0x0 c:/program files (x86)/atollic/truestudio for arm 5.4.0/armtools/bin/../lib/gcc/arm-atollic-eabi/4.8.3/../../../../arm-atollic-eabi/lib/armv7e-m/fpu\libc_s.a(lib_a-reent.o)
 .data          0x00000000        0x0 c:/program files (x86)/atollic/truestudio for arm 5.4.0/armtools/bin/../lib/gcc/arm-atollic-eabi/4.8.3/../../../../arm-atollic-eabi/lib/armv7e-m/fpu\libc_s.a(lib_a-reent.o)
 .bss           0x00000000        0x0 c:/program files (x86)/atollic/truestudio for arm 5.4.0/armtools/bin/../lib/gcc/arm-atollic-eabi/4.8.3/../../../../arm-atollic-eabi/lib/armv7e-m/fpu\libc_s.a(lib_a-reent.o)
 .text.cleanup_glue
                0x00000000       0x1a c:/program files (x86)/atollic/truestudio for arm 5.4.0/armtools/bin/../lib/gcc/arm-atollic-eabi/4.8.3/../../../../arm-atollic-eabi/lib/armv7e-m/fpu\libc_s.a(lib_a-reent.o)
 .text._reclaim_reent
                0x00000000       0xbc c:/program files (x86)/atollic/truestudio for arm 5.4.0/armtools/bin/../lib/gcc/arm-atollic-eabi/4.8.3/../../../../arm-atollic-eabi/lib/armv7e-m/fpu\libc_s.a(lib_a-reent.o)
 .ARM.attributes
                0x00000000       0x34 c:/program files (x86)/atollic/truestudio for arm 5.4.0/armtools/bin/../lib/gcc/arm-atollic-eabi/4.8.3/../../../../arm-atollic-eabi/lib/armv7e-m/fpu\libc_s.a(lib_a-reent.o)
 .debug_frame   0x00000000       0x48 c:/program files (x86)/atollic/truestudio for arm 5.4.0/armtools/bin/../lib/gcc/arm-atollic-eabi/4.8.3/../../../../arm-atollic-eabi/lib/armv7e-m/fpu\libc_s.a(lib_a-reent.o)
 COMMON         0x00000000        0x4 c:/program files (x86)/atollic/truestudio for arm 5.4.0/armtools/bin/../lib/gcc/arm-atollic-eabi/4.8.3/../../../../arm-atollic-eabi/lib/armv7e-m/fpu\libc_s.a(lib_a-reent.o)
 .text          0x00000000        0x0 c:/program files (x86)/atollic/truestudio for arm 5.4.0/armtools/bin/../lib/gcc/arm-atollic-eabi/4.8.3/../../../../arm-atollic-eabi/lib/armv7e-m/fpu\libc_s.a(lib_a-strlen.o)
 .data          0x00000000        0x0 c:/program files (x86)/atollic/truestudio for arm 5.4.0/armtools/bin/../lib/gcc/arm-atollic-eabi/4.8.3/../../../../arm-atollic-eabi/lib/armv7e-m/fpu\libc_s.a(lib_a-strlen.o)
 .bss           0x00000000        0x0 c:/program files (x86)/atollic/truestudio for arm 5.4.0/armtools/bin/../lib/gcc/arm-atollic-eabi/4.8.3/../../../../arm-atollic-eabi/lib/armv7e-m/fpu\libc_s.a(lib_a-strlen.o)
 .text.strlen   0x00000000       0x10 c:/program files (x86)/atollic/truestudio for arm 5.4.0/armtools/bin/../lib/gcc/arm-atollic-eabi/4.8.3/../../../../arm-atollic-eabi/lib/armv7e-m/fpu\libc_s.a(lib_a-strlen.o)
 .ARM.attributes
                0x00000000       0x34 c:/program files (x86)/atollic/truestudio for arm 5.4.0/armtools/bin/../lib/gcc/arm-atollic-eabi/4.8.3/../../../../arm-atollic-eabi/lib/armv7e-m/fpu\libc_s.a(lib_a-strlen.o)
 .debug_frame   0x00000000       0x20 c:/program files (x86)/atollic/truestudio for arm 5.4.0/armtools/bin/../lib/gcc/arm-atollic-eabi/4.8.3/../../../../arm-atollic-eabi/lib/armv7e-m/fpu\libc_s.a(lib_a-strlen.o)
 .text          0x00000000        0x0 c:/program files (x86)/atollic/truestudio for arm 5.4.0/armtools/bin/../lib/gcc/arm-atollic-eabi/4.8.3/../../../../arm-atollic-eabi/lib/armv7e-m/fpu\libc_s.a(lib_a-impure.o)
 .data          0x00000000        0x0 c:/program files (x86)/atollic/truestudio for arm 5.4.0/armtools/bin/../lib/gcc/arm-atollic-eabi/4.8.3/../../../../arm-atollic-eabi/lib/armv7e-m/fpu\libc_s.a(lib_a-impure.o)
 .bss           0x00000000        0x0 c:/program files (x86)/atollic/truestudio for arm 5.4.0/armtools/bin/../lib/gcc/arm-atollic-eabi/4.8.3/../../../../arm-atollic-eabi/lib/armv7e-m/fpu\libc_s.a(lib_a-impure.o)
 .data.impure_data
                0x00000000       0x60 c:/program files (x86)/atollic/truestudio for arm 5.4.0/armtools/bin/../lib/gcc/arm-atollic-eabi/4.8.3/../../../../arm-atollic-eabi/lib/armv7e-m/fpu\libc_s.a(lib_a-impure.o)
 .data._impure_ptr
                0x00000000        0x4 c:/program files (x86)/atollic/truestudio for arm 5.4.0/armtools/bin/../lib/gcc/arm-atollic-eabi/4.8.3/../../../../arm-atollic-eabi/lib/armv7e-m/fpu\libc_s.a(lib_a-impure.o)
 .rodata.str1.1
                0x00000000        0x2 c:/program files (x86)/atollic/truestudio for arm 5.4.0/armtools/bin/../lib/gcc/arm-atollic-eabi/4.8.3/../../../../arm-atollic-eabi/lib/armv7e-m/fpu\libc_s.a(lib_a-impure.o)
 .rodata._global_impure_ptr
                0x00000000        0x4 c:/program files (x86)/atollic/truestudio for arm 5.4.0/armtools/bin/../lib/gcc/arm-atollic-eabi/4.8.3/../../../../arm-atollic-eabi/lib/armv7e-m/fpu\libc_s.a(lib_a-impure.o)
 .ARM.attributes
                0x00000000       0x34 c:/program files (x86)/atollic/truestudio for arm 5.4.0/armtools/bin/../lib/gcc/arm-atollic-eabi/4.8.3/../../../../arm-atollic-eabi/lib/armv7e-m/fpu\libc_s.a(lib_a-impure.o)
 .text          0x00000000        0x0 c:/program files (x86)/atollic/truestudio for arm 5.4.0/armtools/bin/../lib/gcc/arm-atollic-eabi/4.8.3/../../../../arm-atollic-eabi/lib/armv7e-m/fpu\libc_s.a(lib_a-nano-freer.o)
 .data          0x00000000        0x0 c:/program files (x86)/atollic/truestudio for arm 5.4.0/armtools/bin/../lib/gcc/arm-atollic-eabi/4.8.3/../../../../arm-atollic-eabi/lib/armv7e-m/fpu\libc_s.a(lib_a-nano-freer.o)
 .bss           0x00000000        0x0 c:/program files (x86)/atollic/truestudio for arm 5.4.0/armtools/bin/../lib/gcc/arm-atollic-eabi/4.8.3/../../../../arm-atollic-eabi/lib/armv7e-m/fpu\libc_s.a(lib_a-nano-freer.o)
 .text._free_r  0x00000000       0x88 c:/program files (x86)/atollic/truestudio for arm 5.4.0/armtools/bin/../lib/gcc/arm-atollic-eabi/4.8.3/../../../../arm-atollic-eabi/lib/armv7e-m/fpu\libc_s.a(lib_a-nano-freer.o)
 .ARM.attributes
                0x00000000       0x34 c:/program files (x86)/atollic/truestudio for arm 5.4.0/armtools/bin/../lib/gcc/arm-atollic-eabi/4.8.3/../../../../arm-atollic-eabi/lib/armv7e-m/fpu\libc_s.a(lib_a-nano-freer.o)
 .debug_frame   0x00000000       0x2c c:/program files (x86)/atollic/truestudio for arm 5.4.0/armtools/bin/../lib/gcc/arm-atollic-eabi/4.8.3/../../../../arm-atollic-eabi/lib/armv7e-m/fpu\libc_s.a(lib_a-nano-freer.o)
 .text          0x00000000        0x0 c:/program files (x86)/atollic/truestudio for arm 5.4.0/armtools/bin/../lib/gcc/arm-atollic-eabi/4.8.3/../../../../arm-atollic-eabi/lib/armv7e-m/fpu\libc_s.a(lib_a-nano-mallocr.o)
 .data          0x00000000        0x0 c:/program files (x86)/atollic/truestudio for arm 5.4.0/armtools/bin/../lib/gcc/arm-atollic-eabi/4.8.3/../../../../arm-atollic-eabi/lib/armv7e-m/fpu\libc_s.a(lib_a-nano-mallocr.o)
 .bss           0x00000000        0x0 c:/program files (x86)/atollic/truestudio for arm 5.4.0/armtools/bin/../lib/gcc/arm-atollic-eabi/4.8.3/../../../../arm-atollic-eabi/lib/armv7e-m/fpu\libc_s.a(lib_a-nano-mallocr.o)
 .text._malloc_r
                0x00000000       0xa8 c:/program files (x86)/atollic/truestudio for arm 5.4.0/armtools/bin/../lib/gcc/arm-atollic-eabi/4.8.3/../../../../arm-atollic-eabi/lib/armv7e-m/fpu\libc_s.a(lib_a-nano-mallocr.o)
 .bss.__malloc_sbrk_start
                0x00000000        0x4 c:/program files (x86)/atollic/truestudio for arm 5.4.0/armtools/bin/../lib/gcc/arm-atollic-eabi/4.8.3/../../../../arm-atollic-eabi/lib/armv7e-m/fpu\libc_s.a(lib_a-nano-mallocr.o)
 .bss.__malloc_free_list
                0x00000000        0x4 c:/program files (x86)/atollic/truestudio for arm 5.4.0/armtools/bin/../lib/gcc/arm-atollic-eabi/4.8.3/../../../../arm-atollic-eabi/lib/armv7e-m/fpu\libc_s.a(lib_a-nano-mallocr.o)
 .ARM.attributes
                0x00000000       0x34 c:/program files (x86)/atollic/truestudio for arm 5.4.0/armtools/bin/../lib/gcc/arm-atollic-eabi/4.8.3/../../../../arm-atollic-eabi/lib/armv7e-m/fpu\libc_s.a(lib_a-nano-mallocr.o)
 .debug_frame   0x00000000       0x2c c:/program files (x86)/atollic/truestudio for arm 5.4.0/armtools/bin/../lib/gcc/arm-atollic-eabi/4.8.3/../../../../arm-atollic-eabi/lib/armv7e-m/fpu\libc_s.a(lib_a-nano-mallocr.o)
 .text          0x00000000        0x0 c:/program files (x86)/atollic/truestudio for arm 5.4.0/armtools/bin/../lib/gcc/arm-atollic-eabi/4.8.3/../../../../arm-atollic-eabi/lib/armv7e-m/fpu\libc_s.a(lib_a-sbrkr.o)
 .data          0x00000000        0x0 c:/program files (x86)/atollic/truestudio for arm 5.4.0/armtools/bin/../lib/gcc/arm-atollic-eabi/4.8.3/../../../../arm-atollic-eabi/lib/armv7e-m/fpu\libc_s.a(lib_a-sbrkr.o)
 .bss           0x00000000        0x0 c:/program files (x86)/atollic/truestudio for arm 5.4.0/armtools/bin/../lib/gcc/arm-atollic-eabi/4.8.3/../../../../arm-atollic-eabi/lib/armv7e-m/fpu\libc_s.a(lib_a-sbrkr.o)
 .text._sbrk_r  0x00000000       0x20 c:/program files (x86)/atollic/truestudio for arm 5.4.0/armtools/bin/../lib/gcc/arm-atollic-eabi/4.8.3/../../../../arm-atollic-eabi/lib/armv7e-m/fpu\libc_s.a(lib_a-sbrkr.o)
 .ARM.attributes
                0x00000000       0x34 c:/program files (x86)/atollic/truestudio for arm 5.4.0/armtools/bin/../lib/gcc/arm-atollic-eabi/4.8.3/../../../../arm-atollic-eabi/lib/armv7e-m/fpu\libc_s.a(lib_a-sbrkr.o)
 .debug_frame   0x00000000       0x2c c:/program files (x86)/atollic/truestudio for arm 5.4.0/armtools/bin/../lib/gcc/arm-atollic-eabi/4.8.3/../../../../arm-atollic-eabi/lib/armv7e-m/fpu\libc_s.a(lib_a-sbrkr.o)
 .text          0x00000000        0x0 c:/program files (x86)/atollic/truestudio for arm 5.4.0/armtools/bin/../lib/gcc/arm-atollic-eabi/4.8.3/armv7e-m/fpu/crtend.o
 .data          0x00000000        0x0 c:/program files (x86)/atollic/truestudio for arm 5.4.0/armtools/bin/../lib/gcc/arm-atollic-eabi/4.8.3/armv7e-m/fpu/crtend.o
 .bss           0x00000000        0x0 c:/program files (x86)/atollic/truestudio for arm 5.4.0/armtools/bin/../lib/gcc/arm-atollic-eabi/4.8.3/armv7e-m/fpu/crtend.o
 .eh_frame      0x00000000        0x4 c:/program files (x86)/atollic/truestudio for arm 5.4.0/armtools/bin/../lib/gcc/arm-atollic-eabi/4.8.3/armv7e-m/fpu/crtend.o
 .ARM.attributes
                0x00000000       0x34 c:/program files (x86)/atollic/truestudio for arm 5.4.0/armtools/bin/../lib/gcc/arm-atollic-eabi/4.8.3/armv7e-m/fpu/crtend.o
 .text          0x00000000        0x0 c:/program files (x86)/atollic/truestudio for arm 5.4.0/armtools/bin/../lib/gcc/arm-atollic-eabi/4.8.3/armv7e-m/fpu/crtn.o
 .data          0x00000000        0x0 c:/program files (x86)/atollic/truestudio for arm 5.4.0/armtools/bin/../lib/gcc/arm-atollic-eabi/4.8.3/armv7e-m/fpu/crtn.o
 .bss           0x00000000        0x0 c:/program files (x86)/atollic/truestudio for arm 5.4.0/armtools/bin/../lib/gcc/arm-atollic-eabi/4.8.3/armv7e-m/fpu/crtn.o

Memory Configuration

Name             Origin             Length             Attributes
FLASH            0x08000000         0x00080000         xr
RAM              0x20000000         0x00020000         xrw
MEMORY_B1        0x60000000         0x00000000         xr
CCMRAM           0x10000000         0x00010000         rw
*default*        0x00000000         0xffffffff

Linker script and memory map

LOAD c:/program files (x86)/atollic/truestudio for arm 5.4.0/armtools/bin/../lib/gcc/arm-atollic-eabi/4.8.3/armv7e-m/fpu/crti.o
LOAD c:/program files (x86)/atollic/truestudio for arm 5.4.0/armtools/bin/../lib/gcc/arm-atollic-eabi/4.8.3/armv7e-m/fpu/crtbegin.o
LOAD src\tiny_printf.o
LOAD src\system_stm32f4xx.o
LOAD src\syscalls.o
LOAD src\stm32f4xx_gpio.o
LOAD src\stm32f4xx_adc.o
LOAD src\startup_stm32f411xe.o
LOAD src\main.o
START GROUP
LOAD c:/program files (x86)/atollic/truestudio for arm 5.4.0/armtools/bin/../lib/gcc/arm-atollic-eabi/4.8.3/../../../../arm-atollic-eabi/lib/armv7e-m/fpu\libc_s.a
LOAD c:/program files (x86)/atollic/truestudio for arm 5.4.0/armtools/bin/../lib/gcc/arm-atollic-eabi/4.8.3/../../../../arm-atollic-eabi/lib/armv7e-m/fpu\libm.a
END GROUP
                0x00001000                malloc_getpagesize_P = 0x1000
START GROUP
LOAD c:/program files (x86)/atollic/truestudio for arm 5.4.0/armtools/bin/../lib/gcc/arm-atollic-eabi/4.8.3/armv7e-m/fpu\libgcc.a
LOAD c:/program files (x86)/atollic/truestudio for arm 5.4.0/armtools/bin/../lib/gcc/arm-atollic-eabi/4.8.3/../../../../arm-atollic-eabi/lib/armv7e-m/fpu\libc.a
END GROUP
LOAD c:/program files (x86)/atollic/truestudio for arm 5.4.0/armtools/bin/../lib/gcc/arm-atollic-eabi/4.8.3/armv7e-m/fpu/crtend.o
LOAD c:/program files (x86)/atollic/truestudio for arm 5.4.0/armtools/bin/../lib/gcc/arm-atollic-eabi/4.8.3/armv7e-m/fpu/crtn.o
                0x20020000                _estack = 0x20020000
                0x00000000                _Min_Heap_Size = 0x0
                0x00000400                _Min_Stack_Size = 0x400

.isr_vector     0x08000000      0x198
                0x08000000                . = ALIGN (0x4)
 *(.isr_vector)
 .isr_vector    0x08000000      0x198 src\startup_stm32f411xe.o
                0x08000000                g_pfnVectors
                0x08000198                . = ALIGN (0x4)

.text           0x08000198      0x640
                0x08000198                . = ALIGN (0x4)
 *(.text)
 .text          0x08000198       0x40 c:/program files (x86)/atollic/truestudio for arm 5.4.0/armtools/bin/../lib/gcc/arm-atollic-eabi/4.8.3/armv7e-m/fpu/crtbegin.o
 *(.text*)
 .text.SystemInit
                0x080001d8       0x6c src\system_stm32f4xx.o
                0x080001d8                SystemInit
 .text.GPIO_Init
                0x08000244      0x11c src\stm32f4xx_gpio.o
                0x08000244                GPIO_Init
 .text.ADC_Init
                0x08000360       0xa8 src\stm32f4xx_adc.o
                0x08000360                ADC_Init
 .text.ADC_Cmd  0x08000408       0x38 src\stm32f4xx_adc.o
                0x08000408                ADC_Cmd
 .text.ADC_RegularChannelConfig
                0x08000440      0x188 src\stm32f4xx_adc.o
                0x08000440                ADC_RegularChannelConfig
 .text.ADC_SoftwareStartConv
                0x080005c8       0x20 src\stm32f4xx_adc.o
                0x080005c8                ADC_SoftwareStartConv
 .text.ADC_GetFlagStatus
                0x080005e8       0x34 src\stm32f4xx_adc.o
                0x080005e8                ADC_GetFlagStatus
 .text.ADC_GetConversionValue
                0x0800061c       0x1c src\stm32f4xx_adc.o
                0x0800061c                ADC_GetConversionValue
 .text.Reset_Handler
                0x08000638       0x58 src\startup_stm32f411xe.o
                0x08000638                Reset_Handler
 .text.Default_Handler
                0x08000690        0x4 src\startup_stm32f411xe.o
                0x08000690                RTC_Alarm_IRQHandler
                0x08000690                EXTI2_IRQHandler
                0x08000690                DebugMon_Handler
                0x08000690                SPI4_IRQHandler
                0x08000690                TIM1_CC_IRQHandler
                0x08000690                DMA2_Stream5_IRQHandler
                0x08000690                HardFault_Handler
                0x08000690                DMA1_Stream5_IRQHandler
                0x08000690                SysTick_Handler
                0x08000690                PVD_IRQHandler
                0x08000690                SDIO_IRQHandler
                0x08000690                TAMP_STAMP_IRQHandler
                0x08000690                PendSV_Handler
                0x08000690                NMI_Handler
                0x08000690                EXTI3_IRQHandler
                0x08000690                TIM1_UP_TIM10_IRQHandler
                0x08000690                I2C3_ER_IRQHandler
                0x08000690                EXTI0_IRQHandler
                0x08000690                I2C2_EV_IRQHandler
                0x08000690                DMA1_Stream2_IRQHandler
                0x08000690                FPU_IRQHandler
                0x08000690                UsageFault_Handler
                0x08000690                DMA2_Stream2_IRQHandler
                0x08000690                SPI1_IRQHandler
                0x08000690                TIM1_BRK_TIM9_IRQHandler
                0x08000690                DMA2_Stream3_IRQHandler
                0x08000690                USART6_IRQHandler
                0x08000690                DMA2_Stream0_IRQHandler
                0x08000690                TIM4_IRQHandler
                0x08000690                I2C1_EV_IRQHandler
                0x08000690                DMA1_Stream6_IRQHandler
                0x08000690                DMA1_Stream1_IRQHandler
                0x08000690                TIM3_IRQHandler
                0x08000690                RCC_IRQHandler
                0x08000690                Default_Handler
                0x08000690                EXTI15_10_IRQHandler
                0x08000690                ADC_IRQHandler
                0x08000690                DMA1_Stream7_IRQHandler
                0x08000690                SPI5_IRQHandler
                0x08000690                TIM5_IRQHandler
                0x08000690                DMA2_Stream7_IRQHandler
                0x08000690                I2C3_EV_IRQHandler
                0x08000690                EXTI9_5_IRQHandler
                0x08000690                RTC_WKUP_IRQHandler
                0x08000690                SPI2_IRQHandler
                0x08000690                MemManage_Handler
                0x08000690                DMA1_Stream0_IRQHandler
                0x08000690                SVC_Handler
                0x08000690                EXTI4_IRQHandler
                0x08000690                WWDG_IRQHandler
                0x08000690                TIM2_IRQHandler
                0x08000690                OTG_FS_WKUP_IRQHandler
                0x08000690                TIM1_TRG_COM_TIM11_IRQHandler
                0x08000690                EXTI1_IRQHandler
                0x08000690                USART2_IRQHandler
                0x08000690                I2C2_ER_IRQHandler
                0x08000690                DMA2_Stream1_IRQHandler
                0x08000690                FLASH_IRQHandler
                0x08000690                DMA2_Stream4_IRQHandler
                0x08000690                BusFault_Handler
                0x08000690                USART1_IRQHandler
                0x08000690                OTG_FS_IRQHandler
                0x08000690                SPI3_IRQHandler
                0x08000690                DMA1_Stream4_IRQHandler
                0x08000690                I2C1_ER_IRQHandler
                0x08000690                DMA2_Stream6_IRQHandler
                0x08000690                DMA1_Stream3_IRQHandler
 .text.adc_configure
                0x08000694       0x9c src\main.o
                0x08000694                adc_configure
 .text.adc_convert
                0x08000730       0x2c src\main.o
                0x08000730                adc_convert
 .text.main     0x0800075c       0x18 src\main.o
                0x0800075c                main
 .text.__libc_init_array
                0x08000774       0x4c c:/program files (x86)/atollic/truestudio for arm 5.4.0/armtools/bin/../lib/gcc/arm-atollic-eabi/4.8.3/../../../../arm-atollic-eabi/lib/armv7e-m/fpu\libc_s.a(lib_a-init.o)
                0x08000774                __libc_init_array
 *(.glue_7)
 .glue_7        0x00000000        0x0 linker stubs
 *(.glue_7t)
 .glue_7t       0x00000000        0x0 linker stubs
 *(.eh_frame)
 .eh_frame      0x080007c0        0x0 c:/program files (x86)/atollic/truestudio for arm 5.4.0/armtools/bin/../lib/gcc/arm-atollic-eabi/4.8.3/armv7e-m/fpu/crtbegin.o
 *(.init)
 .init          0x080007c0        0x4 c:/program files (x86)/atollic/truestudio for arm 5.4.0/armtools/bin/../lib/gcc/arm-atollic-eabi/4.8.3/armv7e-m/fpu/crti.o
                0x080007c0                _init
 .init          0x080007c4        0x8 c:/program files (x86)/atollic/truestudio for arm 5.4.0/armtools/bin/../lib/gcc/arm-atollic-eabi/4.8.3/armv7e-m/fpu/crtn.o
 *(.fini)
 .fini          0x080007cc        0x4 c:/program files (x86)/atollic/truestudio for arm 5.4.0/armtools/bin/../lib/gcc/arm-atollic-eabi/4.8.3/armv7e-m/fpu/crti.o
                0x080007cc                _fini
 .fini          0x080007d0        0x8 c:/program files (x86)/atollic/truestudio for arm 5.4.0/armtools/bin/../lib/gcc/arm-atollic-eabi/4.8.3/armv7e-m/fpu/crtn.o
                0x080007d8                . = ALIGN (0x4)
                0x080007d8                _etext = .

.vfp11_veneer   0x080007d8        0x0
 .vfp11_veneer  0x00000000        0x0 linker stubs

.v4_bx          0x080007d8        0x0
 .v4_bx         0x00000000        0x0 linker stubs

.iplt           0x080007d8        0x0
 .iplt          0x00000000        0x0 c:/program files (x86)/atollic/truestudio for arm 5.4.0/armtools/bin/../lib/gcc/arm-atollic-eabi/4.8.3/armv7e-m/fpu/crtbegin.o

.rel.dyn        0x080007d8        0x0
 .rel.iplt      0x00000000        0x0 c:/program files (x86)/atollic/truestudio for arm 5.4.0/armtools/bin/../lib/gcc/arm-atollic-eabi/4.8.3/armv7e-m/fpu/crtbegin.o

.rodata         0x080007d8        0x0
                0x080007d8                . = ALIGN (0x4)
 *(.rodata)
 *(.rodata*)
                0x080007d8                . = ALIGN (0x4)

.ARM.extab
 *(.ARM.extab* .gnu.linkonce.armextab.*)

.ARM            0x080007d8        0x0
                0x080007d8                __exidx_start = .
 *(.ARM.exidx*)
                0x080007d8                __exidx_end = .

.preinit_array  0x080007d8        0x0
                0x080007d8                PROVIDE (__preinit_array_start, .)
 *(.preinit_array*)
                0x080007d8                PROVIDE (__preinit_array_end, .)

.init_array     0x080007d8        0x4
                0x080007d8                PROVIDE (__init_array_start, .)
 *(SORT(.init_array.*))
 *(.init_array*)
 .init_array    0x080007d8        0x4 c:/program files (x86)/atollic/truestudio for arm 5.4.0/armtools/bin/../lib/gcc/arm-atollic-eabi/4.8.3/armv7e-m/fpu/crtbegin.o
                0x080007dc                PROVIDE (__init_array_end, .)

.fini_array     0x080007dc        0x4
                0x080007dc                PROVIDE (__fini_array_start, .)
 *(SORT(.fini_array.*))
 *(.fini_array*)
 .fini_array    0x080007dc        0x4 c:/program files (x86)/atollic/truestudio for arm 5.4.0/armtools/bin/../lib/gcc/arm-atollic-eabi/4.8.3/armv7e-m/fpu/crtbegin.o
                0x080007e0                PROVIDE (__fini_array_end, .)
                0x080007e0                _sidata = LOADADDR (.data)

.data           0x20000000        0x0 load address 0x080007e0
                0x20000000                . = ALIGN (0x4)
                0x20000000                _sdata = .
 *(.data)
 *(.data*)
                0x20000000                . = ALIGN (0x4)
                0x20000000                _edata = .
                0x080007e0                _siccmram = LOADADDR (.ccmram)

.igot.plt       0x20000000        0x0 load address 0x080007e0
 .igot.plt      0x00000000        0x0 c:/program files (x86)/atollic/truestudio for arm 5.4.0/armtools/bin/../lib/gcc/arm-atollic-eabi/4.8.3/armv7e-m/fpu/crtbegin.o

.ccmram         0x10000000        0x0 load address 0x080007e0
                0x10000000                . = ALIGN (0x4)
                0x10000000                _sccmram = .
 *(.ccmram)
 *(.ccmram*)
                0x10000000                . = ALIGN (0x4)
                0x10000000                _eccmram = .
                0x10000000                . = ALIGN (0x4)

.bss            0x20000000       0x20
                0x20000000                _sbss = .
                0x20000000                __bss_start__ = _sbss
 *(.bss)
 .bss           0x20000000       0x1c c:/program files (x86)/atollic/truestudio for arm 5.4.0/armtools/bin/../lib/gcc/arm-atollic-eabi/4.8.3/armv7e-m/fpu/crtbegin.o
 *(.bss*)
 .bss.ConvertedValue
                0x2000001c        0x4 src\main.o
                0x2000001c                ConvertedValue
 *(COMMON)
                0x20000020                . = ALIGN (0x4)
                0x20000020                _ebss = .
                0x20000020                __bss_end__ = _ebss

._user_heap_stack
                0x20000020      0x400
                0x20000020                . = ALIGN (0x4)
                0x20000020                PROVIDE (end, .)
                0x20000020                PROVIDE (_end, .)
                0x20000020                . = (. + _Min_Heap_Size)
                0x20000420                . = (. + _Min_Stack_Size)
 *fill*         0x20000020      0x400 
                0x20000420                . = ALIGN (0x4)

.memory_b1_text
 *(.mb1text)
 *(.mb1text*)
 *(.mb1rodata)
 *(.mb1rodata*)

/DISCARD/
 libc.a(*)
 libm.a(*)
 libgcc.a(*)

.ARM.attributes
                0x00000000       0x30
 *(.ARM.attributes)
 .ARM.attributes
                0x00000000       0x22 c:/program files (x86)/atollic/truestudio for arm 5.4.0/armtools/bin/../lib/gcc/arm-atollic-eabi/4.8.3/armv7e-m/fpu/crti.o
 .ARM.attributes
                0x00000022       0x34 c:/program files (x86)/atollic/truestudio for arm 5.4.0/armtools/bin/../lib/gcc/arm-atollic-eabi/4.8.3/armv7e-m/fpu/crtbegin.o
 .ARM.attributes
                0x00000056       0x39 src\system_stm32f4xx.o
 .ARM.attributes
                0x0000008f       0x39 src\stm32f4xx_gpio.o
 .ARM.attributes
                0x000000c8       0x39 src\stm32f4xx_adc.o
 .ARM.attributes
                0x00000101       0x21 src\startup_stm32f411xe.o
 .ARM.attributes
                0x00000122       0x39 src\main.o
 .ARM.attributes
                0x0000015b       0x34 c:/program files (x86)/atollic/truestudio for arm 5.4.0/armtools/bin/../lib/gcc/arm-atollic-eabi/4.8.3/../../../../arm-atollic-eabi/lib/armv7e-m/fpu\libc_s.a(lib_a-init.o)
 .ARM.attributes
                0x0000018f       0x22 c:/program files (x86)/atollic/truestudio for arm 5.4.0/armtools/bin/../lib/gcc/arm-atollic-eabi/4.8.3/armv7e-m/fpu/crtn.o
OUTPUT(ADC_Test.elf elf32-littlearm)

.debug_info     0x00000000     0x1464
 .debug_info    0x00000000      0x49e src\system_stm32f4xx.o
 .debug_info    0x0000049e      0x33d src\stm32f4xx_gpio.o
 .debug_info    0x000007db      0x5de src\stm32f4xx_adc.o
 .debug_info    0x00000db9       0x98 src\startup_stm32f411xe.o
 .debug_info    0x00000e51      0x613 src\main.o

.debug_abbrev   0x00000000      0x534
 .debug_abbrev  0x00000000      0x101 src\system_stm32f4xx.o
 .debug_abbrev  0x00000101      0x14b src\stm32f4xx_gpio.o
 .debug_abbrev  0x0000024c      0x192 src\stm32f4xx_adc.o
 .debug_abbrev  0x000003de       0x12 src\startup_stm32f411xe.o
 .debug_abbrev  0x000003f0      0x144 src\main.o

.debug_aranges  0x00000000      0x128
 .debug_aranges
                0x00000000       0x28 src\system_stm32f4xx.o
 .debug_aranges
                0x00000028       0x30 src\stm32f4xx_gpio.o
 .debug_aranges
                0x00000058       0x78 src\stm32f4xx_adc.o
 .debug_aranges
                0x000000d0       0x28 src\startup_stm32f411xe.o
 .debug_aranges
                0x000000f8       0x30 src\main.o

.debug_ranges   0x00000000       0xe0
 .debug_ranges  0x00000000       0x18 src\system_stm32f4xx.o
 .debug_ranges  0x00000018       0x20 src\stm32f4xx_gpio.o
 .debug_ranges  0x00000038       0x68 src\stm32f4xx_adc.o
 .debug_ranges  0x000000a0       0x20 src\startup_stm32f411xe.o
 .debug_ranges  0x000000c0       0x20 src\main.o

.debug_line     0x00000000      0x9eb
 .debug_line    0x00000000      0x1ba src\system_stm32f4xx.o
 .debug_line    0x000001ba      0x227 src\stm32f4xx_gpio.o
 .debug_line    0x000003e1      0x391 src\stm32f4xx_adc.o
 .debug_line    0x00000772       0x7b src\startup_stm32f411xe.o
 .debug_line    0x000007ed      0x1fe src\main.o

.debug_str      0x00000000      0x8b3
 .debug_str     0x00000000      0x355 src\system_stm32f4xx.o
                                0x3a7 (size before relaxing)
 .debug_str     0x00000355      0x20f src\stm32f4xx_gpio.o
                                0x3e9 (size before relaxing)
 .debug_str     0x00000564      0x2ee src\stm32f4xx_adc.o
                                0x50c (size before relaxing)
 .debug_str     0x00000852       0x61 src\main.o
                                0x5e4 (size before relaxing)

.comment        0x00000000       0x82
 .comment       0x00000000       0x82 src\system_stm32f4xx.o
                                 0x83 (size before relaxing)
 .comment       0x00000000       0x83 src\stm32f4xx_gpio.o
 .comment       0x00000000       0x83 src\stm32f4xx_adc.o
 .comment       0x00000000       0x83 src\main.o

.debug_frame    0x00000000      0x2ac
 .debug_frame   0x00000000       0x44 src\system_stm32f4xx.o
 .debug_frame   0x00000044       0x68 src\stm32f4xx_gpio.o
 .debug_frame   0x000000ac      0x16c src\stm32f4xx_adc.o
 .debug_frame   0x00000218       0x68 src\main.o
 .debug_frame   0x00000280       0x2c c:/program files (x86)/atollic/truestudio for arm 5.4.0/armtools/bin/../lib/gcc/arm-atollic-eabi/4.8.3/../../../../arm-atollic-eabi/lib/armv7e-m/fpu\libc_s.a(lib_a-init.o)

Cross Reference Table

Symbol                                            File
ADC_AnalogWatchdogCmd                             src\stm32f4xx_adc.o
ADC_Cmd                                           src\stm32f4xx_adc.o
                                                  src\main.o
ADC_CommonInit                                    src\stm32f4xx_adc.o
ADC_CommonStructInit                              src\stm32f4xx_adc.o
ADC_DeInit                                        src\stm32f4xx_adc.o
ADC_GetConversionValue                            src\stm32f4xx_adc.o
                                                  src\main.o
ADC_GetFlagStatus                                 src\stm32f4xx_adc.o
                                                  src\main.o
ADC_GetSoftwareStartConvStatus                    src\stm32f4xx_adc.o
ADC_IRQHandler                                    src\startup_stm32f411xe.o
ADC_Init                                          src\stm32f4xx_adc.o
                                                  src\main.o
ADC_RegularChannelConfig                          src\stm32f4xx_adc.o
                                                  src\main.o
ADC_SoftwareStartConv                             src\stm32f4xx_adc.o
                                                  src\main.o
ADC_StructInit                                    src\stm32f4xx_adc.o
AHBPrescTable                                     src\system_stm32f4xx.o
BusFault_Handler                                  src\startup_stm32f411xe.o
ConvertedValue                                    src\main.o
DMA1_Stream0_IRQHandler                           src\startup_stm32f411xe.o
DMA1_Stream1_IRQHandler                           src\startup_stm32f411xe.o
DMA1_Stream2_IRQHandler                           src\startup_stm32f411xe.o
DMA1_Stream3_IRQHandler                           src\startup_stm32f411xe.o
DMA1_Stream4_IRQHandler                           src\startup_stm32f411xe.o
DMA1_Stream5_IRQHandler                           src\startup_stm32f411xe.o
DMA1_Stream6_IRQHandler                           src\startup_stm32f411xe.o
DMA1_Stream7_IRQHandler                           src\startup_stm32f411xe.o
DMA2_Stream0_IRQHandler                           src\startup_stm32f411xe.o
DMA2_Stream1_IRQHandler                           src\startup_stm32f411xe.o
DMA2_Stream2_IRQHandler                           src\startup_stm32f411xe.o
DMA2_Stream3_IRQHandler                           src\startup_stm32f411xe.o
DMA2_Stream4_IRQHandler                           src\startup_stm32f411xe.o
DMA2_Stream5_IRQHandler                           src\startup_stm32f411xe.o
DMA2_Stream6_IRQHandler                           src\startup_stm32f411xe.o
DMA2_Stream7_IRQHandler                           src\startup_stm32f411xe.o
DebugMon_Handler                                  src\startup_stm32f411xe.o
Default_Handler                                   src\startup_stm32f411xe.o
EXTI0_IRQHandler                                  src\startup_stm32f411xe.o
EXTI15_10_IRQHandler                              src\startup_stm32f411xe.o
EXTI1_IRQHandler                                  src\startup_stm32f411xe.o
EXTI2_IRQHandler                                  src\startup_stm32f411xe.o
EXTI3_IRQHandler                                  src\startup_stm32f411xe.o
EXTI4_IRQHandler                                  src\startup_stm32f411xe.o
EXTI9_5_IRQHandler                                src\startup_stm32f411xe.o
FLASH_IRQHandler                                  src\startup_stm32f411xe.o
FPU_IRQHandler                                    src\startup_stm32f411xe.o
GPIO_DeInit                                       src\stm32f4xx_gpio.o
GPIO_Init                                         src\stm32f4xx_gpio.o
                                                  src\main.o
GPIO_StructInit                                   src\stm32f4xx_gpio.o
HardFault_Handler                                 src\startup_stm32f411xe.o
I2C1_ER_IRQHandler                                src\startup_stm32f411xe.o
I2C1_EV_IRQHandler                                src\startup_stm32f411xe.o
I2C2_ER_IRQHandler                                src\startup_stm32f411xe.o
I2C2_EV_IRQHandler                                src\startup_stm32f411xe.o
I2C3_ER_IRQHandler                                src\startup_stm32f411xe.o
I2C3_EV_IRQHandler                                src\startup_stm32f411xe.o
MemManage_Handler                                 src\startup_stm32f411xe.o
NMI_Handler                                       src\startup_stm32f411xe.o
OTG_FS_IRQHandler                                 src\startup_stm32f411xe.o
OTG_FS_WKUP_IRQHandler                            src\startup_stm32f411xe.o
PVD_IRQHandler                                    src\startup_stm32f411xe.o
PendSV_Handler                                    src\startup_stm32f411xe.o
RCC_AHB1PeriphResetCmd                            src\stm32f4xx_gpio.o
RCC_APB2PeriphResetCmd                            src\stm32f4xx_adc.o
RCC_IRQHandler                                    src\startup_stm32f411xe.o
RTC_Alarm_IRQHandler                              src\startup_stm32f411xe.o
RTC_WKUP_IRQHandler                               src\startup_stm32f411xe.o
Reset_Handler                                     src\startup_stm32f411xe.o
SDIO_IRQHandler                                   src\startup_stm32f411xe.o
SPI1_IRQHandler                                   src\startup_stm32f411xe.o
SPI2_IRQHandler                                   src\startup_stm32f411xe.o
SPI3_IRQHandler                                   src\startup_stm32f411xe.o
SPI4_IRQHandler                                   src\startup_stm32f411xe.o
SPI5_IRQHandler                                   src\startup_stm32f411xe.o
SVC_Handler                                       src\startup_stm32f411xe.o
SysTick_Handler                                   src\startup_stm32f411xe.o
SystemCoreClock                                   src\system_stm32f4xx.o
SystemCoreClockUpdate                             src\system_stm32f4xx.o
SystemInit                                        src\system_stm32f4xx.o
                                                  src\startup_stm32f411xe.o
TAMP_STAMP_IRQHandler                             src\startup_stm32f411xe.o
TIM1_BRK_TIM9_IRQHandler                          src\startup_stm32f411xe.o
TIM1_CC_IRQHandler                                src\startup_stm32f411xe.o
TIM1_TRG_COM_TIM11_IRQHandler                     src\startup_stm32f411xe.o
TIM1_UP_TIM10_IRQHandler                          src\startup_stm32f411xe.o
TIM2_IRQHandler                                   src\startup_stm32f411xe.o
TIM3_IRQHandler                                   src\startup_stm32f411xe.o
TIM4_IRQHandler                                   src\startup_stm32f411xe.o
TIM5_IRQHandler                                   src\startup_stm32f411xe.o
USART1_IRQHandler                                 src\startup_stm32f411xe.o
USART2_IRQHandler                                 src\startup_stm32f411xe.o
USART6_IRQHandler                                 src\startup_stm32f411xe.o
UsageFault_Handler                                src\startup_stm32f411xe.o
WWDG_IRQHandler                                   src\startup_stm32f411xe.o
__deregister_frame_info                           c:/program files (x86)/atollic/truestudio for arm 5.4.0/armtools/bin/../lib/gcc/arm-atollic-eabi/4.8.3/armv7e-m/fpu/crtbegin.o
__dso_handle                                      c:/program files (x86)/atollic/truestudio for arm 5.4.0/armtools/bin/../lib/gcc/arm-atollic-eabi/4.8.3/armv7e-m/fpu/crtbegin.o
__env                                             src\syscalls.o
__init_array_end                                  c:/program files (x86)/atollic/truestudio for arm 5.4.0/armtools/bin/../lib/gcc/arm-atollic-eabi/4.8.3/../../../../arm-atollic-eabi/lib/armv7e-m/fpu\libc_s.a(lib_a-init.o)
__init_array_start                                c:/program files (x86)/atollic/truestudio for arm 5.4.0/armtools/bin/../lib/gcc/arm-atollic-eabi/4.8.3/../../../../arm-atollic-eabi/lib/armv7e-m/fpu\libc_s.a(lib_a-init.o)
__libc_init_array                                 c:/program files (x86)/atollic/truestudio for arm 5.4.0/armtools/bin/../lib/gcc/arm-atollic-eabi/4.8.3/../../../../arm-atollic-eabi/lib/armv7e-m/fpu\libc_s.a(lib_a-init.o)
                                                  src\startup_stm32f411xe.o
__malloc_free_list                                c:/program files (x86)/atollic/truestudio for arm 5.4.0/armtools/bin/../lib/gcc/arm-atollic-eabi/4.8.3/../../../../arm-atollic-eabi/lib/armv7e-m/fpu\libc_s.a(lib_a-nano-mallocr.o)
                                                  c:/program files (x86)/atollic/truestudio for arm 5.4.0/armtools/bin/../lib/gcc/arm-atollic-eabi/4.8.3/../../../../arm-atollic-eabi/lib/armv7e-m/fpu\libc_s.a(lib_a-nano-freer.o)
__malloc_sbrk_start                               c:/program files (x86)/atollic/truestudio for arm 5.4.0/armtools/bin/../lib/gcc/arm-atollic-eabi/4.8.3/../../../../arm-atollic-eabi/lib/armv7e-m/fpu\libc_s.a(lib_a-nano-mallocr.o)
__preinit_array_end                               c:/program files (x86)/atollic/truestudio for arm 5.4.0/armtools/bin/../lib/gcc/arm-atollic-eabi/4.8.3/../../../../arm-atollic-eabi/lib/armv7e-m/fpu\libc_s.a(lib_a-init.o)
__preinit_array_start                             c:/program files (x86)/atollic/truestudio for arm 5.4.0/armtools/bin/../lib/gcc/arm-atollic-eabi/4.8.3/../../../../arm-atollic-eabi/lib/armv7e-m/fpu\libc_s.a(lib_a-init.o)
__register_frame_info                             c:/program files (x86)/atollic/truestudio for arm 5.4.0/armtools/bin/../lib/gcc/arm-atollic-eabi/4.8.3/armv7e-m/fpu/crtbegin.o
__sf_fake_stderr                                  c:/program files (x86)/atollic/truestudio for arm 5.4.0/armtools/bin/../lib/gcc/arm-atollic-eabi/4.8.3/../../../../arm-atollic-eabi/lib/armv7e-m/fpu\libc_s.a(lib_a-impure.o)
__sf_fake_stdin                                   c:/program files (x86)/atollic/truestudio for arm 5.4.0/armtools/bin/../lib/gcc/arm-atollic-eabi/4.8.3/../../../../arm-atollic-eabi/lib/armv7e-m/fpu\libc_s.a(lib_a-impure.o)
__sf_fake_stdout                                  c:/program files (x86)/atollic/truestudio for arm 5.4.0/armtools/bin/../lib/gcc/arm-atollic-eabi/4.8.3/../../../../arm-atollic-eabi/lib/armv7e-m/fpu\libc_s.a(lib_a-impure.o)
_close                                            src\syscalls.o
_ebss                                             src\startup_stm32f411xe.o
_edata                                            src\startup_stm32f411xe.o
_estack                                           src\startup_stm32f411xe.o
_execve                                           src\syscalls.o
_exit                                             src\syscalls.o
_fini                                             c:/program files (x86)/atollic/truestudio for arm 5.4.0/armtools/bin/../lib/gcc/arm-atollic-eabi/4.8.3/armv7e-m/fpu/crti.o
_fork                                             src\syscalls.o
_free_r                                           c:/program files (x86)/atollic/truestudio for arm 5.4.0/armtools/bin/../lib/gcc/arm-atollic-eabi/4.8.3/../../../../arm-atollic-eabi/lib/armv7e-m/fpu\libc_s.a(lib_a-nano-freer.o)
                                                  c:/program files (x86)/atollic/truestudio for arm 5.4.0/armtools/bin/../lib/gcc/arm-atollic-eabi/4.8.3/../../../../arm-atollic-eabi/lib/armv7e-m/fpu\libc_s.a(lib_a-reent.o)
_fstat                                            src\syscalls.o
_getpid                                           src\syscalls.o
_global_impure_ptr                                c:/program files (x86)/atollic/truestudio for arm 5.4.0/armtools/bin/../lib/gcc/arm-atollic-eabi/4.8.3/../../../../arm-atollic-eabi/lib/armv7e-m/fpu\libc_s.a(lib_a-impure.o)
_impure_ptr                                       c:/program files (x86)/atollic/truestudio for arm 5.4.0/armtools/bin/../lib/gcc/arm-atollic-eabi/4.8.3/../../../../arm-atollic-eabi/lib/armv7e-m/fpu\libc_s.a(lib_a-impure.o)
                                                  c:/program files (x86)/atollic/truestudio for arm 5.4.0/armtools/bin/../lib/gcc/arm-atollic-eabi/4.8.3/../../../../arm-atollic-eabi/lib/armv7e-m/fpu\libc_s.a(lib_a-reent.o)
_init                                             c:/program files (x86)/atollic/truestudio for arm 5.4.0/armtools/bin/../lib/gcc/arm-atollic-eabi/4.8.3/armv7e-m/fpu/crti.o
                                                  c:/program files (x86)/atollic/truestudio for arm 5.4.0/armtools/bin/../lib/gcc/arm-atollic-eabi/4.8.3/../../../../arm-atollic-eabi/lib/armv7e-m/fpu\libc_s.a(lib_a-init.o)
_isatty                                           src\syscalls.o
_kill                                             src\syscalls.o
_link                                             src\syscalls.o
_lseek                                            src\syscalls.o
_malloc_r                                         c:/program files (x86)/atollic/truestudio for arm 5.4.0/armtools/bin/../lib/gcc/arm-atollic-eabi/4.8.3/../../../../arm-atollic-eabi/lib/armv7e-m/fpu\libc_s.a(lib_a-nano-mallocr.o)
_open                                             src\syscalls.o
_read                                             src\syscalls.o
_reclaim_reent                                    c:/program files (x86)/atollic/truestudio for arm 5.4.0/armtools/bin/../lib/gcc/arm-atollic-eabi/4.8.3/../../../../arm-atollic-eabi/lib/armv7e-m/fpu\libc_s.a(lib_a-reent.o)
_sbrk                                             src\syscalls.o
                                                  c:/program files (x86)/atollic/truestudio for arm 5.4.0/armtools/bin/../lib/gcc/arm-atollic-eabi/4.8.3/../../../../arm-atollic-eabi/lib/armv7e-m/fpu\libc_s.a(lib_a-sbrkr.o)
_sbrk_r                                           c:/program files (x86)/atollic/truestudio for arm 5.4.0/armtools/bin/../lib/gcc/arm-atollic-eabi/4.8.3/../../../../arm-atollic-eabi/lib/armv7e-m/fpu\libc_s.a(lib_a-sbrkr.o)
                                                  c:/program files (x86)/atollic/truestudio for arm 5.4.0/armtools/bin/../lib/gcc/arm-atollic-eabi/4.8.3/../../../../arm-atollic-eabi/lib/armv7e-m/fpu\libc_s.a(lib_a-nano-mallocr.o)
_sbss                                             src\startup_stm32f411xe.o
_sdata                                            src\startup_stm32f411xe.o
_sidata                                           src\startup_stm32f411xe.o
_stat                                             src\syscalls.o
_times                                            src\syscalls.o
_unlink                                           src\syscalls.o
_wait                                             src\syscalls.o
_write                                            src\syscalls.o
                                                  src\tiny_printf.o
adc_configure                                     src\main.o
adc_convert                                       src\main.o
assert_param                                      src\stm32f4xx_adc.o
                                                  src\stm32f4xx_gpio.o
cleanup_glue                                      c:/program files (x86)/atollic/truestudio for arm 5.4.0/armtools/bin/../lib/gcc/arm-atollic-eabi/4.8.3/../../../../arm-atollic-eabi/lib/armv7e-m/fpu\libc_s.a(lib_a-reent.o)
end                                               src\syscalls.o
environ                                           src\syscalls.o
errno                                             c:/program files (x86)/atollic/truestudio for arm 5.4.0/armtools/bin/../lib/gcc/arm-atollic-eabi/4.8.3/../../../../arm-atollic-eabi/lib/armv7e-m/fpu\libc_s.a(lib_a-sbrkr.o)
                                                  c:/program files (x86)/atollic/truestudio for arm 5.4.0/armtools/bin/../lib/gcc/arm-atollic-eabi/4.8.3/../../../../arm-atollic-eabi/lib/armv7e-m/fpu\libc_s.a(lib_a-reent.o)
                                                  src\syscalls.o
fiprintf                                          src\tiny_printf.o
fprintf                                           src\tiny_printf.o
fputs                                             src\tiny_printf.o
fwrite                                            src\tiny_printf.o
g_pfnVectors                                      src\startup_stm32f411xe.o
initialise_monitor_handles                        src\syscalls.o
iprintf                                           src\tiny_printf.o
main                                              src\main.o
                                                  src\startup_stm32f411xe.o
printf                                            src\tiny_printf.o
puts                                              src\tiny_printf.o
siprintf                                          src\tiny_printf.o
sprintf                                           src\tiny_printf.o
strlen                                            c:/program files (x86)/atollic/truestudio for arm 5.4.0/armtools/bin/../lib/gcc/arm-atollic-eabi/4.8.3/../../../../arm-atollic-eabi/lib/armv7e-m/fpu\libc_s.a(lib_a-strlen.o)
                                                  src\tiny_printf.o
ts_formatlength                                   src\tiny_printf.o
ts_formatstring                                   src\tiny_printf.o
ts_itoa                                           src\tiny_printf.o
